******************************************************************************
                  TI ARM Linker PC v16.9.1                     
******************************************************************************
>> Linked Sun Jun 04 19:40:32 2017

OUTPUT FILE NAME:   <13)Httpserver.out>
ENTRY POINT SYMBOL: "_c_int00"  address: 2000ef8d


MEMORY CONFIGURATION

         name            origin    length      used     unused   attr    fill
----------------------  --------  ---------  --------  --------  ----  --------
  SRAM_CODE             20004000   00013000  0000c0d2  00006f2e  RW X
  SRAM_DATA             20017000   00019000  0000347e  00015b82  RW X


SEGMENT ALLOCATION MAP

run origin  load origin   length   init length attrs members
----------  ----------- ---------- ----------- ----- -------
20004000    20004000    0000c0d8   0000c0d8    r-x
  20004000    20004000    00000400   00000400    r-- .intvecs
  20004400    20004400    0000b6e0   0000b6e0    r-x .text
  2000fae0    2000fae0    00000562   00000562    r-- .const
  20010048    20010048    00000090   00000090    r-- .cinit
20017000    20017000    00002480   00000000    rw-
  20017000    20017000    00002000   00000000    rw- .sysmem
  20019000    20019000    0000038a   00000000    rw- .bss
  2001938c    2001938c    000000f4   00000000    rw- .data
2002f000    2002f000    00001000   00000000    rw-
  2002f000    2002f000    00001000   00000000    rw- .stack


SECTION ALLOCATION MAP

 output                                  attributes/
section   page    origin      length       input sections
--------  ----  ----------  ----------   ----------------
.intvecs   0    20004000    00000400     
                  20004000    00000400     startup_ccs.obj (.intvecs)

.init_array 
*          0    20004000    00000000     UNINITIALIZED

.text      0    20004400    0000b6e0     
                  20004400    0000125c     free_rtos.a : tasks.obj (.text)
                  2000565c    00001122     rtsv7M4_T_le_eabi.lib : _printfi.obj (.text)
                  2000677e    00000002     driverlib.a : interrupt.obj (.text:IntDefaultHandler)
                  20006780    00000fa8     main.obj (.text)
                  20007728    00000b24     free_rtos.a : queue.obj (.text)
                  2000824c    000009ac     rtsv7M4_T_le_eabi.lib : e_pow.obj (.text)
                  20008bf8    00000590     simplelink.a : driver.obj (.text:_SlDrvMsgRead)
                  20009188    0000045c     free_rtos.a : osi_freertos.obj (.text)
                  200095e4    00000430     tmp006drv.obj (.text)
                  20009a14    000003d0     rtsv7M4_T_le_eabi.lib : memory.obj (.text)
                  20009de4    000003bc     gpio_if.obj (.text)
                  2000a1a0    00000290     uart_if.obj (.text)
                  2000a430    00000284     i2c_if.obj (.text)
                  2000a6b4    0000024c     simplelink.a : driver.obj (.text:_SlDrvRxHdrRead)
                  2000a900    000001f4     rtsv7M4_T_le_eabi.lib : ull_div_t2.obj (.text)
                  2000aaf4    000001e4     bma222drv.obj (.text)
                  2000acd8    000001d0     simplelink.a : driver.obj (.text:_SlDrvReleasePoolObj)
                  2000aea8    000001b6     rtsv7M4_T_le_eabi.lib : fd_add_t2.obj (.text)
                  2000b05e    00000002                           : mpu_init.obj (.text)
                  2000b060    000001b0     simplelink.a : netapp.obj (.text:sl_NetAppPingStart)
                  2000b210    0000019c                  : driver.obj (.text:_SlDrvMsgWrite)
                  2000b3ac    00000190                  : driver.obj (.text:_SlDrvDriverCBInit)
                  2000b53c    00000190                  : driver.obj (.text:_SlDrvWaitForPoolObj)
                  2000b6cc    00000178     driverlib.a : prcm.obj (.text:PRCMCC3200MCUInit)
                  2000b844    00000170     simplelink.a : driver.obj (.text:_SlFindAndSetActiveObj)
                  2000b9b4    00000170     rtsv7M4_T_le_eabi.lib : e_sqrt.obj (.text)
                  2000bb24    00000150     simplelink.a : cc_pal.obj (.text:spi_Open)
                  2000bc74    00000144                  : netapp.obj (.text:sl_NetAppDnsGetHostByName)
                  2000bdb8    0000013c                  : driver.obj (.text:_SlDrvMsgReadCmdCtx)
                  2000bef4    00000136     rtsv7M4_T_le_eabi.lib : fd_div_t2.obj (.text)
                  2000c02a    0000012a     free_rtos.a : list.obj (.text)
                  2000c154    00000124     simplelink.a : driver.obj (.text:_SlDrvDriverCBDeinit)
                  2000c278    00000110     free_rtos.a : port.obj (.text)
                  2000c388    00000104     simplelink.a : netapp.obj (.text:_SlDrvNetAppEventHandler)
                  2000c48c    000000fc     rtsv7M4_T_le_eabi.lib : fd_mul_t2.obj (.text)
                  2000c588    000000fa                           : fs_add_t2.obj (.text)
                  2000c682    00000002                           : startup.obj (.text)
                  2000c684    000000f0     simplelink.a : device.obj (.text:sl_Stop)
                  2000c774    000000f0     driverlib.a : udma.obj (.text:uDMAChannelTransferSet)
                  2000c864    000000ec     simplelink.a : device.obj (.text:sl_Start)
                  2000c950    000000e8                  : driver.obj (.text:_SlAsyncEventGenericHandler)
                  2000ca38    000000e8                  : driver.obj (.text:_SlDrvMsgReadSpawnCtx)
                  2000cb20    000000e8     smartconfig.obj (.text)
                  2000cc08    000000dc     simplelink.a : driver.obj (.text:_SlDrvClassifyRxMsg)
                  2000cce4    000000dc                  : cc_pal.obj (.text:spi_Read)
                  2000cdc0    000000d0     rtsv7M4_T_le_eabi.lib : s_scalbn.obj (.text)
                  2000ce90    000000cc     simplelink.a : netapp.obj (.text:_sl_HandleAsync_DnsGetHostByService)
                  2000cf5c    000000cc                  : wlan.obj (.text:sl_WlanGet)
                  2000d028    000000c4                  : driver.obj (.text:_SlRemoveFromList)
                  2000d0ec    000000c0                  : driver.obj (.text:_SlDrvCmdOp)
                  2000d1ac    000000c0                  : wlan.obj (.text:sl_WlanSmartConfigStart)
                  2000d26c    000000ba     free_rtos.a : portasm.obj (.text)
                  2000d326    00000002     --HOLE-- [fill = 0]
                  2000d328    000000b4     device_status.obj (.text)
                  2000d3dc    000000a8     driverlib.a : interrupt.obj (.text:IntDisable)
                  2000d484    000000a8                 : interrupt.obj (.text:IntEnable)
                  2000d52c    000000a0                 : spi.obj (.text:SPIConfigSetExpClk)
                  2000d5cc    000000a0     simplelink.a : driver.obj (.text:_SlDriverHandleError)
                  2000d66c    0000009c     rtsv7M4_T_le_eabi.lib : memcpy_t2.obj (.text)
                  2000d708    0000009a     simplelink.a : device.obj (.text:_SlDrvDeviceEventHandler)
                  2000d7a2    00000002     --HOLE-- [fill = 0]
                  2000d7a4    00000094     driverlib.a : prcm.obj (.text:PRCMPeripheralClockGet)
                  2000d838    00000092     rtsv7M4_T_le_eabi.lib : fs_div_t2.obj (.text)
                  2000d8ca    00000002     --HOLE-- [fill = 0]
                  2000d8cc    00000090     simplelink.a : netapp.obj (.text:_sl_HandleAsync_DnsGetHostByName)
                  2000d95c    00000090                  : netapp.obj (.text:_sl_HandleAsync_PingResponse)
                  2000d9ec    00000090                  : wlan.obj (.text:sl_WlanPolicySet)
                  2000da7c    0000008c                  : cc_pal.obj (.text:SetupDMAReceive)
                  2000db08    0000008c                  : cc_pal.obj (.text:SetupDMASend)
                  2000db94    0000008c                  : driver.obj (.text:_SlDrvIsTimeoutExpired)
                  2000dc20    0000008c                  : device.obj (.text:_sl_HandleAsync_InitComplete)
                  2000dcac    0000008c                  : cc_pal.obj (.text:spi_Write)
                  2000dd38    00000088     driverlib.a : pin.obj (.text:PinConfigSet)
                  2000ddc0    00000088     rtsv7M4_T_le_eabi.lib : vsnprintf.obj (.text)
                  2000de48    00000086                           : fd_cmp_t2.obj (.text:__aeabi_cdcmple)
                  2000dece    00000086                           : fd_cmp_t2.obj (.text:__aeabi_cdrcmple)
                  2000df54    00000084     driverlib.a : i2c.obj (.text:I2CMasterInitExpClk)
                  2000dfd8    00000082                 : gpio.obj (.text:GPIOIntTypeSet)
                  2000e05a    00000002     --HOLE-- [fill = 0]
                  2000e05c    00000080     simplelink.a : socket.obj (.text:_sl_HandleAsync_Connect)
                  2000e0dc    00000080                  : cc_pal.obj (.text:spi_Read_CPU)
                  2000e15c    00000080                  : cc_pal.obj (.text:spi_Write_CPU)
                  2000e1dc    0000007a     rtsv7M4_T_le_eabi.lib : fs_mul_t2.obj (.text)
                  2000e256    0000007a                           : memset_t2.obj (.text)
                  2000e2d0    00000078     simplelink.a : cc_pal.obj (.text:spi_Close)
                  2000e348    00000076     driverlib.a : uart.obj (.text:UARTConfigSetExpClk)
                  2000e3be    00000002     --HOLE-- [fill = 0]
                  2000e3c0    00000074     pinmux.obj (.text)
                  2000e434    00000070     rtsv7M4_T_le_eabi.lib : autoinit.obj (.text)
                  2000e4a4    0000006e                           : fd_tos_t2.obj (.text)
                  2000e512    00000002     --HOLE-- [fill = 0]
                  2000e514    0000006c     simplelink.a : driver.obj (.text:_SlDrvCmdSend)
                  2000e580    0000006c                  : netapp.obj (.text:_sl_NetAppSendTokenValue)
                  2000e5ec    00000068     rtsv7M4_T_le_eabi.lib : copy_decompress_lzss.obj (.text:decompress:lzss)
                  2000e654    00000064     simplelink.a : socket.obj (.text:_sl_HandleAsync_Accept)
                  2000e6b8    00000064     driverlib.a : udma.obj (.text:uDMAChannelAttributeDisable)
                  2000e71c    00000064                 : udma.obj (.text:uDMAChannelAttributeEnable)
                  2000e780    00000060     simplelink.a : wlan.obj (.text:sl_WlanProfileDel)
                  2000e7e0    00000060                  : wlan.obj (.text:sl_WlanSetMode)
                  2000e840    0000005c     rtsv7M4_T_le_eabi.lib : s_frexp.obj (.text)
                  2000e89c    00000058     driverlib.a : interrupt.obj (.text:IntPendClear)
                  2000e8f4    00000058                 : prcm.obj (.text:PRCMPeripheralReset)
                  2000e94c    00000058     simplelink.a : netapp.obj (.text:sl_NetAppStart)
                  2000e9a4    00000058                  : netapp.obj (.text:sl_NetAppStop)
                  2000e9fc    00000054     driverlib.a : interrupt.obj (.text:IntPrioritySet)
                  2000ea50    00000054     simplelink.a : socket.obj (.text:_sl_HandleAsync_Select)
                  2000eaa4    00000054     rtsv7M4_T_le_eabi.lib : exit.obj (.text)
                  2000eaf8    00000054                           : ltoa.obj (.text)
                  2000eb4c    00000050     simplelink.a : driver.obj (.text:_SlDrvRxIrqHandler)
                  2000eb9c    00000050                  : device.obj (.text:_sl_HandleAsync_Stop)
                  2000ebec    0000004c     driverlib.a : spi.obj (.text:SPIIntEnable)
                  2000ec38    0000004c     simplelink.a : driver.obj (.text:_SlDrvProtectAsyncRespSetting)
                  2000ec84    0000004c     rtsv7M4_T_le_eabi.lib : atoi.obj (.text)
                  2000ecd0    0000004c                           : cpy_tbl.obj (.text)
                  2000ed1c    0000004c     driverlib.a : udma.obj (.text:uDMAChannelAssign)
                  2000ed68    00000048                 : spi.obj (.text:SPIIntClear)
                  2000edb0    00000048     simplelink.a : driver.obj (.text:_SlDrvBasicCmd)
                  2000edf8    00000048     rtsv7M4_T_le_eabi.lib : fd_toi_t2.obj (.text)
                  2000ee40    00000044     driverlib.a : spi.obj (.text:SPIDmaMaskGet)
                  2000ee84    00000044                 : timer.obj (.text:TimerConfigure)
                  2000eec8    00000044     simplelink.a : cc_pal.obj (.text:cc_SetupTransfer)
                  2000ef0c    00000040     driverlib.a : pin.obj (.text:PinModeSet)
                  2000ef4c    00000040     simplelink.a : driver.obj (.text:_SlDrvSyncObjWaitTimeout)
                  2000ef8c    00000040     rtsv7M4_T_le_eabi.lib : boot.obj (.text)
                  2000efcc    0000003c     simplelink.a : netapp.obj (.text:CopyPingResultsToReport)
                  2000f008    0000003c     driverlib.a : prcm.obj (.text:PRCMPeripheralClkEnable)
                  2000f044    0000003c     simplelink.a : cc_pal.obj (.text:simplelink_timerA2_start)
                  2000f080    0000003c     driverlib.a : udma.obj (.text:uDMAChannelControlSet)
                  2000f0bc    00000038     simplelink.a : cc_pal.obj (.text:NwpPowerOff)
                  2000f0f4    00000038     free_rtos.a : heap_3.obj (.text)
                  2000f12c    00000038     rtsv7M4_T_le_eabi.lib : fs_toi_t2.obj (.text)
                  2000f164    00000038     simplelink.a : wlan.obj (.text:sl_WlanSmartConfigStop)
                  2000f19c    00000036     driverlib.a : gpio.obj (.text:GPIODirModeSet)
                  2000f1d2    00000002     --HOLE-- [fill = 0]
                  2000f1d4    00000034                 : prcm.obj (.text:PRCMPeripheralStatusGet)
                  2000f208    00000034                 : spi.obj (.text:SPIFIFOLevelSet)
                  2000f23c    00000034     rtsv7M4_T_le_eabi.lib : fs_tou_t2.obj (.text)
                  2000f270    00000030     driverlib.a : pin.obj (.text:PinTypeGPIO)
                  2000f2a0    00000030                 : uart.obj (.text:UARTDisable)
                  2000f2d0    0000002e     rtsv7M4_T_le_eabi.lib : i_tofd_t2.obj (.text)
                  2000f2fe    00000002     --HOLE-- [fill = 0]
                  2000f300    0000002c     simplelink.a : cc_pal.obj (.text:DmaSpiSwIntHandler)
                  2000f32c    0000002c     driverlib.a : i2c.obj (.text:I2CMasterErr)
                  2000f358    0000002c     simplelink.a : cc_pal.obj (.text:NwpPowerOn)
                  2000f384    0000002c     driverlib.a : prcm.obj (.text:PRCMSysResetCauseGet)
                  2000f3b0    0000002a                 : timer.obj (.text:TimerLoadSet)
                  2000f3da    0000002a                 : timer.obj (.text:TimerPrescaleSet)
                  2000f404    00000028                 : prcm.obj (.text:PRCMPeripheralClkDisable)
                  2000f42c    00000028     simplelink.a : driver.obj (.text:_SlDrvObjGlobalLockWaitForever)
                  2000f454    00000028                  : driver.obj (.text:_SlDrvProtectionObjLockWaitForever)
                  2000f47c    00000026                  : cc_pal.obj (.text:NwpRegisterInterruptHandler)
                  2000f4a2    00000002     --HOLE-- [fill = 0]
                  2000f4a4    00000024     driverlib.a : interrupt.obj (.text:IntUnregister)
                  2000f4c8    00000024                 : uart.obj (.text:UARTEnable)
                  2000f4ec    00000024     simplelink.a : driver.obj (.text:_SlDrvGlobalObjUnLock)
                  2000f510    00000024                  : driver.obj (.text:_SlDrvProtectionObjUnLock)
                  2000f534    00000024                  : driver.obj (.text:_SlDrvSyncObjWaitForever)
                  2000f558    00000024     rtsv7M4_T_le_eabi.lib : memcmp.obj (.text)
                  2000f57c    00000024                           : memmov.obj (.text)
                  2000f5a0    00000022     driverlib.a : i2c.obj (.text:I2CMasterSlaveAddrSet)
                  2000f5c2    00000022                 : spi.obj (.text:SPIReset)
                  2000f5e4    00000022                 : spi.obj (.text:SPIWordCountSet)
                  2000f606    00000020                 : gpio.obj (.text:GPIOPinWrite)
                  2000f626    00000002     --HOLE-- [fill = 0]
                  2000f628    00000020                 : interrupt.obj (.text:IntRegister)
                  2000f648    00000020     simplelink.a : cc_pal.obj (.text:NwpPrePowerOffTimout0)
                  2000f668    00000020                  : cc_pal.obj (.text:TimerGetCurrentTimestamp)
                  2000f688    0000001e     driverlib.a : i2c.obj (.text:I2CMasterIntStatusEx)
                  2000f6a6    0000001e                 : timer.obj (.text:TimerEnable)
                  2000f6c4    0000001e                 : uart.obj (.text:UARTCharPut)
                  2000f6e2    0000001e     simplelink.a : driver.obj (.text:_SlDrvSyncObjSignal)
                  2000f700    0000001e                  : cc_pal.obj (.text:cc_UDMAChannelSelect)
                  2000f71e    0000001c     driverlib.a : pin.obj (.text:PinTypeI2C)
                  2000f73a    0000001c                 : timer.obj (.text:TimerValueGet)
                  2000f756    0000001c                 : uart.obj (.text:UARTCharGetNonBlocking)
                  2000f772    0000001c     simplelink.a : driver.obj (.text:_SlDrvStartMeasureTimeout)
                  2000f78e    0000001c     rtsv7M4_T_le_eabi.lib : memccpy.obj (.text)
                  2000f7aa    00000002     --HOLE-- [fill = 0]
                  2000f7ac    0000001c     driverlib.a : udma.obj (.text:uDMAChannelEnable)
                  2000f7c8    0000001a                 : gpio.obj (.text:GPIOIntEnable)
                  2000f7e2    0000001a                 : pin.obj (.text:PinTypeUART)
                  2000f7fc    0000001a                 : spi.obj (.text:SPIDmaDisable)
                  2000f816    0000001a                 : spi.obj (.text:SPIDmaEnable)
                  2000f830    0000001a                 : spi.obj (.text:SPIFIFODisable)
                  2000f84a    0000001a                 : spi.obj (.text:SPIFIFOEnable)
                  2000f864    00000018                 : gpio.obj (.text:GPIOPinRead)
                  2000f87c    00000018                 : spi.obj (.text:SPICSDisable)
                  2000f894    00000018                 : spi.obj (.text:SPICSEnable)
                  2000f8ac    00000018                 : spi.obj (.text:SPIDisable)
                  2000f8c4    00000018                 : spi.obj (.text:SPIEnable)
                  2000f8dc    00000018                 : uart.obj (.text:UARTCharsAvail)
                  2000f8f4    00000018     simplelink.a : device.obj (.text:_sl_GetStartResponseConvert)
                  2000f90c    00000018     rtsv7M4_T_le_eabi.lib : args_main.obj (.text)
                  2000f924    00000016     driverlib.a : i2c.obj (.text:I2CMasterDataPut)
                  2000f93a    00000016                 : i2c.obj (.text:I2CMasterEnable)
                  2000f950    00000016                 : prcm.obj (.text:PRCMHIBRegRead)
                  2000f966    00000016                 : prcm.obj (.text:PRCMHIBRegWrite)
                  2000f97c    00000016     simplelink.a : driver.obj (.text:_SlDrvMemZero)
                  2000f992    00000016     rtsv7M4_T_le_eabi.lib : strchr.obj (.text)
                  2000f9a8    00000014     driverlib.a : cpu.obj (.text:CPUcpsie)
                  2000f9bc    00000014                 : gpio.obj (.text:GPIOIntClear)
                  2000f9d0    00000014                 : interrupt.obj (.text:IntVTableBaseSet)
                  2000f9e4    00000014     rtsv7M4_T_le_eabi.lib : _lock.obj (.text)
                  2000f9f8    00000014                           : strcpy.obj (.text)
                  2000fa0c    00000014                           : strlen.obj (.text)
                  2000fa20    00000012     driverlib.a : i2c.obj (.text:I2CMasterControl)
                  2000fa32    00000012                 : i2c.obj (.text:I2CMasterIntClearEx)
                  2000fa44    00000012                 : i2c.obj (.text:I2CMasterTimeoutSet)
                  2000fa56    00000010     simplelink.a : driver.obj (.text:_SlDrvDispatchHttpServerEvents)
                  2000fa66    0000000e     driverlib.a : i2c.obj (.text:I2CMasterDataGet)
                  2000fa74    0000000e     simplelink.a : driver.obj (.text:_SlDrvResetCmdExt)
                  2000fa82    0000000e     rtsv7M4_T_le_eabi.lib : copy_decompress_none.obj (.text:decompress:none)
                  2000fa90    0000000e     startup_ccs.obj (.text)
                  2000fa9e    00000002     --HOLE-- [fill = 0]
                  2000faa0    0000000c     simplelink.a : cc_pal.obj (.text:NwpMaskInterrupt)
                  2000faac    0000000c                  : cc_pal.obj (.text:NwpUnMaskInterrupt)
                  2000fab8    0000000c     rtsv7M4_T_le_eabi.lib : copy_zero_init.obj (.text:decompress:ZI)
                  2000fac4    0000000a     driverlib.a : interrupt.obj (.text:IntMasterEnable)
                  2000face    00000008     rtsv7M4_T_le_eabi.lib : s_copysign.obj (.text)
                  2000fad6    00000006     driverlib.a : utils.obj (.text:UtilsDelay)
                  2000fadc    00000004     rtsv7M4_T_le_eabi.lib : pre_init.obj (.text)

.const     0    2000fae0    00000562     
                  2000fae0    00000101     rtsv7M4_T_le_eabi.lib : ctype.obj (.const:.string:_ctypes_)
                  2000fbe1    00000003     --HOLE-- [fill = 0]
                  2000fbe4    00000100     driverlib.a : pin.obj (.const:g_ulPinToPadMap)
                  2000fce4    000000d4                 : interrupt.obj (.const:g_pulRegs)
                  2000fdb8    000000a8                 : prcm.obj (.const:PRCM_PeriphRegsList)
                  2000fe60    0000003c     simplelink.a : driver.obj (.const:OpcodeTranslateTable)
                  2000fe9c    00000038                  : driver.obj (.const:_SlActionLookupTable)
                  2000fed4    00000004                  : netapp.obj (.const:$P$T0$1)
                  2000fed8    00000030     rtsv7M4_T_le_eabi.lib : e_pow.obj (.const:$O1$$)
                  2000ff08    00000020     simplelink.a : driver.obj (.const:RxMsgClassLUT)
                  2000ff28    00000018     driverlib.a : interrupt.obj (.const:g_pulDisRegs)
                  2000ff40    00000018                 : interrupt.obj (.const:g_pulEnRegs)
                  2000ff58    00000018                 : interrupt.obj (.const:g_pulUnpendRegs)
                  2000ff70    00000018                 : spi.obj (.const:g_ulSPIDmaMaskMap)
                  2000ff88    00000016     main.obj (.const:.string:$P$T1$2)
                  2000ff9e    00000002     --HOLE-- [fill = 0]
                  2000ffa0    00000014     simplelink.a : driver.obj (.const:$P$T0$1)
                  2000ffb4    00000013     smartconfig.obj (.const:.string:$P$T0$1)
                  2000ffc7    00000010     smartconfig.obj (.const:.string:$P$T1$2)
                  2000ffd7    0000000f     main.obj (.const:.string:$P$T0$1)
                  2000ffe6    0000000b     main.obj (.const:.string:pcDigits)
                  2000fff1    00000009     main.obj (.const:.string:$P$T2$3)
                  2000fffa    00000008     simplelink.a : device.obj (.const:StartResponseLUT)
                  20010002    00000002     --HOLE-- [fill = 0]
                  20010004    00000008                  : driver.obj (.const:g_H2NCnysPattern)
                  2001000c    00000008                  : driver.obj (.const:g_H2NSyncPattern)
                  20010014    00000005     main.obj (.const:.string:$P$T3$4)
                  20010019    00000001     --HOLE-- [fill = 0]
                  2001001a    00000004     simplelink.a : netapp.obj (.const:_SlGetHostByNameCtrl)
                  2001001e    00000004                  : netapp.obj (.const:_SlNetAppSendTokenValueCmdCtrl)
                  20010022    00000004                  : netapp.obj (.const:_SlNetAppStartCtrl)
                  20010026    00000004                  : netapp.obj (.const:_SlNetAppStopCtrl)
                  2001002a    00000004                  : wlan.obj (.const:_SlPolicySetCmdCtrl)
                  2001002e    00000004                  : wlan.obj (.const:_SlProfileDelCmdCtrl)
                  20010032    00000004                  : wlan.obj (.const:_SlSmartConfigStartCmdCtrl)
                  20010036    00000004                  : device.obj (.const:_SlStopCmdCtrl)
                  2001003a    00000004                  : wlan.obj (.const:_SlWlanCfgGetCmdCtrl)
                  2001003e    00000004                  : wlan.obj (.const:_SlWlanSetModeCmdCtrl)

.cinit     0    20010048    00000090     
                  20010048    00000066     (.cinit..data.load) [load image, compression = lzss]
                  200100ae    00000002     --HOLE-- [fill = 0]
                  200100b0    0000000c     (__TI_handler_table)
                  200100bc    00000004     --HOLE-- [fill = 0]
                  200100c0    00000008     (.cinit..bss.load) [load image, compression = zero_init]
                  200100c8    00000010     (__TI_cinit_table)

.sysmem    0    20017000    00002000     UNINITIALIZED
                  20017000    00000008     rtsv7M4_T_le_eabi.lib : memory.obj (.sysmem)
                  20017008    00001ff8     --HOLE--

.bss       0    20019000    0000038a     UNINITIALIZED
                  20019000    00000178     simplelink.a : driver.obj (.bss:g_StatMem)
                  20019178    000000c8     free_rtos.a : tasks.obj (.bss:pxReadyTasksLists)
                  20019240    00000050     (.common:g_ucDinDout)
                  20019290    00000050     (.common:xQueueRegistry)
                  200192e0    00000024     main.obj (.bss:SSID)
                  20019304    00000014     free_rtos.a : tasks.obj (.bss:xDelayedTaskList1)
                  20019318    00000014                 : tasks.obj (.bss:xDelayedTaskList2)
                  2001932c    00000014                 : tasks.obj (.bss:xPendingReadyList)
                  20019340    00000014                 : tasks.obj (.bss:xSuspendedTaskList)
                  20019354    00000014                 : tasks.obj (.bss:xTasksWaitingTermination)
                  20019368    00000008     main.obj (.bss:BSSID)
                  20019370    00000008     free_rtos.a : tasks.obj (.bss)
                  20019378    00000004     uart_if.obj (.bss)
                  2001937c    00000004     (.common:DMAMsgQ)
                  20019380    00000004     (.common:g_cDummy)
                  20019384    00000001     (.common:RxIrqCnt)
                  20019385    00000001     (.common:g_bDeviceRestartIsRequired)
                  20019386    00000001     (.common:g_ucLED1Pin)
                  20019387    00000001     (.common:g_ucLED2Pin)
                  20019388    00000001     (.common:g_ucLED3Pin)
                  20019389    00000001     (.common:g_ucledPin)

.data      0    2001938c    000000f4     UNINITIALIZED
                  2001938c    00000034     free_rtos.a : tasks.obj (.data)
                  200193c0    00000014     main.obj (.data)
                  200193d4    00000014     gpio_if.obj (.data:ulReg)
                  200193e8    00000010     gpio_if.obj (.data)
                  200193f8    0000000d     simplelink.a : driver.obj (.data)
                  20019405    00000003     --HOLE--
                  20019408    0000000c     rtsv7M4_T_le_eabi.lib : exit.obj (.data:$O1$$)
                  20019414    0000000c                           : memory.obj (.data:$O1$$)
                  20019420    0000000c     free_rtos.a : osi_freertos.obj (.data)
                  2001942c    0000000b     main.obj (.data:GET_token_IVMEOLCER)
                  20019437    0000000b     main.obj (.data:GET_token_SICAKLIK)
                  20019442    0000000b     main.obj (.data:GET_token_UIC)
                  2001944d    0000000b     main.obj (.data:POST_token)
                  20019458    00000009     simplelink.a : cc_pal.obj (.data)
                  20019461    00000003     --HOLE--
                  20019464    00000008     rtsv7M4_T_le_eabi.lib : _lock.obj (.data:$O1$$)
                  2001946c    00000008     device_status.obj (.data)
                  20019474    00000004     free_rtos.a : port.obj (.data)
                  20019478    00000004     rtsv7M4_T_le_eabi.lib : errno.obj (.data)
                  2001947c    00000004                           : stkdepth_vars.obj (.data)

.stack     0    2002f000    00001000     UNINITIALIZED
                  2002f000    00001000     --HOLE--

MODULE SUMMARY

       Module                     code    ro data   rw data
       ------                     ----    -------   -------
    .\
       main.obj                   4008    62        108    
       tmp006drv.obj              1072    0         0      
       startup_ccs.obj            14      1024      0      
       gpio_if.obj                956     0         40     
       uart_if.obj                656     0         4      
       i2c_if.obj                 644     0         0      
       bma222drv.obj              484     0         0      
       smartconfig.obj            232     35        0      
       device_status.obj          180     0         8      
       pinmux.obj                 116     0         0      
    +--+--------------------------+-------+---------+---------+
       Total:                     8362    1121      160    
                                                           
    C:/TI/CC3200SDK_1.3.0/CC3200SDK_1.3.0/cc3200-sdk/driverlib/ccs/Release/driverlib.a
       prcm.obj                   852     168       0      
       interrupt.obj              608     284       0      
       spi.obj                    696     24        0      
       udma.obj                   604     0         0      
       pin.obj                    302     256       0      
       i2c.obj                    352     0         0      
       gpio.obj                   286     0         0      
       uart.obj                   284     0         0      
       timer.obj                  210     0         0      
       cpu.obj                    20      0         0      
       utils.obj                  6       0         0      
    +--+--------------------------+-------+---------+---------+
       Total:                     4220    732       0      
                                                           
    C:/TI/CC3200SDK_1.3.0/CC3200SDK_1.3.0/cc3200-sdk/oslib/ccs/free_rtos/free_rtos.a
       tasks.obj                  4700    0         360    
       queue.obj                  2852    0         80     
       osi_freertos.obj           1116    0         12     
       list.obj                   298     0         0      
       port.obj                   272     0         4      
       portasm.obj                186     0         0      
       heap_3.obj                 56      0         0      
    +--+--------------------------+-------+---------+---------+
       Total:                     9480    0         456    
                                                           
    C:/TI/CC3200SDK_1.3.0/CC3200SDK_1.3.0/cc3200-sdk/simplelink/ccs/OS/simplelink.a
       driver.obj                 6734    184       391    
       cc_pal.obj                 1780    0         97     
       netapp.obj                 1852    20        0      
       device.obj                 874     12        0      
       wlan.obj                   788     20        0      
       socket.obj                 312     0         0      
    +--+--------------------------+-------+---------+---------+
       Total:                     12340   236       488    
                                                           
    C:\TI\ccsv7\tools\compiler\ti-cgt-arm_16.9.1.LTS\lib\rtsv7M4_T_le_eabi.lib
       _printfi.obj               4386    0         0      
       e_pow.obj                  2476    48        0      
       memory.obj                 976     0         12     
       ull_div_t2.obj             500     0         0      
       fd_add_t2.obj              438     0         0      
       e_sqrt.obj                 368     0         0      
       fd_div_t2.obj              310     0         0      
       fd_cmp_t2.obj              268     0         0      
       ctype.obj                  0       257       0      
       fd_mul_t2.obj              252     0         0      
       fs_add_t2.obj              250     0         0      
       s_scalbn.obj               208     0         0      
       memcpy_t2.obj              156     0         0      
       fs_div_t2.obj              146     0         0      
       vsnprintf.obj              136     0         0      
       fs_mul_t2.obj              122     0         0      
       memset_t2.obj              122     0         0      
       autoinit.obj               112     0         0      
       fd_tos_t2.obj              110     0         0      
       copy_decompress_lzss.obj   104     0         0      
       exit.obj                   84      0         12     
       s_frexp.obj                92      0         0      
       ltoa.obj                   84      0         0      
       atoi.obj                   76      0         0      
       cpy_tbl.obj                76      0         0      
       fd_toi_t2.obj              72      0         0      
       boot.obj                   64      0         0      
       fs_toi_t2.obj              56      0         0      
       fs_tou_t2.obj              52      0         0      
       i_tofd_t2.obj              46      0         0      
       memcmp.obj                 36      0         0      
       memmov.obj                 36      0         0      
       _lock.obj                  20      0         8      
       memccpy.obj                28      0         0      
       args_main.obj              24      0         0      
       strchr.obj                 22      0         0      
       strcpy.obj                 20      0         0      
       strlen.obj                 20      0         0      
       copy_decompress_none.obj   14      0         0      
       copy_zero_init.obj         12      0         0      
       s_copysign.obj             8       0         0      
       errno.obj                  0       0         4      
       pre_init.obj               4       0         0      
       stkdepth_vars.obj          0       0         4      
       mpu_init.obj               2       0         0      
       startup.obj                2       0         0      
    +--+--------------------------+-------+---------+---------+
       Total:                     12390   305       40     
                                                           
       Heap:                      0       0         8192   
       Stack:                     0       0         4096   
       Linker Generated:          0       138       0      
    +--+--------------------------+-------+---------+---------+
       Grand Total:               46792   2532      13432  


LINKER GENERATED COPY TABLES

__TI_cinit_table @ 200100c8 records: 2, size/record: 8, table size: 16
	.data: load addr=20010048, load size=00000066 bytes, run addr=2001938c, run size=000000f4 bytes, compression=lzss
	.bss: load addr=200100c0, load size=00000008 bytes, run addr=20019000, run size=0000038a bytes, compression=zero_init


LINKER GENERATED HANDLER TABLE

__TI_handler_table @ 200100b0 records: 3, size/record: 4, table size: 12
	index: 0, handler: __TI_decompress_lzss
	index: 1, handler: __TI_decompress_none
	index: 2, handler: __TI_zero_init


GLOBAL SYMBOLS: SORTED ALPHABETICALLY BY Name 

address   name                               
-------   ----                               
2000aba9  BMA222Close                        
2000ab87  BMA222Open                         
2000abad  BMA222Read                         
2000ac29  BMA222ReadNew                      
2000ab57  BlockRead                          
2000eaa5  C$$EXIT                            
2000f9a9  CPUcpsie                           
2000a1e1  ClearTerm                          
2000d341  ConnectionTest                     
2001937c  DMAMsgQ                            
2000f301  DmaSpiSwIntHandler                 
2000a1eb  Error                              
2000f19d  GPIODirModeSet                     
2000f9bd  GPIOIntClear                       
2000f7c9  GPIOIntEnable                      
2000dfd9  GPIOIntTypeSet                     
2000f865  GPIOPinRead                        
2000f607  GPIOPinWrite                       
2000a0c9  GPIO_IF_ConfigureNIntEnable        
2000a15d  GPIO_IF_Get                        
2000a083  GPIO_IF_GetPortNPin                
20009e21  GPIO_IF_LedConfigure               
20009f37  GPIO_IF_LedOff                     
20009e71  GPIO_IF_LedOn                      
20009feb  GPIO_IF_LedStatus                  
2000a055  GPIO_IF_LedToggle                  
2000a10b  GPIO_IF_Set                        
2000a223  GetCmd                             
2000aaf5  GetRegisterValue                   
2000fa21  I2CMasterControl                   
2000fa67  I2CMasterDataGet                   
2000f925  I2CMasterDataPut                   
2000f93b  I2CMasterEnable                    
2000f32d  I2CMasterErr                       
2000df55  I2CMasterInitExpClk                
2000fa33  I2CMasterIntClearEx                
2000f689  I2CMasterIntStatusEx               
2000f5a1  I2CMasterSlaveAddrSet              
2000fa45  I2CMasterTimeoutSet                
2000a69f  I2C_IF_Close                       
2000a657  I2C_IF_Open                        
2000a555  I2C_IF_Read                        
2000a611  I2C_IF_ReadFrom                    
2000a4a5  I2C_IF_Write                       
2000a1a1  InitTerm                           
2000d3dd  IntDisable                         
2000d485  IntEnable                          
2000fac5  IntMasterEnable                    
2000e89d  IntPendClear                       
2000e9fd  IntPrioritySet                     
2000f629  IntRegister                        
2000f4a5  IntUnregister                      
2000f9d1  IntVTableBaseSet                   
2000a1bf  Message                            
2000faa1  NwpMaskInterrupt                   
2000f0bd  NwpPowerOff                        
2000f359  NwpPowerOn                         
2000f649  NwpPrePowerOffTimout0              
2000f47d  NwpRegisterInterruptHandler        
2000faad  NwpUnMaskInterrupt                 
2000fe60  OpcodeTranslateTable               
2000b6cd  PRCMCC3200MCUInit                  
2000f951  PRCMHIBRegRead                     
2000f967  PRCMHIBRegWrite                    
2000f405  PRCMPeripheralClkDisable           
2000f009  PRCMPeripheralClkEnable            
2000d7a5  PRCMPeripheralClockGet             
2000e8f5  PRCMPeripheralReset                
2000f1d5  PRCMPeripheralStatusGet            
2000f385  PRCMSysResetCauseGet               
2000dd39  PinConfigSet                       
2000ef0d  PinModeSet                         
2000e3c1  PinMuxConfig                       
2000f271  PinTypeGPIO                        
2000f71f  PinTypeI2C                         
2000f7e3  PinTypeUART                        
20006845  ReadAccSensor                      
2000a371  Report                             
2000fa91  ResetISR                           
20019384  RxIrqCnt                           
UNDEFED   SHT$$INIT_ARRAY$$Base              
UNDEFED   SHT$$INIT_ARRAY$$Limit             
2000f87d  SPICSDisable                       
2000f895  SPICSEnable                        
2000d52d  SPIConfigSetExpClk                 
2000f8ad  SPIDisable                         
2000f7fd  SPIDmaDisable                      
2000f817  SPIDmaEnable                       
2000f8c5  SPIEnable                          
2000f831  SPIFIFODisable                     
2000f84b  SPIFIFOEnable                      
2000f209  SPIFIFOLevelSet                    
2000ed69  SPIIntClear                        
2000ebed  SPIIntEnable                       
2000f5c3  SPIReset                           
2000f5e5  SPIWordCountSet                    
2000ab1f  SetRegisterValue                   
20006f19  SimpleLinkGeneralEventHandler      
20006d05  SimpleLinkHttpServerCallback       
20006913  SimpleLinkNetAppEventHandler       
2000d329  SimpleLinkPingReport               
20006ed3  SimpleLinkSockEventHandler         
200069d9  SimpleLinkWlanEventHandler         
2000cb21  SmartConfigConnect                 
2000cba9  SmartConfigStop                    
200098bd  TMP006DrvGetTemp                   
20009625  TMP006DrvOpen                      
2000ee85  TimerConfigure                     
2000f6a7  TimerEnable                        
2000f669  TimerGetCurrentTimestamp           
2000f3b1  TimerLoadSet                       
2000f3db  TimerPrescaleSet                   
2000f73b  TimerValueGet                      
2000a2d9  TrimSpace                          
2000f757  UARTCharGetNonBlocking             
2000f6c5  UARTCharPut                        
2000f8dd  UARTCharsAvail                     
2000e349  UARTConfigSetExpClk                
2000f2a1  UARTDisable                        
2000f4c9  UARTEnable                         
2000fad7  UtilsDelay                         
20009451  VDeleteSimpleLinkSpawnTask         
20009401  VStartSimpleLinkSpawnTask          
2000fe9c  _SlActionLookupTable               
2000d5cd  _SlDriverHandleError               
2000edb1  _SlDrvBasicCmd                     
2000d0ed  _SlDrvCmdOp                        
2000e515  _SlDrvCmdSend                      
2000d709  _SlDrvDeviceEventHandler           
2000fa57  _SlDrvDispatchHttpServerEvents     
2000c155  _SlDrvDriverCBDeinit               
2000b3ad  _SlDrvDriverCBInit                 
2000f4ed  _SlDrvGlobalObjUnLock              
2000db95  _SlDrvIsTimeoutExpired             
2000f97d  _SlDrvMemZero                      
2000ca39  _SlDrvMsgReadSpawnCtx              
2000c389  _SlDrvNetAppEventHandler           
2000ec39  _SlDrvProtectAsyncRespSetting      
2000f455  _SlDrvProtectionObjLockWaitForever 
2000f511  _SlDrvProtectionObjUnLock          
2000acd9  _SlDrvReleasePoolObj               
2000fa75  _SlDrvResetCmdExt                  
2000eb4d  _SlDrvRxIrqHandler                 
2000f773  _SlDrvStartMeasureTimeout          
2000f6e3  _SlDrvSyncObjSignal                
2000f535  _SlDrvSyncObjWaitForever           
2000ef4d  _SlDrvSyncObjWaitTimeout           
2000b53d  _SlDrvWaitForPoolObj               
2001001e  _SlNetAppSendTokenValueCmdCtrl     
20030000  __STACK_END                        
00001000  __STACK_SIZE                       
00002000  __SYSMEM_SIZE                      
200100c8  __TI_CINIT_Base                    
200100d8  __TI_CINIT_Limit                   
200100b0  __TI_Handler_Table_Base            
200100bc  __TI_Handler_Table_Limit           
2000e435  __TI_auto_init                     
20019408  __TI_cleanup_ptr                   
2000e5ed  __TI_decompress_lzss               
2000fa83  __TI_decompress_none               
2001940c  __TI_dtors_ptr                     
20019410  __TI_enable_exit_profile_output    
ffffffff  __TI_pprof_out_hndl                
20005e95  __TI_printfi                       
ffffffff  __TI_prof_data_size                
ffffffff  __TI_prof_data_start               
20010048  __TI_static_base__                 
2000fab9  __TI_zero_init                     
2000de49  __aeabi_cdcmpeq                    
2000de49  __aeabi_cdcmple                    
2000decf  __aeabi_cdrcmple                   
2000e4a5  __aeabi_d2f                        
2000edf9  __aeabi_d2iz                       
2000aeb3  __aeabi_dadd                       
2000bef5  __aeabi_ddiv                       
2000c48d  __aeabi_dmul                       
2000aea9  __aeabi_dsub                       
2000f12d  __aeabi_f2iz                       
2000f23d  __aeabi_f2uiz                      
2000c58d  __aeabi_fadd                       
2000d839  __aeabi_fdiv                       
2000e1dd  __aeabi_fmul                       
2000c589  __aeabi_fsub                       
2000f2d1  __aeabi_i2d                        
2000e257  __aeabi_memclr                     
2000e257  __aeabi_memclr4                    
2000e257  __aeabi_memclr8                    
2000d66d  __aeabi_memcpy                     
2000d66d  __aeabi_memcpy4                    
2000d66d  __aeabi_memcpy8                    
2000e259  __aeabi_memset                     
2000e259  __aeabi_memset4                    
2000e259  __aeabi_memset8                    
2000a901  __aeabi_uldivmod                   
ffffffff  __binit__                          
ffffffff  __c_args__                         
2000b05f  __mpu_init                         
2002f000  __stack                            
2000f90d  _args_main                         
2000ef8d  _c_int00                           
2000fae0  _ctypes_                           
20019464  _lock                              
2000f9f3  _nop                               
2000f9eb  _register_lock                     
2000f9e5  _register_unlock                   
2000e655  _sl_HandleAsync_Accept             
2000e05d  _sl_HandleAsync_Connect            
2000d8cd  _sl_HandleAsync_DnsGetHostByName   
2000ce91  _sl_HandleAsync_DnsGetHostByService
2000dc21  _sl_HandleAsync_InitComplete       
2000d95d  _sl_HandleAsync_PingResponse       
2000ea51  _sl_HandleAsync_Select             
2000eb9d  _sl_HandleAsync_Stop               
2000e581  _sl_NetAppSendTokenValue           
20017000  _sys_memory                        
2000c683  _system_post_cinit                 
2000fadd  _system_pre_init                   
200070b1  _u00ddnternetBaglanti              
20019468  _unlock                            
2000eaa9  abort                              
2000ec85  atoi                               
ffffffff  binit                              
20009db5  calloc                             
2000ecd1  copy_in                            
2000facf  copysign                           
2000facf  copysignl                          
20004691  eTaskGetState                      
20019478  errno                              
2000eab1  exit                               
20009aff  free                               
2000e841  frexp                              
2000e841  frexpl                             
200193f8  g_SlDeviceStatus                   
20019458  g_SpiFd                            
20019385  g_bDeviceRestartIsRequired         
20019380  g_cDummy                           
200193fc  g_pCB                              
2001945c  g_pHostIntHdl                      
20004000  g_pfnVectors                       
20019460  g_ucDMAEnabled                     
20019240  g_ucDinDout                        
20019386  g_ucLED1Pin                        
20019387  g_ucLED2Pin                        
20019388  g_ucLED3Pin                        
20019389  g_ucledPin                         
200193e8  g_uiLED1Port                       
200193ec  g_uiLED2Port                       
200193f0  g_uiLED3Port                       
20019470  g_uiPingDone                       
2001946c  g_uiPingPacketsRecv                
200193f4  g_uiledPort                        
2000cdc1  ldexp                              
2000cdc1  ldexpl                             
2000eaf9  ltoa                               
20007475  main                               
2001947c  main_func_sp                       
20009a95  malloc                             
20009555  mem_Free                           
20009549  mem_Malloc                         
20009575  mem_copy                           
20009561  mem_set                            
20009cc9  memalign                           
2000f78f  memccpy                            
2000f559  memcmp                             
2000d66d  memcpy                             
2000f57d  memmove                            
2000e25f  memset                             
20009a15  minit                              
200095cb  osi_ContextRestore                 
200095c9  osi_ContextSave                    
20009589  osi_EnterCritical                  
20009593  osi_ExitCritical                   
200091af  osi_InterruptDeRegister            
20009189  osi_InterruptRegister              
200092b9  osi_LockObjCreate                  
2000932d  osi_LockObjDelete                  
2000933d  osi_LockObjLock                    
20009369  osi_LockObjUnlock                  
2000947d  osi_MsgQCreate                     
200094c1  osi_MsgQDelete                     
2000950d  osi_MsgQRead                       
200094db  osi_MsgQWrite                      
200095a5  osi_Sleep                          
20009393  osi_Spawn                          
20009297  osi_SyncObjClear                   
200091c1  osi_SyncObjCreate                  
200091f1  osi_SyncObjDelete                  
2000920b  osi_SyncObjSignal                  
20009233  osi_SyncObjSignalFromISR           
2000926b  osi_SyncObjWait                    
200092df  osi_TaskCreate                     
2000931f  osi_TaskDelete                     
200095b5  osi_TaskDisable                    
200095bf  osi_TaskEnable                     
2000959d  osi_start                          
20019400  pPingCallBackFunc                  
20004bb5  pcTaskGetTaskName                  
2000d321  portCLZ                            
2000824d  pow                                
2000824d  powl                               
2000d309  prvPortStartFirstTask              
2000f0f5  pvPortMalloc                       
2001938c  pxCurrentTCB                       
2000c279  pxPortInitialiseStack              
20009bc1  realloc                            
2000cdc1  scalbn                             
2000cdc1  scalbnl                            
2000f045  simplelink_timerA2_start           
2000bc75  sl_NetAppDnsGetHostByName          
2000b061  sl_NetAppPingStart                 
2000e94d  sl_NetAppStart                     
2000e9a5  sl_NetAppStop                      
2000c865  sl_Start                           
2000c685  sl_Stop                            
2000cf5d  sl_WlanGet                         
2000d9ed  sl_WlanPolicySet                   
2000e781  sl_WlanProfileDel                  
2000e7e1  sl_WlanSetMode                     
2000d1ad  sl_WlanSmartConfigStart            
2000f165  sl_WlanSmartConfigStop             
2000e2d1  spi_Close                          
2000bb25  spi_Open                           
2000cce5  spi_Read                           
2000dcad  spi_Write                          
2000b9b5  sqrt                               
2000b9b5  sqrtl                              
2000f993  strchr                             
2000f9f9  strcpy                             
2000fa0d  strlen                             
2000ed1d  uDMAChannelAssign                  
2000e6b9  uDMAChannelAttributeDisable        
2000e71d  uDMAChannelAttributeEnable         
2000f081  uDMAChannelControlSet              
2000f7ad  uDMAChannelEnable                  
2000c775  uDMAChannelTransferSet             
20007ea9  ucQueueGetQueueType                
2000d271  ulPortSetInterruptMask             
2000c10d  uxListRemove                       
20007e89  uxQueueGetQueueNumber              
20007e1d  uxQueueMessagesWaiting             
20007e53  uxQueueMessagesWaitingFromISR      
20007e33  uxQueueSpacesAvailable             
20004ba9  uxTaskGetNumberOfTasks             
20004bd9  uxTaskGetSystemState               
200050cd  uxTaskGetTaskNumber                
20004725  uxTaskPriorityGet                  
20005625  uxTaskResetEventItemValue          
2000678d  vApplicationIdleHook               
20006799  vApplicationMallocFailedHook       
2000678f  vApplicationStackOverflowHook      
20006781  vApplicationTickHook               
20006783  vAssertCalled                      
2000c02b  vListInitialise                    
2000c05b  vListInitialiseItem                
2000c0a7  vListInsert                        
2000c06b  vListInsertEnd                     
2000d287  vPortClearInterruptMask            
2000c2f5  vPortEndScheduler                  
2000c309  vPortEnterCritical                 
2000c321  vPortExitCritical                  
2000f115  vPortFree                          
2000d2e1  vPortSVCHandler                    
2000c355  vPortSetupTimerInterrupt           
2000c2f7  vPortYield                         
200080c3  vQueueAddToRegistry                
20007e65  vQueueDelete                       
20007e97  vQueueSetQueueNumber               
20008105  vQueueUnregisterQueue              
2000463b  vTaskDelay                         
2000459f  vTaskDelayUntil                    
2000450f  vTaskDelete                        
20004a8d  vTaskEndScheduler                  
200050bf  vTaskMissedYield                   
20004e55  vTaskPlaceOnEventList              
20004eb9  vTaskPlaceOnUnorderedEventList     
2000559b  vTaskPriorityDisinherit            
200054e1  vTaskPriorityInherit               
2000475d  vTaskPrioritySet                   
20004955  vTaskResume                        
200050ed  vTaskSetTaskNumber                 
2000501f  vTaskSetTimeOutState               
20004a43  vTaskStartScheduler                
20004861  vTaskSuspend                       
20004a9f  vTaskSuspendAll                    
20004dd5  vTaskSwitchContext                 
2000ddc1  vsnprintf                          
20019420  xHigherPriorityTaskWoken           
2000d295  xPortPendSVHandler                 
2000c2c9  xPortStartScheduler                
2000c339  xPortSysTickHandler                
20008153  xQueueAddToSet                     
20007a85  xQueueAltGenericReceive            
200079d9  xQueueAltGenericSend               
200078ad  xQueueCreateCountingSemaphore      
2000782f  xQueueCreateMutex                  
2000813f  xQueueCreateSet                    
200077b9  xQueueGenericCreate                
20007c1f  xQueueGenericReceive               
20007729  xQueueGenericReset                 
200078cd  xQueueGenericSend                  
20007b83  xQueueGenericSendFromISR           
2000805f  xQueueIsQueueEmptyFromISR          
200080a1  xQueueIsQueueFullFromISR           
20007dd9  xQueuePeekFromISR                  
20007d61  xQueueReceiveFromISR               
20019290  xQueueRegistry                     
20008187  xQueueRemoveFromSet                
200081c9  xQueueSelectFromSet                
200081e3  xQueueSelectFromSetFromISR         
20019424  xSimpleLinkSpawnQueue              
20019428  xSimpleLinkSpawnTaskHndl           
20005045  xTaskCheckForTimeOut               
20004401  xTaskGenericCreate                 
20005495  xTaskGetCurrentTaskHandle          
20004c97  xTaskGetIdleTaskHandle             
200054a9  xTaskGetSchedulerState             
20004b7d  xTaskGetTickCount                  
20004b91  xTaskGetTickCountFromISR           
20004cb1  xTaskIncrementTick                 
20004f2d  xTaskRemoveFromEventList           
20004fb1  xTaskRemoveFromUnorderedEventList  
20004ab1  xTaskResumeAll                     
200049c9  xTaskResumeFromISR                 


GLOBAL SYMBOLS: SORTED BY Symbol Address 

address   name                               
-------   ----                               
00001000  __STACK_SIZE                       
00002000  __SYSMEM_SIZE                      
20004000  g_pfnVectors                       
20004401  xTaskGenericCreate                 
2000450f  vTaskDelete                        
2000459f  vTaskDelayUntil                    
2000463b  vTaskDelay                         
20004691  eTaskGetState                      
20004725  uxTaskPriorityGet                  
2000475d  vTaskPrioritySet                   
20004861  vTaskSuspend                       
20004955  vTaskResume                        
200049c9  xTaskResumeFromISR                 
20004a43  vTaskStartScheduler                
20004a8d  vTaskEndScheduler                  
20004a9f  vTaskSuspendAll                    
20004ab1  xTaskResumeAll                     
20004b7d  xTaskGetTickCount                  
20004b91  xTaskGetTickCountFromISR           
20004ba9  uxTaskGetNumberOfTasks             
20004bb5  pcTaskGetTaskName                  
20004bd9  uxTaskGetSystemState               
20004c97  xTaskGetIdleTaskHandle             
20004cb1  xTaskIncrementTick                 
20004dd5  vTaskSwitchContext                 
20004e55  vTaskPlaceOnEventList              
20004eb9  vTaskPlaceOnUnorderedEventList     
20004f2d  xTaskRemoveFromEventList           
20004fb1  xTaskRemoveFromUnorderedEventList  
2000501f  vTaskSetTimeOutState               
20005045  xTaskCheckForTimeOut               
200050bf  vTaskMissedYield                   
200050cd  uxTaskGetTaskNumber                
200050ed  vTaskSetTaskNumber                 
20005495  xTaskGetCurrentTaskHandle          
200054a9  xTaskGetSchedulerState             
200054e1  vTaskPriorityInherit               
2000559b  vTaskPriorityDisinherit            
20005625  uxTaskResetEventItemValue          
20005e95  __TI_printfi                       
20006781  vApplicationTickHook               
20006783  vAssertCalled                      
2000678d  vApplicationIdleHook               
2000678f  vApplicationStackOverflowHook      
20006799  vApplicationMallocFailedHook       
20006845  ReadAccSensor                      
20006913  SimpleLinkNetAppEventHandler       
200069d9  SimpleLinkWlanEventHandler         
20006d05  SimpleLinkHttpServerCallback       
20006ed3  SimpleLinkSockEventHandler         
20006f19  SimpleLinkGeneralEventHandler      
200070b1  _u00ddnternetBaglanti              
20007475  main                               
20007729  xQueueGenericReset                 
200077b9  xQueueGenericCreate                
2000782f  xQueueCreateMutex                  
200078ad  xQueueCreateCountingSemaphore      
200078cd  xQueueGenericSend                  
200079d9  xQueueAltGenericSend               
20007a85  xQueueAltGenericReceive            
20007b83  xQueueGenericSendFromISR           
20007c1f  xQueueGenericReceive               
20007d61  xQueueReceiveFromISR               
20007dd9  xQueuePeekFromISR                  
20007e1d  uxQueueMessagesWaiting             
20007e33  uxQueueSpacesAvailable             
20007e53  uxQueueMessagesWaitingFromISR      
20007e65  vQueueDelete                       
20007e89  uxQueueGetQueueNumber              
20007e97  vQueueSetQueueNumber               
20007ea9  ucQueueGetQueueType                
2000805f  xQueueIsQueueEmptyFromISR          
200080a1  xQueueIsQueueFullFromISR           
200080c3  vQueueAddToRegistry                
20008105  vQueueUnregisterQueue              
2000813f  xQueueCreateSet                    
20008153  xQueueAddToSet                     
20008187  xQueueRemoveFromSet                
200081c9  xQueueSelectFromSet                
200081e3  xQueueSelectFromSetFromISR         
2000824d  pow                                
2000824d  powl                               
20009189  osi_InterruptRegister              
200091af  osi_InterruptDeRegister            
200091c1  osi_SyncObjCreate                  
200091f1  osi_SyncObjDelete                  
2000920b  osi_SyncObjSignal                  
20009233  osi_SyncObjSignalFromISR           
2000926b  osi_SyncObjWait                    
20009297  osi_SyncObjClear                   
200092b9  osi_LockObjCreate                  
200092df  osi_TaskCreate                     
2000931f  osi_TaskDelete                     
2000932d  osi_LockObjDelete                  
2000933d  osi_LockObjLock                    
20009369  osi_LockObjUnlock                  
20009393  osi_Spawn                          
20009401  VStartSimpleLinkSpawnTask          
20009451  VDeleteSimpleLinkSpawnTask         
2000947d  osi_MsgQCreate                     
200094c1  osi_MsgQDelete                     
200094db  osi_MsgQWrite                      
2000950d  osi_MsgQRead                       
20009549  mem_Malloc                         
20009555  mem_Free                           
20009561  mem_set                            
20009575  mem_copy                           
20009589  osi_EnterCritical                  
20009593  osi_ExitCritical                   
2000959d  osi_start                          
200095a5  osi_Sleep                          
200095b5  osi_TaskDisable                    
200095bf  osi_TaskEnable                     
200095c9  osi_ContextSave                    
200095cb  osi_ContextRestore                 
20009625  TMP006DrvOpen                      
200098bd  TMP006DrvGetTemp                   
20009a15  minit                              
20009a95  malloc                             
20009aff  free                               
20009bc1  realloc                            
20009cc9  memalign                           
20009db5  calloc                             
20009e21  GPIO_IF_LedConfigure               
20009e71  GPIO_IF_LedOn                      
20009f37  GPIO_IF_LedOff                     
20009feb  GPIO_IF_LedStatus                  
2000a055  GPIO_IF_LedToggle                  
2000a083  GPIO_IF_GetPortNPin                
2000a0c9  GPIO_IF_ConfigureNIntEnable        
2000a10b  GPIO_IF_Set                        
2000a15d  GPIO_IF_Get                        
2000a1a1  InitTerm                           
2000a1bf  Message                            
2000a1e1  ClearTerm                          
2000a1eb  Error                              
2000a223  GetCmd                             
2000a2d9  TrimSpace                          
2000a371  Report                             
2000a4a5  I2C_IF_Write                       
2000a555  I2C_IF_Read                        
2000a611  I2C_IF_ReadFrom                    
2000a657  I2C_IF_Open                        
2000a69f  I2C_IF_Close                       
2000a901  __aeabi_uldivmod                   
2000aaf5  GetRegisterValue                   
2000ab1f  SetRegisterValue                   
2000ab57  BlockRead                          
2000ab87  BMA222Open                         
2000aba9  BMA222Close                        
2000abad  BMA222Read                         
2000ac29  BMA222ReadNew                      
2000acd9  _SlDrvReleasePoolObj               
2000aea9  __aeabi_dsub                       
2000aeb3  __aeabi_dadd                       
2000b05f  __mpu_init                         
2000b061  sl_NetAppPingStart                 
2000b3ad  _SlDrvDriverCBInit                 
2000b53d  _SlDrvWaitForPoolObj               
2000b6cd  PRCMCC3200MCUInit                  
2000b9b5  sqrt                               
2000b9b5  sqrtl                              
2000bb25  spi_Open                           
2000bc75  sl_NetAppDnsGetHostByName          
2000bef5  __aeabi_ddiv                       
2000c02b  vListInitialise                    
2000c05b  vListInitialiseItem                
2000c06b  vListInsertEnd                     
2000c0a7  vListInsert                        
2000c10d  uxListRemove                       
2000c155  _SlDrvDriverCBDeinit               
2000c279  pxPortInitialiseStack              
2000c2c9  xPortStartScheduler                
2000c2f5  vPortEndScheduler                  
2000c2f7  vPortYield                         
2000c309  vPortEnterCritical                 
2000c321  vPortExitCritical                  
2000c339  xPortSysTickHandler                
2000c355  vPortSetupTimerInterrupt           
2000c389  _SlDrvNetAppEventHandler           
2000c48d  __aeabi_dmul                       
2000c589  __aeabi_fsub                       
2000c58d  __aeabi_fadd                       
2000c683  _system_post_cinit                 
2000c685  sl_Stop                            
2000c775  uDMAChannelTransferSet             
2000c865  sl_Start                           
2000ca39  _SlDrvMsgReadSpawnCtx              
2000cb21  SmartConfigConnect                 
2000cba9  SmartConfigStop                    
2000cce5  spi_Read                           
2000cdc1  ldexp                              
2000cdc1  ldexpl                             
2000cdc1  scalbn                             
2000cdc1  scalbnl                            
2000ce91  _sl_HandleAsync_DnsGetHostByService
2000cf5d  sl_WlanGet                         
2000d0ed  _SlDrvCmdOp                        
2000d1ad  sl_WlanSmartConfigStart            
2000d271  ulPortSetInterruptMask             
2000d287  vPortClearInterruptMask            
2000d295  xPortPendSVHandler                 
2000d2e1  vPortSVCHandler                    
2000d309  prvPortStartFirstTask              
2000d321  portCLZ                            
2000d329  SimpleLinkPingReport               
2000d341  ConnectionTest                     
2000d3dd  IntDisable                         
2000d485  IntEnable                          
2000d52d  SPIConfigSetExpClk                 
2000d5cd  _SlDriverHandleError               
2000d66d  __aeabi_memcpy                     
2000d66d  __aeabi_memcpy4                    
2000d66d  __aeabi_memcpy8                    
2000d66d  memcpy                             
2000d709  _SlDrvDeviceEventHandler           
2000d7a5  PRCMPeripheralClockGet             
2000d839  __aeabi_fdiv                       
2000d8cd  _sl_HandleAsync_DnsGetHostByName   
2000d95d  _sl_HandleAsync_PingResponse       
2000d9ed  sl_WlanPolicySet                   
2000db95  _SlDrvIsTimeoutExpired             
2000dc21  _sl_HandleAsync_InitComplete       
2000dcad  spi_Write                          
2000dd39  PinConfigSet                       
2000ddc1  vsnprintf                          
2000de49  __aeabi_cdcmpeq                    
2000de49  __aeabi_cdcmple                    
2000decf  __aeabi_cdrcmple                   
2000df55  I2CMasterInitExpClk                
2000dfd9  GPIOIntTypeSet                     
2000e05d  _sl_HandleAsync_Connect            
2000e1dd  __aeabi_fmul                       
2000e257  __aeabi_memclr                     
2000e257  __aeabi_memclr4                    
2000e257  __aeabi_memclr8                    
2000e259  __aeabi_memset                     
2000e259  __aeabi_memset4                    
2000e259  __aeabi_memset8                    
2000e25f  memset                             
2000e2d1  spi_Close                          
2000e349  UARTConfigSetExpClk                
2000e3c1  PinMuxConfig                       
2000e435  __TI_auto_init                     
2000e4a5  __aeabi_d2f                        
2000e515  _SlDrvCmdSend                      
2000e581  _sl_NetAppSendTokenValue           
2000e5ed  __TI_decompress_lzss               
2000e655  _sl_HandleAsync_Accept             
2000e6b9  uDMAChannelAttributeDisable        
2000e71d  uDMAChannelAttributeEnable         
2000e781  sl_WlanProfileDel                  
2000e7e1  sl_WlanSetMode                     
2000e841  frexp                              
2000e841  frexpl                             
2000e89d  IntPendClear                       
2000e8f5  PRCMPeripheralReset                
2000e94d  sl_NetAppStart                     
2000e9a5  sl_NetAppStop                      
2000e9fd  IntPrioritySet                     
2000ea51  _sl_HandleAsync_Select             
2000eaa5  C$$EXIT                            
2000eaa9  abort                              
2000eab1  exit                               
2000eaf9  ltoa                               
2000eb4d  _SlDrvRxIrqHandler                 
2000eb9d  _sl_HandleAsync_Stop               
2000ebed  SPIIntEnable                       
2000ec39  _SlDrvProtectAsyncRespSetting      
2000ec85  atoi                               
2000ecd1  copy_in                            
2000ed1d  uDMAChannelAssign                  
2000ed69  SPIIntClear                        
2000edb1  _SlDrvBasicCmd                     
2000edf9  __aeabi_d2iz                       
2000ee85  TimerConfigure                     
2000ef0d  PinModeSet                         
2000ef4d  _SlDrvSyncObjWaitTimeout           
2000ef8d  _c_int00                           
2000f009  PRCMPeripheralClkEnable            
2000f045  simplelink_timerA2_start           
2000f081  uDMAChannelControlSet              
2000f0bd  NwpPowerOff                        
2000f0f5  pvPortMalloc                       
2000f115  vPortFree                          
2000f12d  __aeabi_f2iz                       
2000f165  sl_WlanSmartConfigStop             
2000f19d  GPIODirModeSet                     
2000f1d5  PRCMPeripheralStatusGet            
2000f209  SPIFIFOLevelSet                    
2000f23d  __aeabi_f2uiz                      
2000f271  PinTypeGPIO                        
2000f2a1  UARTDisable                        
2000f2d1  __aeabi_i2d                        
2000f301  DmaSpiSwIntHandler                 
2000f32d  I2CMasterErr                       
2000f359  NwpPowerOn                         
2000f385  PRCMSysResetCauseGet               
2000f3b1  TimerLoadSet                       
2000f3db  TimerPrescaleSet                   
2000f405  PRCMPeripheralClkDisable           
2000f455  _SlDrvProtectionObjLockWaitForever 
2000f47d  NwpRegisterInterruptHandler        
2000f4a5  IntUnregister                      
2000f4c9  UARTEnable                         
2000f4ed  _SlDrvGlobalObjUnLock              
2000f511  _SlDrvProtectionObjUnLock          
2000f535  _SlDrvSyncObjWaitForever           
2000f559  memcmp                             
2000f57d  memmove                            
2000f5a1  I2CMasterSlaveAddrSet              
2000f5c3  SPIReset                           
2000f5e5  SPIWordCountSet                    
2000f607  GPIOPinWrite                       
2000f629  IntRegister                        
2000f649  NwpPrePowerOffTimout0              
2000f669  TimerGetCurrentTimestamp           
2000f689  I2CMasterIntStatusEx               
2000f6a7  TimerEnable                        
2000f6c5  UARTCharPut                        
2000f6e3  _SlDrvSyncObjSignal                
2000f71f  PinTypeI2C                         
2000f73b  TimerValueGet                      
2000f757  UARTCharGetNonBlocking             
2000f773  _SlDrvStartMeasureTimeout          
2000f78f  memccpy                            
2000f7ad  uDMAChannelEnable                  
2000f7c9  GPIOIntEnable                      
2000f7e3  PinTypeUART                        
2000f7fd  SPIDmaDisable                      
2000f817  SPIDmaEnable                       
2000f831  SPIFIFODisable                     
2000f84b  SPIFIFOEnable                      
2000f865  GPIOPinRead                        
2000f87d  SPICSDisable                       
2000f895  SPICSEnable                        
2000f8ad  SPIDisable                         
2000f8c5  SPIEnable                          
2000f8dd  UARTCharsAvail                     
2000f90d  _args_main                         
2000f925  I2CMasterDataPut                   
2000f93b  I2CMasterEnable                    
2000f951  PRCMHIBRegRead                     
2000f967  PRCMHIBRegWrite                    
2000f97d  _SlDrvMemZero                      
2000f993  strchr                             
2000f9a9  CPUcpsie                           
2000f9bd  GPIOIntClear                       
2000f9d1  IntVTableBaseSet                   
2000f9e5  _register_unlock                   
2000f9eb  _register_lock                     
2000f9f3  _nop                               
2000f9f9  strcpy                             
2000fa0d  strlen                             
2000fa21  I2CMasterControl                   
2000fa33  I2CMasterIntClearEx                
2000fa45  I2CMasterTimeoutSet                
2000fa57  _SlDrvDispatchHttpServerEvents     
2000fa67  I2CMasterDataGet                   
2000fa75  _SlDrvResetCmdExt                  
2000fa83  __TI_decompress_none               
2000fa91  ResetISR                           
2000faa1  NwpMaskInterrupt                   
2000faad  NwpUnMaskInterrupt                 
2000fab9  __TI_zero_init                     
2000fac5  IntMasterEnable                    
2000facf  copysign                           
2000facf  copysignl                          
2000fad7  UtilsDelay                         
2000fadd  _system_pre_init                   
2000fae0  _ctypes_                           
2000fe60  OpcodeTranslateTable               
2000fe9c  _SlActionLookupTable               
2001001e  _SlNetAppSendTokenValueCmdCtrl     
20010048  __TI_static_base__                 
200100b0  __TI_Handler_Table_Base            
200100bc  __TI_Handler_Table_Limit           
200100c8  __TI_CINIT_Base                    
200100d8  __TI_CINIT_Limit                   
20017000  _sys_memory                        
20019240  g_ucDinDout                        
20019290  xQueueRegistry                     
2001937c  DMAMsgQ                            
20019380  g_cDummy                           
20019384  RxIrqCnt                           
20019385  g_bDeviceRestartIsRequired         
20019386  g_ucLED1Pin                        
20019387  g_ucLED2Pin                        
20019388  g_ucLED3Pin                        
20019389  g_ucledPin                         
2001938c  pxCurrentTCB                       
200193e8  g_uiLED1Port                       
200193ec  g_uiLED2Port                       
200193f0  g_uiLED3Port                       
200193f4  g_uiledPort                        
200193f8  g_SlDeviceStatus                   
200193fc  g_pCB                              
20019400  pPingCallBackFunc                  
20019408  __TI_cleanup_ptr                   
2001940c  __TI_dtors_ptr                     
20019410  __TI_enable_exit_profile_output    
20019420  xHigherPriorityTaskWoken           
20019424  xSimpleLinkSpawnQueue              
20019428  xSimpleLinkSpawnTaskHndl           
20019458  g_SpiFd                            
2001945c  g_pHostIntHdl                      
20019460  g_ucDMAEnabled                     
20019464  _lock                              
20019468  _unlock                            
2001946c  g_uiPingPacketsRecv                
20019470  g_uiPingDone                       
20019478  errno                              
2001947c  main_func_sp                       
2002f000  __stack                            
20030000  __STACK_END                        
ffffffff  __TI_pprof_out_hndl                
ffffffff  __TI_prof_data_size                
ffffffff  __TI_prof_data_start               
ffffffff  __binit__                          
ffffffff  __c_args__                         
ffffffff  binit                              
UNDEFED   SHT$$INIT_ARRAY$$Base              
UNDEFED   SHT$$INIT_ARRAY$$Limit             

[423 symbols]
