******************************************************************************
                  TI ARM Linker PC v16.9.1                     
******************************************************************************
>> Linked Tue May 23 17:42:24 2017

OUTPUT FILE NAME:   <oob.out>
ENTRY POINT SYMBOL: "_c_int00"  address: 2000ee8d


MEMORY CONFIGURATION

         name            origin    length      used     unused   attr    fill
----------------------  --------  ---------  --------  --------  ----  --------
  SRAM_CODE             20004000   00013000  0000bfca  00007036  RW X
  SRAM_DATA             20017000   00019000  0000347e  00015b82  RW X


SEGMENT ALLOCATION MAP

run origin  load origin   length   init length attrs members
----------  ----------- ---------- ----------- ----- -------
20004000    20004000    0000bfd0   0000bfd0    r-x
  20004000    20004000    00000400   00000400    r-- .intvecs
  20004400    20004400    0000b5e0   0000b5e0    r-x .text
  2000f9e0    2000f9e0    0000055a   0000055a    r-- .const
  2000ff40    2000ff40    00000090   00000090    r-- .cinit
20017000    20017000    00002480   00000000    rw-
  20017000    20017000    00002000   00000000    rw- .sysmem
  20019000    20019000    0000038a   00000000    rw- .bss
  2001938c    2001938c    000000f4   00000000    rw- .data
2002f000    2002f000    00001000   00000000    rw-
  2002f000    2002f000    00001000   00000000    rw- .stack


SECTION ALLOCATION MAP

 output                                  attributes/
section   page    origin      length       input sections
--------  ----  ----------  ----------   ----------------
.intvecs   0    20004000    00000400     
                  20004000    00000400     startup_ccs.obj (.intvecs)

.init_array 
*          0    20004000    00000000     UNINITIALIZED

.text      0    20004400    0000b5e0     
                  20004400    0000125c     free_rtos.a : tasks.obj (.text)
                  2000565c    00001122     rtsv7M4_T_le_eabi.lib : _printfi.obj (.text)
                  2000677e    00000002     driverlib.a : interrupt.obj (.text:IntDefaultHandler)
                  20006780    00000ea8     main.obj (.text)
                  20007628    00000b24     free_rtos.a : queue.obj (.text)
                  2000814c    000009ac     rtsv7M4_T_le_eabi.lib : e_pow.obj (.text)
                  20008af8    00000590     simplelink.a : driver.obj (.text:_SlDrvMsgRead)
                  20009088    0000045c     free_rtos.a : osi_freertos.obj (.text)
                  200094e4    00000430     tmp006drv.obj (.text)
                  20009914    000003d0     rtsv7M4_T_le_eabi.lib : memory.obj (.text)
                  20009ce4    000003bc     gpio_if.obj (.text)
                  2000a0a0    00000290     uart_if.obj (.text)
                  2000a330    00000284     i2c_if.obj (.text)
                  2000a5b4    0000024c     simplelink.a : driver.obj (.text:_SlDrvRxHdrRead)
                  2000a800    000001f4     rtsv7M4_T_le_eabi.lib : ull_div_t2.obj (.text)
                  2000a9f4    000001e4     bma222drv.obj (.text)
                  2000abd8    000001d0     simplelink.a : driver.obj (.text:_SlDrvReleasePoolObj)
                  2000ada8    000001b6     rtsv7M4_T_le_eabi.lib : fd_add_t2.obj (.text)
                  2000af5e    00000002                           : mpu_init.obj (.text)
                  2000af60    000001b0     simplelink.a : netapp.obj (.text:sl_NetAppPingStart)
                  2000b110    0000019c                  : driver.obj (.text:_SlDrvMsgWrite)
                  2000b2ac    00000190                  : driver.obj (.text:_SlDrvDriverCBInit)
                  2000b43c    00000190                  : driver.obj (.text:_SlDrvWaitForPoolObj)
                  2000b5cc    00000178     driverlib.a : prcm.obj (.text:PRCMCC3200MCUInit)
                  2000b744    00000170     simplelink.a : driver.obj (.text:_SlFindAndSetActiveObj)
                  2000b8b4    00000170     rtsv7M4_T_le_eabi.lib : e_sqrt.obj (.text)
                  2000ba24    00000150     simplelink.a : cc_pal.obj (.text:spi_Open)
                  2000bb74    00000144                  : netapp.obj (.text:sl_NetAppDnsGetHostByName)
                  2000bcb8    0000013c                  : driver.obj (.text:_SlDrvMsgReadCmdCtx)
                  2000bdf4    00000136     rtsv7M4_T_le_eabi.lib : fd_div_t2.obj (.text)
                  2000bf2a    0000012a     free_rtos.a : list.obj (.text)
                  2000c054    00000124     simplelink.a : driver.obj (.text:_SlDrvDriverCBDeinit)
                  2000c178    00000110     free_rtos.a : port.obj (.text)
                  2000c288    00000104     simplelink.a : netapp.obj (.text:_SlDrvNetAppEventHandler)
                  2000c38c    000000fc     rtsv7M4_T_le_eabi.lib : fd_mul_t2.obj (.text)
                  2000c488    000000fa                           : fs_add_t2.obj (.text)
                  2000c582    00000002                           : startup.obj (.text)
                  2000c584    000000f0     simplelink.a : device.obj (.text:sl_Stop)
                  2000c674    000000f0     driverlib.a : udma.obj (.text:uDMAChannelTransferSet)
                  2000c764    000000ec     simplelink.a : device.obj (.text:sl_Start)
                  2000c850    000000e8                  : driver.obj (.text:_SlAsyncEventGenericHandler)
                  2000c938    000000e8                  : driver.obj (.text:_SlDrvMsgReadSpawnCtx)
                  2000ca20    000000e8     smartconfig.obj (.text)
                  2000cb08    000000dc     simplelink.a : driver.obj (.text:_SlDrvClassifyRxMsg)
                  2000cbe4    000000dc                  : cc_pal.obj (.text:spi_Read)
                  2000ccc0    000000d0     rtsv7M4_T_le_eabi.lib : s_scalbn.obj (.text)
                  2000cd90    000000cc     simplelink.a : netapp.obj (.text:_sl_HandleAsync_DnsGetHostByService)
                  2000ce5c    000000cc                  : wlan.obj (.text:sl_WlanGet)
                  2000cf28    000000c4                  : driver.obj (.text:_SlRemoveFromList)
                  2000cfec    000000c0                  : driver.obj (.text:_SlDrvCmdOp)
                  2000d0ac    000000c0                  : wlan.obj (.text:sl_WlanSmartConfigStart)
                  2000d16c    000000ba     free_rtos.a : portasm.obj (.text)
                  2000d226    00000002     --HOLE-- [fill = 0]
                  2000d228    000000b4     device_status.obj (.text)
                  2000d2dc    000000a8     driverlib.a : interrupt.obj (.text:IntDisable)
                  2000d384    000000a8                 : interrupt.obj (.text:IntEnable)
                  2000d42c    000000a0                 : spi.obj (.text:SPIConfigSetExpClk)
                  2000d4cc    000000a0     simplelink.a : driver.obj (.text:_SlDriverHandleError)
                  2000d56c    0000009c     rtsv7M4_T_le_eabi.lib : memcpy_t2.obj (.text)
                  2000d608    0000009a     simplelink.a : device.obj (.text:_SlDrvDeviceEventHandler)
                  2000d6a2    00000002     --HOLE-- [fill = 0]
                  2000d6a4    00000094     driverlib.a : prcm.obj (.text:PRCMPeripheralClockGet)
                  2000d738    00000092     rtsv7M4_T_le_eabi.lib : fs_div_t2.obj (.text)
                  2000d7ca    00000002     --HOLE-- [fill = 0]
                  2000d7cc    00000090     simplelink.a : netapp.obj (.text:_sl_HandleAsync_DnsGetHostByName)
                  2000d85c    00000090                  : netapp.obj (.text:_sl_HandleAsync_PingResponse)
                  2000d8ec    00000090                  : wlan.obj (.text:sl_WlanPolicySet)
                  2000d97c    0000008c                  : cc_pal.obj (.text:SetupDMAReceive)
                  2000da08    0000008c                  : cc_pal.obj (.text:SetupDMASend)
                  2000da94    0000008c                  : driver.obj (.text:_SlDrvIsTimeoutExpired)
                  2000db20    0000008c                  : device.obj (.text:_sl_HandleAsync_InitComplete)
                  2000dbac    0000008c                  : cc_pal.obj (.text:spi_Write)
                  2000dc38    00000088     driverlib.a : pin.obj (.text:PinConfigSet)
                  2000dcc0    00000088     rtsv7M4_T_le_eabi.lib : vsnprintf.obj (.text)
                  2000dd48    00000086                           : fd_cmp_t2.obj (.text:__aeabi_cdcmple)
                  2000ddce    00000086                           : fd_cmp_t2.obj (.text:__aeabi_cdrcmple)
                  2000de54    00000084     driverlib.a : i2c.obj (.text:I2CMasterInitExpClk)
                  2000ded8    00000082                 : gpio.obj (.text:GPIOIntTypeSet)
                  2000df5a    00000002     --HOLE-- [fill = 0]
                  2000df5c    00000080     simplelink.a : socket.obj (.text:_sl_HandleAsync_Connect)
                  2000dfdc    00000080                  : cc_pal.obj (.text:spi_Read_CPU)
                  2000e05c    00000080                  : cc_pal.obj (.text:spi_Write_CPU)
                  2000e0dc    0000007a     rtsv7M4_T_le_eabi.lib : fs_mul_t2.obj (.text)
                  2000e156    0000007a                           : memset_t2.obj (.text)
                  2000e1d0    00000078     simplelink.a : cc_pal.obj (.text:spi_Close)
                  2000e248    00000076     driverlib.a : uart.obj (.text:UARTConfigSetExpClk)
                  2000e2be    00000002     --HOLE-- [fill = 0]
                  2000e2c0    00000074     pinmux.obj (.text)
                  2000e334    00000070     rtsv7M4_T_le_eabi.lib : autoinit.obj (.text)
                  2000e3a4    0000006e                           : fd_tos_t2.obj (.text)
                  2000e412    00000002     --HOLE-- [fill = 0]
                  2000e414    0000006c     simplelink.a : driver.obj (.text:_SlDrvCmdSend)
                  2000e480    0000006c                  : netapp.obj (.text:_sl_NetAppSendTokenValue)
                  2000e4ec    00000068     rtsv7M4_T_le_eabi.lib : copy_decompress_lzss.obj (.text:decompress:lzss)
                  2000e554    00000064     simplelink.a : socket.obj (.text:_sl_HandleAsync_Accept)
                  2000e5b8    00000064     driverlib.a : udma.obj (.text:uDMAChannelAttributeDisable)
                  2000e61c    00000064                 : udma.obj (.text:uDMAChannelAttributeEnable)
                  2000e680    00000060     simplelink.a : wlan.obj (.text:sl_WlanProfileDel)
                  2000e6e0    00000060                  : wlan.obj (.text:sl_WlanSetMode)
                  2000e740    0000005c     rtsv7M4_T_le_eabi.lib : s_frexp.obj (.text)
                  2000e79c    00000058     driverlib.a : interrupt.obj (.text:IntPendClear)
                  2000e7f4    00000058                 : prcm.obj (.text:PRCMPeripheralReset)
                  2000e84c    00000058     simplelink.a : netapp.obj (.text:sl_NetAppStart)
                  2000e8a4    00000058                  : netapp.obj (.text:sl_NetAppStop)
                  2000e8fc    00000054     driverlib.a : interrupt.obj (.text:IntPrioritySet)
                  2000e950    00000054     simplelink.a : socket.obj (.text:_sl_HandleAsync_Select)
                  2000e9a4    00000054     rtsv7M4_T_le_eabi.lib : exit.obj (.text)
                  2000e9f8    00000054                           : ltoa.obj (.text)
                  2000ea4c    00000050     simplelink.a : driver.obj (.text:_SlDrvRxIrqHandler)
                  2000ea9c    00000050                  : device.obj (.text:_sl_HandleAsync_Stop)
                  2000eaec    0000004c     driverlib.a : spi.obj (.text:SPIIntEnable)
                  2000eb38    0000004c     simplelink.a : driver.obj (.text:_SlDrvProtectAsyncRespSetting)
                  2000eb84    0000004c     rtsv7M4_T_le_eabi.lib : atoi.obj (.text)
                  2000ebd0    0000004c                           : cpy_tbl.obj (.text)
                  2000ec1c    0000004c     driverlib.a : udma.obj (.text:uDMAChannelAssign)
                  2000ec68    00000048                 : spi.obj (.text:SPIIntClear)
                  2000ecb0    00000048     simplelink.a : driver.obj (.text:_SlDrvBasicCmd)
                  2000ecf8    00000048     rtsv7M4_T_le_eabi.lib : fd_toi_t2.obj (.text)
                  2000ed40    00000044     driverlib.a : spi.obj (.text:SPIDmaMaskGet)
                  2000ed84    00000044                 : timer.obj (.text:TimerConfigure)
                  2000edc8    00000044     simplelink.a : cc_pal.obj (.text:cc_SetupTransfer)
                  2000ee0c    00000040     driverlib.a : pin.obj (.text:PinModeSet)
                  2000ee4c    00000040     simplelink.a : driver.obj (.text:_SlDrvSyncObjWaitTimeout)
                  2000ee8c    00000040     rtsv7M4_T_le_eabi.lib : boot.obj (.text)
                  2000eecc    0000003c     simplelink.a : netapp.obj (.text:CopyPingResultsToReport)
                  2000ef08    0000003c     driverlib.a : prcm.obj (.text:PRCMPeripheralClkEnable)
                  2000ef44    0000003c     simplelink.a : cc_pal.obj (.text:simplelink_timerA2_start)
                  2000ef80    0000003c     driverlib.a : udma.obj (.text:uDMAChannelControlSet)
                  2000efbc    00000038     simplelink.a : cc_pal.obj (.text:NwpPowerOff)
                  2000eff4    00000038     free_rtos.a : heap_3.obj (.text)
                  2000f02c    00000038     rtsv7M4_T_le_eabi.lib : fs_toi_t2.obj (.text)
                  2000f064    00000038     simplelink.a : wlan.obj (.text:sl_WlanSmartConfigStop)
                  2000f09c    00000036     driverlib.a : gpio.obj (.text:GPIODirModeSet)
                  2000f0d2    00000002     --HOLE-- [fill = 0]
                  2000f0d4    00000034                 : prcm.obj (.text:PRCMPeripheralStatusGet)
                  2000f108    00000034                 : spi.obj (.text:SPIFIFOLevelSet)
                  2000f13c    00000034     rtsv7M4_T_le_eabi.lib : fs_tou_t2.obj (.text)
                  2000f170    00000030     driverlib.a : pin.obj (.text:PinTypeGPIO)
                  2000f1a0    00000030                 : uart.obj (.text:UARTDisable)
                  2000f1d0    0000002e     rtsv7M4_T_le_eabi.lib : i_tofd_t2.obj (.text)
                  2000f1fe    00000002     --HOLE-- [fill = 0]
                  2000f200    0000002c     simplelink.a : cc_pal.obj (.text:DmaSpiSwIntHandler)
                  2000f22c    0000002c     driverlib.a : i2c.obj (.text:I2CMasterErr)
                  2000f258    0000002c     simplelink.a : cc_pal.obj (.text:NwpPowerOn)
                  2000f284    0000002c     driverlib.a : prcm.obj (.text:PRCMSysResetCauseGet)
                  2000f2b0    0000002a                 : timer.obj (.text:TimerLoadSet)
                  2000f2da    0000002a                 : timer.obj (.text:TimerPrescaleSet)
                  2000f304    00000028                 : prcm.obj (.text:PRCMPeripheralClkDisable)
                  2000f32c    00000028     simplelink.a : driver.obj (.text:_SlDrvObjGlobalLockWaitForever)
                  2000f354    00000028                  : driver.obj (.text:_SlDrvProtectionObjLockWaitForever)
                  2000f37c    00000026                  : cc_pal.obj (.text:NwpRegisterInterruptHandler)
                  2000f3a2    00000002     --HOLE-- [fill = 0]
                  2000f3a4    00000024     driverlib.a : interrupt.obj (.text:IntUnregister)
                  2000f3c8    00000024                 : uart.obj (.text:UARTEnable)
                  2000f3ec    00000024     simplelink.a : driver.obj (.text:_SlDrvGlobalObjUnLock)
                  2000f410    00000024                  : driver.obj (.text:_SlDrvProtectionObjUnLock)
                  2000f434    00000024                  : driver.obj (.text:_SlDrvSyncObjWaitForever)
                  2000f458    00000024     rtsv7M4_T_le_eabi.lib : memcmp.obj (.text)
                  2000f47c    00000024                           : memmov.obj (.text)
                  2000f4a0    00000022     driverlib.a : i2c.obj (.text:I2CMasterSlaveAddrSet)
                  2000f4c2    00000022                 : spi.obj (.text:SPIReset)
                  2000f4e4    00000022                 : spi.obj (.text:SPIWordCountSet)
                  2000f506    00000020                 : gpio.obj (.text:GPIOPinWrite)
                  2000f526    00000002     --HOLE-- [fill = 0]
                  2000f528    00000020                 : interrupt.obj (.text:IntRegister)
                  2000f548    00000020     simplelink.a : cc_pal.obj (.text:NwpPrePowerOffTimout0)
                  2000f568    00000020                  : cc_pal.obj (.text:TimerGetCurrentTimestamp)
                  2000f588    0000001e     driverlib.a : i2c.obj (.text:I2CMasterIntStatusEx)
                  2000f5a6    0000001e                 : timer.obj (.text:TimerEnable)
                  2000f5c4    0000001e                 : uart.obj (.text:UARTCharPut)
                  2000f5e2    0000001e     simplelink.a : driver.obj (.text:_SlDrvSyncObjSignal)
                  2000f600    0000001e                  : cc_pal.obj (.text:cc_UDMAChannelSelect)
                  2000f61e    0000001c     driverlib.a : pin.obj (.text:PinTypeI2C)
                  2000f63a    0000001c                 : timer.obj (.text:TimerValueGet)
                  2000f656    0000001c                 : uart.obj (.text:UARTCharGetNonBlocking)
                  2000f672    0000001c     simplelink.a : driver.obj (.text:_SlDrvStartMeasureTimeout)
                  2000f68e    0000001c     rtsv7M4_T_le_eabi.lib : memccpy.obj (.text)
                  2000f6aa    00000002     --HOLE-- [fill = 0]
                  2000f6ac    0000001c     driverlib.a : udma.obj (.text:uDMAChannelEnable)
                  2000f6c8    0000001a                 : gpio.obj (.text:GPIOIntEnable)
                  2000f6e2    0000001a                 : pin.obj (.text:PinTypeUART)
                  2000f6fc    0000001a                 : spi.obj (.text:SPIDmaDisable)
                  2000f716    0000001a                 : spi.obj (.text:SPIDmaEnable)
                  2000f730    0000001a                 : spi.obj (.text:SPIFIFODisable)
                  2000f74a    0000001a                 : spi.obj (.text:SPIFIFOEnable)
                  2000f764    00000018                 : gpio.obj (.text:GPIOPinRead)
                  2000f77c    00000018                 : spi.obj (.text:SPICSDisable)
                  2000f794    00000018                 : spi.obj (.text:SPICSEnable)
                  2000f7ac    00000018                 : spi.obj (.text:SPIDisable)
                  2000f7c4    00000018                 : spi.obj (.text:SPIEnable)
                  2000f7dc    00000018                 : uart.obj (.text:UARTCharsAvail)
                  2000f7f4    00000018     simplelink.a : device.obj (.text:_sl_GetStartResponseConvert)
                  2000f80c    00000018     rtsv7M4_T_le_eabi.lib : args_main.obj (.text)
                  2000f824    00000016     driverlib.a : i2c.obj (.text:I2CMasterDataPut)
                  2000f83a    00000016                 : i2c.obj (.text:I2CMasterEnable)
                  2000f850    00000016                 : prcm.obj (.text:PRCMHIBRegRead)
                  2000f866    00000016                 : prcm.obj (.text:PRCMHIBRegWrite)
                  2000f87c    00000016     simplelink.a : driver.obj (.text:_SlDrvMemZero)
                  2000f892    00000016     rtsv7M4_T_le_eabi.lib : strchr.obj (.text)
                  2000f8a8    00000014     driverlib.a : cpu.obj (.text:CPUcpsie)
                  2000f8bc    00000014                 : gpio.obj (.text:GPIOIntClear)
                  2000f8d0    00000014                 : interrupt.obj (.text:IntVTableBaseSet)
                  2000f8e4    00000014     rtsv7M4_T_le_eabi.lib : _lock.obj (.text)
                  2000f8f8    00000014                           : strcpy.obj (.text)
                  2000f90c    00000014                           : strlen.obj (.text)
                  2000f920    00000012     driverlib.a : i2c.obj (.text:I2CMasterControl)
                  2000f932    00000012                 : i2c.obj (.text:I2CMasterIntClearEx)
                  2000f944    00000012                 : i2c.obj (.text:I2CMasterTimeoutSet)
                  2000f956    00000010     simplelink.a : driver.obj (.text:_SlDrvDispatchHttpServerEvents)
                  2000f966    0000000e     driverlib.a : i2c.obj (.text:I2CMasterDataGet)
                  2000f974    0000000e     simplelink.a : driver.obj (.text:_SlDrvResetCmdExt)
                  2000f982    0000000e     rtsv7M4_T_le_eabi.lib : copy_decompress_none.obj (.text:decompress:none)
                  2000f990    0000000e     startup_ccs.obj (.text)
                  2000f99e    00000002     --HOLE-- [fill = 0]
                  2000f9a0    0000000c     simplelink.a : cc_pal.obj (.text:NwpMaskInterrupt)
                  2000f9ac    0000000c                  : cc_pal.obj (.text:NwpUnMaskInterrupt)
                  2000f9b8    0000000c     rtsv7M4_T_le_eabi.lib : copy_zero_init.obj (.text:decompress:ZI)
                  2000f9c4    0000000a     driverlib.a : interrupt.obj (.text:IntMasterEnable)
                  2000f9ce    00000008     rtsv7M4_T_le_eabi.lib : s_copysign.obj (.text)
                  2000f9d6    00000006     driverlib.a : utils.obj (.text:UtilsDelay)
                  2000f9dc    00000004     rtsv7M4_T_le_eabi.lib : pre_init.obj (.text)

.const     0    2000f9e0    0000055a     
                  2000f9e0    00000101     rtsv7M4_T_le_eabi.lib : ctype.obj (.const:.string:_ctypes_)
                  2000fae1    00000003     --HOLE-- [fill = 0]
                  2000fae4    00000100     driverlib.a : pin.obj (.const:g_ulPinToPadMap)
                  2000fbe4    000000d4                 : interrupt.obj (.const:g_pulRegs)
                  2000fcb8    000000a8                 : prcm.obj (.const:PRCM_PeriphRegsList)
                  2000fd60    0000003c     simplelink.a : driver.obj (.const:OpcodeTranslateTable)
                  2000fd9c    00000038                  : driver.obj (.const:_SlActionLookupTable)
                  2000fdd4    00000004                  : netapp.obj (.const:$P$T0$1)
                  2000fdd8    00000030     rtsv7M4_T_le_eabi.lib : e_pow.obj (.const:$O1$$)
                  2000fe08    00000020     simplelink.a : driver.obj (.const:RxMsgClassLUT)
                  2000fe28    00000018     driverlib.a : interrupt.obj (.const:g_pulDisRegs)
                  2000fe40    00000018                 : interrupt.obj (.const:g_pulEnRegs)
                  2000fe58    00000018                 : interrupt.obj (.const:g_pulUnpendRegs)
                  2000fe70    00000018                 : spi.obj (.const:g_ulSPIDmaMaskMap)
                  2000fe88    00000014     simplelink.a : driver.obj (.const:$P$T0$1)
                  2000fe9c    00000013     smartconfig.obj (.const:.string:$P$T0$1)
                  2000feaf    00000011     main.obj (.const:.string:$P$T1$2)
                  2000fec0    00000010     smartconfig.obj (.const:.string:$P$T1$2)
                  2000fed0    0000000e     main.obj (.const:.string:$P$T0$1)
                  2000fede    0000000b     main.obj (.const:.string:pcDigits)
                  2000fee9    00000008     main.obj (.const:.string:$P$T2$3)
                  2000fef1    00000008     simplelink.a : device.obj (.const:StartResponseLUT)
                  2000fef9    00000003     --HOLE-- [fill = 0]
                  2000fefc    00000008                  : driver.obj (.const:g_H2NCnysPattern)
                  2000ff04    00000008                  : driver.obj (.const:g_H2NSyncPattern)
                  2000ff0c    00000005     main.obj (.const:.string:$P$T3$4)
                  2000ff11    00000001     --HOLE-- [fill = 0]
                  2000ff12    00000004     simplelink.a : netapp.obj (.const:_SlGetHostByNameCtrl)
                  2000ff16    00000004                  : netapp.obj (.const:_SlNetAppSendTokenValueCmdCtrl)
                  2000ff1a    00000004                  : netapp.obj (.const:_SlNetAppStartCtrl)
                  2000ff1e    00000004                  : netapp.obj (.const:_SlNetAppStopCtrl)
                  2000ff22    00000004                  : wlan.obj (.const:_SlPolicySetCmdCtrl)
                  2000ff26    00000004                  : wlan.obj (.const:_SlProfileDelCmdCtrl)
                  2000ff2a    00000004                  : wlan.obj (.const:_SlSmartConfigStartCmdCtrl)
                  2000ff2e    00000004                  : device.obj (.const:_SlStopCmdCtrl)
                  2000ff32    00000004                  : wlan.obj (.const:_SlWlanCfgGetCmdCtrl)
                  2000ff36    00000004                  : wlan.obj (.const:_SlWlanSetModeCmdCtrl)

.cinit     0    2000ff40    00000090     
                  2000ff40    00000066     (.cinit..data.load) [load image, compression = lzss]
                  2000ffa6    00000002     --HOLE-- [fill = 0]
                  2000ffa8    0000000c     (__TI_handler_table)
                  2000ffb4    00000004     --HOLE-- [fill = 0]
                  2000ffb8    00000008     (.cinit..bss.load) [load image, compression = zero_init]
                  2000ffc0    00000010     (__TI_cinit_table)

.sysmem    0    20017000    00002000     UNINITIALIZED
                  20017000    00000008     rtsv7M4_T_le_eabi.lib : memory.obj (.sysmem)
                  20017008    00001ff8     --HOLE--

.bss       0    20019000    0000038a     UNINITIALIZED
                  20019000    00000178     simplelink.a : driver.obj (.bss:g_StatMem)
                  20019178    000000c8     free_rtos.a : tasks.obj (.bss:pxReadyTasksLists)
                  20019240    00000050     (.common:g_ucDinDout)
                  20019290    00000050     (.common:xQueueRegistry)
                  200192e0    00000024     main.obj (.bss:g_ucConnectionSSID)
                  20019304    00000014     free_rtos.a : tasks.obj (.bss:xDelayedTaskList1)
                  20019318    00000014                 : tasks.obj (.bss:xDelayedTaskList2)
                  2001932c    00000014                 : tasks.obj (.bss:xPendingReadyList)
                  20019340    00000014                 : tasks.obj (.bss:xSuspendedTaskList)
                  20019354    00000014                 : tasks.obj (.bss:xTasksWaitingTermination)
                  20019368    00000008                 : tasks.obj (.bss)
                  20019370    00000008     main.obj (.bss:g_ucConnectionBSSID)
                  20019378    00000004     uart_if.obj (.bss)
                  2001937c    00000004     (.common:DMAMsgQ)
                  20019380    00000004     (.common:g_cDummy)
                  20019384    00000001     (.common:RxIrqCnt)
                  20019385    00000001     (.common:g_bDeviceRestartIsRequired)
                  20019386    00000001     (.common:g_ucLED1Pin)
                  20019387    00000001     (.common:g_ucLED2Pin)
                  20019388    00000001     (.common:g_ucLED3Pin)
                  20019389    00000001     (.common:g_ucledPin)

.data      0    2001938c    000000f4     UNINITIALIZED
                  2001938c    00000034     free_rtos.a : tasks.obj (.data)
                  200193c0    00000014     main.obj (.data)
                  200193d4    00000014     gpio_if.obj (.data:ulReg)
                  200193e8    00000010     gpio_if.obj (.data)
                  200193f8    0000000d     simplelink.a : driver.obj (.data)
                  20019405    00000003     --HOLE--
                  20019408    0000000c     rtsv7M4_T_le_eabi.lib : exit.obj (.data:$O1$$)
                  20019414    0000000c                           : memory.obj (.data:$O1$$)
                  20019420    0000000c     free_rtos.a : osi_freertos.obj (.data)
                  2001942c    0000000b     main.obj (.data:GET_token_ACC)
                  20019437    0000000b     main.obj (.data:GET_token_TEMP)
                  20019442    0000000b     main.obj (.data:GET_token_UIC)
                  2001944d    0000000b     main.obj (.data:POST_token)
                  20019458    00000009     simplelink.a : cc_pal.obj (.data)
                  20019461    00000003     --HOLE--
                  20019464    00000008     rtsv7M4_T_le_eabi.lib : _lock.obj (.data:$O1$$)
                  2001946c    00000008     device_status.obj (.data)
                  20019474    00000004     free_rtos.a : port.obj (.data)
                  20019478    00000004     rtsv7M4_T_le_eabi.lib : errno.obj (.data)
                  2001947c    00000004                           : stkdepth_vars.obj (.data)

.stack     0    2002f000    00001000     UNINITIALIZED
                  2002f000    00001000     --HOLE--

MODULE SUMMARY

       Module                     code    ro data   rw data
       ------                     ----    -------   -------
    .\
       main.obj                   3752    55        108    
       tmp006drv.obj              1072    0         0      
       startup_ccs.obj            14      1024      0      
       gpio_if.obj                956     0         40     
       uart_if.obj                656     0         4      
       i2c_if.obj                 644     0         0      
       bma222drv.obj              484     0         0      
       smartconfig.obj            232     35        0      
       device_status.obj          180     0         8      
       pinmux.obj                 116     0         0      
    +--+--------------------------+-------+---------+---------+
       Total:                     8106    1114      160    
                                                           
    C:/TI/CC3200SDK_1.3.0/CC3200SDK_1.3.0/cc3200-sdk/driverlib/ccs/Release/driverlib.a
       prcm.obj                   852     168       0      
       interrupt.obj              608     284       0      
       spi.obj                    696     24        0      
       udma.obj                   604     0         0      
       pin.obj                    302     256       0      
       i2c.obj                    352     0         0      
       gpio.obj                   286     0         0      
       uart.obj                   284     0         0      
       timer.obj                  210     0         0      
       cpu.obj                    20      0         0      
       utils.obj                  6       0         0      
    +--+--------------------------+-------+---------+---------+
       Total:                     4220    732       0      
                                                           
    C:/TI/CC3200SDK_1.3.0/CC3200SDK_1.3.0/cc3200-sdk/oslib/ccs/free_rtos/free_rtos.a
       tasks.obj                  4700    0         360    
       queue.obj                  2852    0         80     
       osi_freertos.obj           1116    0         12     
       list.obj                   298     0         0      
       port.obj                   272     0         4      
       portasm.obj                186     0         0      
       heap_3.obj                 56      0         0      
    +--+--------------------------+-------+---------+---------+
       Total:                     9480    0         456    
                                                           
    C:/TI/CC3200SDK_1.3.0/CC3200SDK_1.3.0/cc3200-sdk/simplelink/ccs/OS/simplelink.a
       driver.obj                 6734    184       391    
       cc_pal.obj                 1780    0         97     
       netapp.obj                 1852    20        0      
       device.obj                 874     12        0      
       wlan.obj                   788     20        0      
       socket.obj                 312     0         0      
    +--+--------------------------+-------+---------+---------+
       Total:                     12340   236       488    
                                                           
    C:\TI\ccsv7\tools\compiler\ti-cgt-arm_16.9.1.LTS\lib\rtsv7M4_T_le_eabi.lib
       _printfi.obj               4386    0         0      
       e_pow.obj                  2476    48        0      
       memory.obj                 976     0         12     
       ull_div_t2.obj             500     0         0      
       fd_add_t2.obj              438     0         0      
       e_sqrt.obj                 368     0         0      
       fd_div_t2.obj              310     0         0      
       fd_cmp_t2.obj              268     0         0      
       ctype.obj                  0       257       0      
       fd_mul_t2.obj              252     0         0      
       fs_add_t2.obj              250     0         0      
       s_scalbn.obj               208     0         0      
       memcpy_t2.obj              156     0         0      
       fs_div_t2.obj              146     0         0      
       vsnprintf.obj              136     0         0      
       fs_mul_t2.obj              122     0         0      
       memset_t2.obj              122     0         0      
       autoinit.obj               112     0         0      
       fd_tos_t2.obj              110     0         0      
       copy_decompress_lzss.obj   104     0         0      
       exit.obj                   84      0         12     
       s_frexp.obj                92      0         0      
       ltoa.obj                   84      0         0      
       atoi.obj                   76      0         0      
       cpy_tbl.obj                76      0         0      
       fd_toi_t2.obj              72      0         0      
       boot.obj                   64      0         0      
       fs_toi_t2.obj              56      0         0      
       fs_tou_t2.obj              52      0         0      
       i_tofd_t2.obj              46      0         0      
       memcmp.obj                 36      0         0      
       memmov.obj                 36      0         0      
       _lock.obj                  20      0         8      
       memccpy.obj                28      0         0      
       args_main.obj              24      0         0      
       strchr.obj                 22      0         0      
       strcpy.obj                 20      0         0      
       strlen.obj                 20      0         0      
       copy_decompress_none.obj   14      0         0      
       copy_zero_init.obj         12      0         0      
       s_copysign.obj             8       0         0      
       errno.obj                  0       0         4      
       pre_init.obj               4       0         0      
       stkdepth_vars.obj          0       0         4      
       mpu_init.obj               2       0         0      
       startup.obj                2       0         0      
    +--+--------------------------+-------+---------+---------+
       Total:                     12390   305       40     
                                                           
       Heap:                      0       0         8192   
       Stack:                     0       0         4096   
       Linker Generated:          0       138       0      
    +--+--------------------------+-------+---------+---------+
       Grand Total:               46536   2525      13432  


LINKER GENERATED COPY TABLES

__TI_cinit_table @ 2000ffc0 records: 2, size/record: 8, table size: 16
	.data: load addr=2000ff40, load size=00000066 bytes, run addr=2001938c, run size=000000f4 bytes, compression=lzss
	.bss: load addr=2000ffb8, load size=00000008 bytes, run addr=20019000, run size=0000038a bytes, compression=zero_init


LINKER GENERATED HANDLER TABLE

__TI_handler_table @ 2000ffa8 records: 3, size/record: 4, table size: 12
	index: 0, handler: __TI_decompress_lzss
	index: 1, handler: __TI_decompress_none
	index: 2, handler: __TI_zero_init


GLOBAL SYMBOLS: SORTED ALPHABETICALLY BY Name 

address   name                               
-------   ----                               
2000aaa9  BMA222Close                        
2000aa87  BMA222Open                         
2000aaad  BMA222Read                         
2000ab29  BMA222ReadNew                      
2000aa57  BlockRead                          
2000e9a5  C$$EXIT                            
2000f8a9  CPUcpsie                           
2000a0e1  ClearTerm                          
20007149  ConnectToNetwork                   
2000d241  ConnectionTest                     
2001937c  DMAMsgQ                            
2000f201  DmaSpiSwIntHandler                 
2000a0eb  Error                              
2000f09d  GPIODirModeSet                     
2000f8bd  GPIOIntClear                       
2000f6c9  GPIOIntEnable                      
2000ded9  GPIOIntTypeSet                     
2000f765  GPIOPinRead                        
2000f507  GPIOPinWrite                       
20009fc9  GPIO_IF_ConfigureNIntEnable        
2000a05d  GPIO_IF_Get                        
20009f83  GPIO_IF_GetPortNPin                
20009d21  GPIO_IF_LedConfigure               
20009e37  GPIO_IF_LedOff                     
20009d71  GPIO_IF_LedOn                      
20009eeb  GPIO_IF_LedStatus                  
20009f55  GPIO_IF_LedToggle                  
2000a00b  GPIO_IF_Set                        
2000a123  GetCmd                             
2000a9f5  GetRegisterValue                   
2000f921  I2CMasterControl                   
2000f967  I2CMasterDataGet                   
2000f825  I2CMasterDataPut                   
2000f83b  I2CMasterEnable                    
2000f22d  I2CMasterErr                       
2000de55  I2CMasterInitExpClk                
2000f933  I2CMasterIntClearEx                
2000f589  I2CMasterIntStatusEx               
2000f4a1  I2CMasterSlaveAddrSet              
2000f945  I2CMasterTimeoutSet                
2000a59f  I2C_IF_Close                       
2000a557  I2C_IF_Open                        
2000a455  I2C_IF_Read                        
2000a511  I2C_IF_ReadFrom                    
2000a3a5  I2C_IF_Write                       
2000a0a1  InitTerm                           
2000d2dd  IntDisable                         
2000d385  IntEnable                          
2000f9c5  IntMasterEnable                    
2000e79d  IntPendClear                       
2000e8fd  IntPrioritySet                     
2000f529  IntRegister                        
2000f3a5  IntUnregister                      
2000f8d1  IntVTableBaseSet                   
2000a0bf  Message                            
2000f9a1  NwpMaskInterrupt                   
2000efbd  NwpPowerOff                        
2000f259  NwpPowerOn                         
2000f549  NwpPrePowerOffTimout0              
2000f37d  NwpRegisterInterruptHandler        
2000f9ad  NwpUnMaskInterrupt                 
2000fd60  OpcodeTranslateTable               
2000b5cd  PRCMCC3200MCUInit                  
2000f851  PRCMHIBRegRead                     
2000f867  PRCMHIBRegWrite                    
2000f305  PRCMPeripheralClkDisable           
2000ef09  PRCMPeripheralClkEnable            
2000d6a5  PRCMPeripheralClockGet             
2000e7f5  PRCMPeripheralReset                
2000f0d5  PRCMPeripheralStatusGet            
2000f285  PRCMSysResetCauseGet               
2000dc39  PinConfigSet                       
2000ee0d  PinModeSet                         
2000e2c1  PinMuxConfig                       
2000f171  PinTypeGPIO                        
2000f61f  PinTypeI2C                         
2000f6e3  PinTypeUART                        
20006845  ReadAccSensor                      
2000a271  Report                             
2000f991  ResetISR                           
20019384  RxIrqCnt                           
UNDEFED   SHT$$INIT_ARRAY$$Base              
UNDEFED   SHT$$INIT_ARRAY$$Limit             
2000f77d  SPICSDisable                       
2000f795  SPICSEnable                        
2000d42d  SPIConfigSetExpClk                 
2000f7ad  SPIDisable                         
2000f6fd  SPIDmaDisable                      
2000f717  SPIDmaEnable                       
2000f7c5  SPIEnable                          
2000f731  SPIFIFODisable                     
2000f74b  SPIFIFOEnable                      
2000f109  SPIFIFOLevelSet                    
2000ec69  SPIIntClear                        
2000eaed  SPIIntEnable                       
2000f4c3  SPIReset                           
2000f4e5  SPIWordCountSet                    
2000aa1f  SetRegisterValue                   
20006f1d  SimpleLinkGeneralEventHandler      
20006d4f  SimpleLinkHttpServerCallback       
20006a75  SimpleLinkNetAppEventHandler       
2000d229  SimpleLinkPingReport               
20006f45  SimpleLinkSockEventHandler         
2000691d  SimpleLinkWlanEventHandler         
2000ca21  SmartConfigConnect                 
2000caa9  SmartConfigStop                    
200097bd  TMP006DrvGetTemp                   
20009525  TMP006DrvOpen                      
2000ed85  TimerConfigure                     
2000f5a7  TimerEnable                        
2000f569  TimerGetCurrentTimestamp           
2000f2b1  TimerLoadSet                       
2000f2db  TimerPrescaleSet                   
2000f63b  TimerValueGet                      
2000a1d9  TrimSpace                          
2000f657  UARTCharGetNonBlocking             
2000f5c5  UARTCharPut                        
2000f7dd  UARTCharsAvail                     
2000e249  UARTConfigSetExpClk                
2000f1a1  UARTDisable                        
2000f3c9  UARTEnable                         
2000f9d7  UtilsDelay                         
20009351  VDeleteSimpleLinkSpawnTask         
20009301  VStartSimpleLinkSpawnTask          
2000fd9c  _SlActionLookupTable               
2000d4cd  _SlDriverHandleError               
2000ecb1  _SlDrvBasicCmd                     
2000cfed  _SlDrvCmdOp                        
2000e415  _SlDrvCmdSend                      
2000d609  _SlDrvDeviceEventHandler           
2000f957  _SlDrvDispatchHttpServerEvents     
2000c055  _SlDrvDriverCBDeinit               
2000b2ad  _SlDrvDriverCBInit                 
2000f3ed  _SlDrvGlobalObjUnLock              
2000da95  _SlDrvIsTimeoutExpired             
2000f87d  _SlDrvMemZero                      
2000c939  _SlDrvMsgReadSpawnCtx              
2000c289  _SlDrvNetAppEventHandler           
2000eb39  _SlDrvProtectAsyncRespSetting      
2000f355  _SlDrvProtectionObjLockWaitForever 
2000f411  _SlDrvProtectionObjUnLock          
2000abd9  _SlDrvReleasePoolObj               
2000f975  _SlDrvResetCmdExt                  
2000ea4d  _SlDrvRxIrqHandler                 
2000f673  _SlDrvStartMeasureTimeout          
2000f5e3  _SlDrvSyncObjSignal                
2000f435  _SlDrvSyncObjWaitForever           
2000ee4d  _SlDrvSyncObjWaitTimeout           
2000b43d  _SlDrvWaitForPoolObj               
2000ff16  _SlNetAppSendTokenValueCmdCtrl     
20030000  __STACK_END                        
00001000  __STACK_SIZE                       
00002000  __SYSMEM_SIZE                      
2000ffc0  __TI_CINIT_Base                    
2000ffd0  __TI_CINIT_Limit                   
2000ffa8  __TI_Handler_Table_Base            
2000ffb4  __TI_Handler_Table_Limit           
2000e335  __TI_auto_init                     
20019408  __TI_cleanup_ptr                   
2000e4ed  __TI_decompress_lzss               
2000f983  __TI_decompress_none               
2001940c  __TI_dtors_ptr                     
20019410  __TI_enable_exit_profile_output    
ffffffff  __TI_pprof_out_hndl                
20005e95  __TI_printfi                       
ffffffff  __TI_prof_data_size                
ffffffff  __TI_prof_data_start               
2000ff40  __TI_static_base__                 
2000f9b9  __TI_zero_init                     
2000dd49  __aeabi_cdcmpeq                    
2000dd49  __aeabi_cdcmple                    
2000ddcf  __aeabi_cdrcmple                   
2000e3a5  __aeabi_d2f                        
2000ecf9  __aeabi_d2iz                       
2000adb3  __aeabi_dadd                       
2000bdf5  __aeabi_ddiv                       
2000c38d  __aeabi_dmul                       
2000ada9  __aeabi_dsub                       
2000f02d  __aeabi_f2iz                       
2000f13d  __aeabi_f2uiz                      
2000c48d  __aeabi_fadd                       
2000d739  __aeabi_fdiv                       
2000e0dd  __aeabi_fmul                       
2000c489  __aeabi_fsub                       
2000f1d1  __aeabi_i2d                        
2000e157  __aeabi_memclr                     
2000e157  __aeabi_memclr4                    
2000e157  __aeabi_memclr8                    
2000d56d  __aeabi_memcpy                     
2000d56d  __aeabi_memcpy4                    
2000d56d  __aeabi_memcpy8                    
2000e159  __aeabi_memset                     
2000e159  __aeabi_memset4                    
2000e159  __aeabi_memset8                    
2000a801  __aeabi_uldivmod                   
ffffffff  __binit__                          
ffffffff  __c_args__                         
2000af5f  __mpu_init                         
2002f000  __stack                            
2000f80d  _args_main                         
2000ee8d  _c_int00                           
2000f9e0  _ctypes_                           
20019464  _lock                              
2000f8f3  _nop                               
2000f8eb  _register_lock                     
2000f8e5  _register_unlock                   
2000e555  _sl_HandleAsync_Accept             
2000df5d  _sl_HandleAsync_Connect            
2000d7cd  _sl_HandleAsync_DnsGetHostByName   
2000cd91  _sl_HandleAsync_DnsGetHostByService
2000db21  _sl_HandleAsync_InitComplete       
2000d85d  _sl_HandleAsync_PingResponse       
2000e951  _sl_HandleAsync_Select             
2000ea9d  _sl_HandleAsync_Stop               
2000e481  _sl_NetAppSendTokenValue           
20017000  _sys_memory                        
2000c583  _system_post_cinit                 
2000f9dd  _system_pre_init                   
20019468  _unlock                            
2000e9a9  abort                              
2000eb85  atoi                               
ffffffff  binit                              
20009cb5  calloc                             
2000ebd1  copy_in                            
2000f9cf  copysign                           
2000f9cf  copysignl                          
20004691  eTaskGetState                      
20019478  errno                              
2000e9b1  exit                               
200099ff  free                               
2000e741  frexp                              
2000e741  frexpl                             
200193f8  g_SlDeviceStatus                   
20019458  g_SpiFd                            
20019385  g_bDeviceRestartIsRequired         
20019380  g_cDummy                           
200193fc  g_pCB                              
2001945c  g_pHostIntHdl                      
20004000  g_pfnVectors                       
20019460  g_ucDMAEnabled                     
20019240  g_ucDinDout                        
20019386  g_ucLED1Pin                        
20019387  g_ucLED2Pin                        
20019388  g_ucLED3Pin                        
20019389  g_ucledPin                         
200193e8  g_uiLED1Port                       
200193ec  g_uiLED2Port                       
200193f0  g_uiLED3Port                       
20019470  g_uiPingDone                       
2001946c  g_uiPingPacketsRecv                
200193f4  g_uiledPort                        
2000ccc1  ldexp                              
2000ccc1  ldexpl                             
2000e9f9  ltoa                               
200074ab  main                               
2001947c  main_func_sp                       
20009995  malloc                             
20009455  mem_Free                           
20009449  mem_Malloc                         
20009475  mem_copy                           
20009461  mem_set                            
20009bc9  memalign                           
2000f68f  memccpy                            
2000f459  memcmp                             
2000d56d  memcpy                             
2000f47d  memmove                            
2000e15f  memset                             
20009915  minit                              
200094cb  osi_ContextRestore                 
200094c9  osi_ContextSave                    
20009489  osi_EnterCritical                  
20009493  osi_ExitCritical                   
200090af  osi_InterruptDeRegister            
20009089  osi_InterruptRegister              
200091b9  osi_LockObjCreate                  
2000922d  osi_LockObjDelete                  
2000923d  osi_LockObjLock                    
20009269  osi_LockObjUnlock                  
2000937d  osi_MsgQCreate                     
200093c1  osi_MsgQDelete                     
2000940d  osi_MsgQRead                       
200093db  osi_MsgQWrite                      
200094a5  osi_Sleep                          
20009293  osi_Spawn                          
20009197  osi_SyncObjClear                   
200090c1  osi_SyncObjCreate                  
200090f1  osi_SyncObjDelete                  
2000910b  osi_SyncObjSignal                  
20009133  osi_SyncObjSignalFromISR           
2000916b  osi_SyncObjWait                    
200091df  osi_TaskCreate                     
2000921f  osi_TaskDelete                     
200094b5  osi_TaskDisable                    
200094bf  osi_TaskEnable                     
2000949d  osi_start                          
20019400  pPingCallBackFunc                  
20004bb5  pcTaskGetTaskName                  
2000d221  portCLZ                            
2000814d  pow                                
2000814d  powl                               
2000d209  prvPortStartFirstTask              
2000eff5  pvPortMalloc                       
2001938c  pxCurrentTCB                       
2000c179  pxPortInitialiseStack              
20009ac1  realloc                            
2000ccc1  scalbn                             
2000ccc1  scalbnl                            
2000ef45  simplelink_timerA2_start           
2000bb75  sl_NetAppDnsGetHostByName          
2000af61  sl_NetAppPingStart                 
2000e84d  sl_NetAppStart                     
2000e8a5  sl_NetAppStop                      
2000c765  sl_Start                           
2000c585  sl_Stop                            
2000ce5d  sl_WlanGet                         
2000d8ed  sl_WlanPolicySet                   
2000e681  sl_WlanProfileDel                  
2000e6e1  sl_WlanSetMode                     
2000d0ad  sl_WlanSmartConfigStart            
2000f065  sl_WlanSmartConfigStop             
2000e1d1  spi_Close                          
2000ba25  spi_Open                           
2000cbe5  spi_Read                           
2000dbad  spi_Write                          
2000b8b5  sqrt                               
2000b8b5  sqrtl                              
2000f893  strchr                             
2000f8f9  strcpy                             
2000f90d  strlen                             
2000ec1d  uDMAChannelAssign                  
2000e5b9  uDMAChannelAttributeDisable        
2000e61d  uDMAChannelAttributeEnable         
2000ef81  uDMAChannelControlSet              
2000f6ad  uDMAChannelEnable                  
2000c675  uDMAChannelTransferSet             
20007da9  ucQueueGetQueueType                
2000d171  ulPortSetInterruptMask             
2000c00d  uxListRemove                       
20007d89  uxQueueGetQueueNumber              
20007d1d  uxQueueMessagesWaiting             
20007d53  uxQueueMessagesWaitingFromISR      
20007d33  uxQueueSpacesAvailable             
20004ba9  uxTaskGetNumberOfTasks             
20004bd9  uxTaskGetSystemState               
200050cd  uxTaskGetTaskNumber                
20004725  uxTaskPriorityGet                  
20005625  uxTaskResetEventItemValue          
2000678d  vApplicationIdleHook               
20006799  vApplicationMallocFailedHook       
2000678f  vApplicationStackOverflowHook      
20006781  vApplicationTickHook               
20006783  vAssertCalled                      
2000bf2b  vListInitialise                    
2000bf5b  vListInitialiseItem                
2000bfa7  vListInsert                        
2000bf6b  vListInsertEnd                     
2000d187  vPortClearInterruptMask            
2000c1f5  vPortEndScheduler                  
2000c209  vPortEnterCritical                 
2000c221  vPortExitCritical                  
2000f015  vPortFree                          
2000d1e1  vPortSVCHandler                    
2000c255  vPortSetupTimerInterrupt           
2000c1f7  vPortYield                         
20007fc3  vQueueAddToRegistry                
20007d65  vQueueDelete                       
20007d97  vQueueSetQueueNumber               
20008005  vQueueUnregisterQueue              
2000463b  vTaskDelay                         
2000459f  vTaskDelayUntil                    
2000450f  vTaskDelete                        
20004a8d  vTaskEndScheduler                  
200050bf  vTaskMissedYield                   
20004e55  vTaskPlaceOnEventList              
20004eb9  vTaskPlaceOnUnorderedEventList     
2000559b  vTaskPriorityDisinherit            
200054e1  vTaskPriorityInherit               
2000475d  vTaskPrioritySet                   
20004955  vTaskResume                        
200050ed  vTaskSetTaskNumber                 
2000501f  vTaskSetTimeOutState               
20004a43  vTaskStartScheduler                
20004861  vTaskSuspend                       
20004a9f  vTaskSuspendAll                    
20004dd5  vTaskSwitchContext                 
2000dcc1  vsnprintf                          
20019420  xHigherPriorityTaskWoken           
2000d195  xPortPendSVHandler                 
2000c1c9  xPortStartScheduler                
2000c239  xPortSysTickHandler                
20008053  xQueueAddToSet                     
20007985  xQueueAltGenericReceive            
200078d9  xQueueAltGenericSend               
200077ad  xQueueCreateCountingSemaphore      
2000772f  xQueueCreateMutex                  
2000803f  xQueueCreateSet                    
200076b9  xQueueGenericCreate                
20007b1f  xQueueGenericReceive               
20007629  xQueueGenericReset                 
200077cd  xQueueGenericSend                  
20007a83  xQueueGenericSendFromISR           
20007f5f  xQueueIsQueueEmptyFromISR          
20007fa1  xQueueIsQueueFullFromISR           
20007cd9  xQueuePeekFromISR                  
20007c61  xQueueReceiveFromISR               
20019290  xQueueRegistry                     
20008087  xQueueRemoveFromSet                
200080c9  xQueueSelectFromSet                
200080e3  xQueueSelectFromSetFromISR         
20019424  xSimpleLinkSpawnQueue              
20019428  xSimpleLinkSpawnTaskHndl           
20005045  xTaskCheckForTimeOut               
20004401  xTaskGenericCreate                 
20005495  xTaskGetCurrentTaskHandle          
20004c97  xTaskGetIdleTaskHandle             
200054a9  xTaskGetSchedulerState             
20004b7d  xTaskGetTickCount                  
20004b91  xTaskGetTickCountFromISR           
20004cb1  xTaskIncrementTick                 
20004f2d  xTaskRemoveFromEventList           
20004fb1  xTaskRemoveFromUnorderedEventList  
20004ab1  xTaskResumeAll                     
200049c9  xTaskResumeFromISR                 


GLOBAL SYMBOLS: SORTED BY Symbol Address 

address   name                               
-------   ----                               
00001000  __STACK_SIZE                       
00002000  __SYSMEM_SIZE                      
20004000  g_pfnVectors                       
20004401  xTaskGenericCreate                 
2000450f  vTaskDelete                        
2000459f  vTaskDelayUntil                    
2000463b  vTaskDelay                         
20004691  eTaskGetState                      
20004725  uxTaskPriorityGet                  
2000475d  vTaskPrioritySet                   
20004861  vTaskSuspend                       
20004955  vTaskResume                        
200049c9  xTaskResumeFromISR                 
20004a43  vTaskStartScheduler                
20004a8d  vTaskEndScheduler                  
20004a9f  vTaskSuspendAll                    
20004ab1  xTaskResumeAll                     
20004b7d  xTaskGetTickCount                  
20004b91  xTaskGetTickCountFromISR           
20004ba9  uxTaskGetNumberOfTasks             
20004bb5  pcTaskGetTaskName                  
20004bd9  uxTaskGetSystemState               
20004c97  xTaskGetIdleTaskHandle             
20004cb1  xTaskIncrementTick                 
20004dd5  vTaskSwitchContext                 
20004e55  vTaskPlaceOnEventList              
20004eb9  vTaskPlaceOnUnorderedEventList     
20004f2d  xTaskRemoveFromEventList           
20004fb1  xTaskRemoveFromUnorderedEventList  
2000501f  vTaskSetTimeOutState               
20005045  xTaskCheckForTimeOut               
200050bf  vTaskMissedYield                   
200050cd  uxTaskGetTaskNumber                
200050ed  vTaskSetTaskNumber                 
20005495  xTaskGetCurrentTaskHandle          
200054a9  xTaskGetSchedulerState             
200054e1  vTaskPriorityInherit               
2000559b  vTaskPriorityDisinherit            
20005625  uxTaskResetEventItemValue          
20005e95  __TI_printfi                       
20006781  vApplicationTickHook               
20006783  vAssertCalled                      
2000678d  vApplicationIdleHook               
2000678f  vApplicationStackOverflowHook      
20006799  vApplicationMallocFailedHook       
20006845  ReadAccSensor                      
2000691d  SimpleLinkWlanEventHandler         
20006a75  SimpleLinkNetAppEventHandler       
20006d4f  SimpleLinkHttpServerCallback       
20006f1d  SimpleLinkGeneralEventHandler      
20006f45  SimpleLinkSockEventHandler         
20007149  ConnectToNetwork                   
200074ab  main                               
20007629  xQueueGenericReset                 
200076b9  xQueueGenericCreate                
2000772f  xQueueCreateMutex                  
200077ad  xQueueCreateCountingSemaphore      
200077cd  xQueueGenericSend                  
200078d9  xQueueAltGenericSend               
20007985  xQueueAltGenericReceive            
20007a83  xQueueGenericSendFromISR           
20007b1f  xQueueGenericReceive               
20007c61  xQueueReceiveFromISR               
20007cd9  xQueuePeekFromISR                  
20007d1d  uxQueueMessagesWaiting             
20007d33  uxQueueSpacesAvailable             
20007d53  uxQueueMessagesWaitingFromISR      
20007d65  vQueueDelete                       
20007d89  uxQueueGetQueueNumber              
20007d97  vQueueSetQueueNumber               
20007da9  ucQueueGetQueueType                
20007f5f  xQueueIsQueueEmptyFromISR          
20007fa1  xQueueIsQueueFullFromISR           
20007fc3  vQueueAddToRegistry                
20008005  vQueueUnregisterQueue              
2000803f  xQueueCreateSet                    
20008053  xQueueAddToSet                     
20008087  xQueueRemoveFromSet                
200080c9  xQueueSelectFromSet                
200080e3  xQueueSelectFromSetFromISR         
2000814d  pow                                
2000814d  powl                               
20009089  osi_InterruptRegister              
200090af  osi_InterruptDeRegister            
200090c1  osi_SyncObjCreate                  
200090f1  osi_SyncObjDelete                  
2000910b  osi_SyncObjSignal                  
20009133  osi_SyncObjSignalFromISR           
2000916b  osi_SyncObjWait                    
20009197  osi_SyncObjClear                   
200091b9  osi_LockObjCreate                  
200091df  osi_TaskCreate                     
2000921f  osi_TaskDelete                     
2000922d  osi_LockObjDelete                  
2000923d  osi_LockObjLock                    
20009269  osi_LockObjUnlock                  
20009293  osi_Spawn                          
20009301  VStartSimpleLinkSpawnTask          
20009351  VDeleteSimpleLinkSpawnTask         
2000937d  osi_MsgQCreate                     
200093c1  osi_MsgQDelete                     
200093db  osi_MsgQWrite                      
2000940d  osi_MsgQRead                       
20009449  mem_Malloc                         
20009455  mem_Free                           
20009461  mem_set                            
20009475  mem_copy                           
20009489  osi_EnterCritical                  
20009493  osi_ExitCritical                   
2000949d  osi_start                          
200094a5  osi_Sleep                          
200094b5  osi_TaskDisable                    
200094bf  osi_TaskEnable                     
200094c9  osi_ContextSave                    
200094cb  osi_ContextRestore                 
20009525  TMP006DrvOpen                      
200097bd  TMP006DrvGetTemp                   
20009915  minit                              
20009995  malloc                             
200099ff  free                               
20009ac1  realloc                            
20009bc9  memalign                           
20009cb5  calloc                             
20009d21  GPIO_IF_LedConfigure               
20009d71  GPIO_IF_LedOn                      
20009e37  GPIO_IF_LedOff                     
20009eeb  GPIO_IF_LedStatus                  
20009f55  GPIO_IF_LedToggle                  
20009f83  GPIO_IF_GetPortNPin                
20009fc9  GPIO_IF_ConfigureNIntEnable        
2000a00b  GPIO_IF_Set                        
2000a05d  GPIO_IF_Get                        
2000a0a1  InitTerm                           
2000a0bf  Message                            
2000a0e1  ClearTerm                          
2000a0eb  Error                              
2000a123  GetCmd                             
2000a1d9  TrimSpace                          
2000a271  Report                             
2000a3a5  I2C_IF_Write                       
2000a455  I2C_IF_Read                        
2000a511  I2C_IF_ReadFrom                    
2000a557  I2C_IF_Open                        
2000a59f  I2C_IF_Close                       
2000a801  __aeabi_uldivmod                   
2000a9f5  GetRegisterValue                   
2000aa1f  SetRegisterValue                   
2000aa57  BlockRead                          
2000aa87  BMA222Open                         
2000aaa9  BMA222Close                        
2000aaad  BMA222Read                         
2000ab29  BMA222ReadNew                      
2000abd9  _SlDrvReleasePoolObj               
2000ada9  __aeabi_dsub                       
2000adb3  __aeabi_dadd                       
2000af5f  __mpu_init                         
2000af61  sl_NetAppPingStart                 
2000b2ad  _SlDrvDriverCBInit                 
2000b43d  _SlDrvWaitForPoolObj               
2000b5cd  PRCMCC3200MCUInit                  
2000b8b5  sqrt                               
2000b8b5  sqrtl                              
2000ba25  spi_Open                           
2000bb75  sl_NetAppDnsGetHostByName          
2000bdf5  __aeabi_ddiv                       
2000bf2b  vListInitialise                    
2000bf5b  vListInitialiseItem                
2000bf6b  vListInsertEnd                     
2000bfa7  vListInsert                        
2000c00d  uxListRemove                       
2000c055  _SlDrvDriverCBDeinit               
2000c179  pxPortInitialiseStack              
2000c1c9  xPortStartScheduler                
2000c1f5  vPortEndScheduler                  
2000c1f7  vPortYield                         
2000c209  vPortEnterCritical                 
2000c221  vPortExitCritical                  
2000c239  xPortSysTickHandler                
2000c255  vPortSetupTimerInterrupt           
2000c289  _SlDrvNetAppEventHandler           
2000c38d  __aeabi_dmul                       
2000c489  __aeabi_fsub                       
2000c48d  __aeabi_fadd                       
2000c583  _system_post_cinit                 
2000c585  sl_Stop                            
2000c675  uDMAChannelTransferSet             
2000c765  sl_Start                           
2000c939  _SlDrvMsgReadSpawnCtx              
2000ca21  SmartConfigConnect                 
2000caa9  SmartConfigStop                    
2000cbe5  spi_Read                           
2000ccc1  ldexp                              
2000ccc1  ldexpl                             
2000ccc1  scalbn                             
2000ccc1  scalbnl                            
2000cd91  _sl_HandleAsync_DnsGetHostByService
2000ce5d  sl_WlanGet                         
2000cfed  _SlDrvCmdOp                        
2000d0ad  sl_WlanSmartConfigStart            
2000d171  ulPortSetInterruptMask             
2000d187  vPortClearInterruptMask            
2000d195  xPortPendSVHandler                 
2000d1e1  vPortSVCHandler                    
2000d209  prvPortStartFirstTask              
2000d221  portCLZ                            
2000d229  SimpleLinkPingReport               
2000d241  ConnectionTest                     
2000d2dd  IntDisable                         
2000d385  IntEnable                          
2000d42d  SPIConfigSetExpClk                 
2000d4cd  _SlDriverHandleError               
2000d56d  __aeabi_memcpy                     
2000d56d  __aeabi_memcpy4                    
2000d56d  __aeabi_memcpy8                    
2000d56d  memcpy                             
2000d609  _SlDrvDeviceEventHandler           
2000d6a5  PRCMPeripheralClockGet             
2000d739  __aeabi_fdiv                       
2000d7cd  _sl_HandleAsync_DnsGetHostByName   
2000d85d  _sl_HandleAsync_PingResponse       
2000d8ed  sl_WlanPolicySet                   
2000da95  _SlDrvIsTimeoutExpired             
2000db21  _sl_HandleAsync_InitComplete       
2000dbad  spi_Write                          
2000dc39  PinConfigSet                       
2000dcc1  vsnprintf                          
2000dd49  __aeabi_cdcmpeq                    
2000dd49  __aeabi_cdcmple                    
2000ddcf  __aeabi_cdrcmple                   
2000de55  I2CMasterInitExpClk                
2000ded9  GPIOIntTypeSet                     
2000df5d  _sl_HandleAsync_Connect            
2000e0dd  __aeabi_fmul                       
2000e157  __aeabi_memclr                     
2000e157  __aeabi_memclr4                    
2000e157  __aeabi_memclr8                    
2000e159  __aeabi_memset                     
2000e159  __aeabi_memset4                    
2000e159  __aeabi_memset8                    
2000e15f  memset                             
2000e1d1  spi_Close                          
2000e249  UARTConfigSetExpClk                
2000e2c1  PinMuxConfig                       
2000e335  __TI_auto_init                     
2000e3a5  __aeabi_d2f                        
2000e415  _SlDrvCmdSend                      
2000e481  _sl_NetAppSendTokenValue           
2000e4ed  __TI_decompress_lzss               
2000e555  _sl_HandleAsync_Accept             
2000e5b9  uDMAChannelAttributeDisable        
2000e61d  uDMAChannelAttributeEnable         
2000e681  sl_WlanProfileDel                  
2000e6e1  sl_WlanSetMode                     
2000e741  frexp                              
2000e741  frexpl                             
2000e79d  IntPendClear                       
2000e7f5  PRCMPeripheralReset                
2000e84d  sl_NetAppStart                     
2000e8a5  sl_NetAppStop                      
2000e8fd  IntPrioritySet                     
2000e951  _sl_HandleAsync_Select             
2000e9a5  C$$EXIT                            
2000e9a9  abort                              
2000e9b1  exit                               
2000e9f9  ltoa                               
2000ea4d  _SlDrvRxIrqHandler                 
2000ea9d  _sl_HandleAsync_Stop               
2000eaed  SPIIntEnable                       
2000eb39  _SlDrvProtectAsyncRespSetting      
2000eb85  atoi                               
2000ebd1  copy_in                            
2000ec1d  uDMAChannelAssign                  
2000ec69  SPIIntClear                        
2000ecb1  _SlDrvBasicCmd                     
2000ecf9  __aeabi_d2iz                       
2000ed85  TimerConfigure                     
2000ee0d  PinModeSet                         
2000ee4d  _SlDrvSyncObjWaitTimeout           
2000ee8d  _c_int00                           
2000ef09  PRCMPeripheralClkEnable            
2000ef45  simplelink_timerA2_start           
2000ef81  uDMAChannelControlSet              
2000efbd  NwpPowerOff                        
2000eff5  pvPortMalloc                       
2000f015  vPortFree                          
2000f02d  __aeabi_f2iz                       
2000f065  sl_WlanSmartConfigStop             
2000f09d  GPIODirModeSet                     
2000f0d5  PRCMPeripheralStatusGet            
2000f109  SPIFIFOLevelSet                    
2000f13d  __aeabi_f2uiz                      
2000f171  PinTypeGPIO                        
2000f1a1  UARTDisable                        
2000f1d1  __aeabi_i2d                        
2000f201  DmaSpiSwIntHandler                 
2000f22d  I2CMasterErr                       
2000f259  NwpPowerOn                         
2000f285  PRCMSysResetCauseGet               
2000f2b1  TimerLoadSet                       
2000f2db  TimerPrescaleSet                   
2000f305  PRCMPeripheralClkDisable           
2000f355  _SlDrvProtectionObjLockWaitForever 
2000f37d  NwpRegisterInterruptHandler        
2000f3a5  IntUnregister                      
2000f3c9  UARTEnable                         
2000f3ed  _SlDrvGlobalObjUnLock              
2000f411  _SlDrvProtectionObjUnLock          
2000f435  _SlDrvSyncObjWaitForever           
2000f459  memcmp                             
2000f47d  memmove                            
2000f4a1  I2CMasterSlaveAddrSet              
2000f4c3  SPIReset                           
2000f4e5  SPIWordCountSet                    
2000f507  GPIOPinWrite                       
2000f529  IntRegister                        
2000f549  NwpPrePowerOffTimout0              
2000f569  TimerGetCurrentTimestamp           
2000f589  I2CMasterIntStatusEx               
2000f5a7  TimerEnable                        
2000f5c5  UARTCharPut                        
2000f5e3  _SlDrvSyncObjSignal                
2000f61f  PinTypeI2C                         
2000f63b  TimerValueGet                      
2000f657  UARTCharGetNonBlocking             
2000f673  _SlDrvStartMeasureTimeout          
2000f68f  memccpy                            
2000f6ad  uDMAChannelEnable                  
2000f6c9  GPIOIntEnable                      
2000f6e3  PinTypeUART                        
2000f6fd  SPIDmaDisable                      
2000f717  SPIDmaEnable                       
2000f731  SPIFIFODisable                     
2000f74b  SPIFIFOEnable                      
2000f765  GPIOPinRead                        
2000f77d  SPICSDisable                       
2000f795  SPICSEnable                        
2000f7ad  SPIDisable                         
2000f7c5  SPIEnable                          
2000f7dd  UARTCharsAvail                     
2000f80d  _args_main                         
2000f825  I2CMasterDataPut                   
2000f83b  I2CMasterEnable                    
2000f851  PRCMHIBRegRead                     
2000f867  PRCMHIBRegWrite                    
2000f87d  _SlDrvMemZero                      
2000f893  strchr                             
2000f8a9  CPUcpsie                           
2000f8bd  GPIOIntClear                       
2000f8d1  IntVTableBaseSet                   
2000f8e5  _register_unlock                   
2000f8eb  _register_lock                     
2000f8f3  _nop                               
2000f8f9  strcpy                             
2000f90d  strlen                             
2000f921  I2CMasterControl                   
2000f933  I2CMasterIntClearEx                
2000f945  I2CMasterTimeoutSet                
2000f957  _SlDrvDispatchHttpServerEvents     
2000f967  I2CMasterDataGet                   
2000f975  _SlDrvResetCmdExt                  
2000f983  __TI_decompress_none               
2000f991  ResetISR                           
2000f9a1  NwpMaskInterrupt                   
2000f9ad  NwpUnMaskInterrupt                 
2000f9b9  __TI_zero_init                     
2000f9c5  IntMasterEnable                    
2000f9cf  copysign                           
2000f9cf  copysignl                          
2000f9d7  UtilsDelay                         
2000f9dd  _system_pre_init                   
2000f9e0  _ctypes_                           
2000fd60  OpcodeTranslateTable               
2000fd9c  _SlActionLookupTable               
2000ff16  _SlNetAppSendTokenValueCmdCtrl     
2000ff40  __TI_static_base__                 
2000ffa8  __TI_Handler_Table_Base            
2000ffb4  __TI_Handler_Table_Limit           
2000ffc0  __TI_CINIT_Base                    
2000ffd0  __TI_CINIT_Limit                   
20017000  _sys_memory                        
20019240  g_ucDinDout                        
20019290  xQueueRegistry                     
2001937c  DMAMsgQ                            
20019380  g_cDummy                           
20019384  RxIrqCnt                           
20019385  g_bDeviceRestartIsRequired         
20019386  g_ucLED1Pin                        
20019387  g_ucLED2Pin                        
20019388  g_ucLED3Pin                        
20019389  g_ucledPin                         
2001938c  pxCurrentTCB                       
200193e8  g_uiLED1Port                       
200193ec  g_uiLED2Port                       
200193f0  g_uiLED3Port                       
200193f4  g_uiledPort                        
200193f8  g_SlDeviceStatus                   
200193fc  g_pCB                              
20019400  pPingCallBackFunc                  
20019408  __TI_cleanup_ptr                   
2001940c  __TI_dtors_ptr                     
20019410  __TI_enable_exit_profile_output    
20019420  xHigherPriorityTaskWoken           
20019424  xSimpleLinkSpawnQueue              
20019428  xSimpleLinkSpawnTaskHndl           
20019458  g_SpiFd                            
2001945c  g_pHostIntHdl                      
20019460  g_ucDMAEnabled                     
20019464  _lock                              
20019468  _unlock                            
2001946c  g_uiPingPacketsRecv                
20019470  g_uiPingDone                       
20019478  errno                              
2001947c  main_func_sp                       
2002f000  __stack                            
20030000  __STACK_END                        
ffffffff  __TI_pprof_out_hndl                
ffffffff  __TI_prof_data_size                
ffffffff  __TI_prof_data_start               
ffffffff  __binit__                          
ffffffff  __c_args__                         
ffffffff  binit                              
UNDEFED   SHT$$INIT_ARRAY$$Base              
UNDEFED   SHT$$INIT_ARRAY$$Limit             

[423 symbols]
