******************************************************************************
                  TI ARM Linker PC v16.9.1                     
******************************************************************************
>> Linked Thu May 18 11:33:58 2017

OUTPUT FILE NAME:   <blinky.out>
ENTRY POINT SYMBOL: "_c_int00"  address: 20007561


MEMORY CONFIGURATION

         name            origin    length      used     unused   attr    fill
----------------------  --------  ---------  --------  --------  ----  --------
  SRAM_CODE             20004000   00019000  00003d4c  000152b4  RW X
  SRAM_DATA             2001d000   00023000  00001058  00021fa8  RW X


SEGMENT ALLOCATION MAP

run origin  load origin   length   init length attrs members
----------  ----------- ---------- ----------- ----- -------
20004000    20004000    00003d50   00003d50    r-x
  20004000    20004000    00000400   00000400    r-- .intvecs
  20004400    20004400    0000355c   0000355c    r-x .text
  2000795c    2000795c    00000398   00000398    r-- .const
  20007cf8    20007cf8    00000058   00000058    r-- .cinit
2001d000    2001d000    00000858   00000000    rw-
  2001d000    2001d000    00000800   00000000    rw- .sysmem
  2001d800    2001d800    0000004c   00000000    rw- .data
  2001d84c    2001d84c    0000000c   00000000    rw- .bss
2003f800    2003f800    00000800   00000000    rw-
  2003f800    2003f800    00000800   00000000    rw- .stack


SECTION ALLOCATION MAP

 output                                  attributes/
section   page    origin      length       input sections
--------  ----  ----------  ----------   ----------------
.intvecs   0    20004000    00000400     
                  20004000    00000400     startup_ccs.obj (.intvecs)

.init_array 
*          0    20004000    00000000     UNINITIALIZED

.text      0    20004400    0000355c     
                  20004400    00001122     rtsv7M4_T_le_eabi.lib : _printfi.obj (.text)
                  20005522    00000002                           : mpu_init.obj (.text)
                  20005524    000003d0                           : memory.obj (.text)
                  200058f4    000003c4     gpio_if.obj (.text)
                  20005cb8    00000370     main.obj (.text)
                  20006028    00000280     uart_if.obj (.text)
                  200062a8    000001f4     rtsv7M4_T_le_eabi.lib : ull_div_t2.obj (.text)
                  2000649c    000001b6                           : fd_add_t2.obj (.text)
                  20006652    00000002                           : startup.obj (.text)
                  20006654    00000178     driverlib.a : prcm.obj (.text:PRCMCC3200MCUInit)
                  200067cc    00000138     pin_mux_config.obj (.text)
                  20006904    00000136     rtsv7M4_T_le_eabi.lib : fd_div_t2.obj (.text)
                  20006a3a    000000fc                           : fd_mul_t2.obj (.text)
                  20006b36    00000002     --HOLE-- [fill = 0]
                  20006b38    000000d0                           : s_scalbn.obj (.text)
                  20006c08    000000a8     driverlib.a : interrupt.obj (.text:IntEnable)
                  20006cb0    0000009c     rtsv7M4_T_le_eabi.lib : memcpy_t2.obj (.text)
                  20006d4c    00000094     driverlib.a : prcm.obj (.text:PRCMPeripheralClockGet)
                  20006de0    00000088                 : pin.obj (.text:PinConfigSet)
                  20006e68    00000088     rtsv7M4_T_le_eabi.lib : vsnprintf.obj (.text)
                  20006ef0    00000086                           : fd_cmp_t2.obj (.text:__aeabi_cdcmple)
                  20006f76    00000086                           : fd_cmp_t2.obj (.text:__aeabi_cdrcmple)
                  20006ffc    00000082     driverlib.a : gpio.obj (.text:GPIOIntTypeSet)
                  2000707e    0000007a     rtsv7M4_T_le_eabi.lib : memset_t2.obj (.text)
                  200070f8    00000076     driverlib.a : uart.obj (.text:UARTConfigSetExpClk)
                  2000716e    00000002     --HOLE-- [fill = 0]
                  20007170    00000070     rtsv7M4_T_le_eabi.lib : autoinit.obj (.text)
                  200071e0    00000068                           : copy_decompress_lzss.obj (.text:decompress:lzss)
                  20007248    0000005c                           : s_frexp.obj (.text)
                  200072a4    00000058     driverlib.a : prcm.obj (.text:PRCMPeripheralReset)
                  200072fc    00000054                 : interrupt.obj (.text:IntPrioritySet)
                  20007350    00000054     rtsv7M4_T_le_eabi.lib : exit.obj (.text)
                  200073a4    00000054                           : ltoa.obj (.text)
                  200073f8    0000004c                           : atoi.obj (.text)
                  20007444    0000004c                           : cpy_tbl.obj (.text)
                  20007490    00000048     driverlib.a : gpio.obj (.text:GPIOGetIntNumber)
                  200074d8    00000048     rtsv7M4_T_le_eabi.lib : fd_toi_t2.obj (.text)
                  20007520    00000040     driverlib.a : pin.obj (.text:PinModeSet)
                  20007560    00000040     rtsv7M4_T_le_eabi.lib : boot.obj (.text)
                  200075a0    0000003c     driverlib.a : prcm.obj (.text:PRCMPeripheralClkEnable)
                  200075dc    00000036                 : gpio.obj (.text:GPIODirModeSet)
                  20007612    00000030                 : pin.obj (.text:PinTypeGPIO)
                  20007642    00000002     --HOLE-- [fill = 0]
                  20007644    00000030                 : uart.obj (.text:UARTDisable)
                  20007674    0000002e     rtsv7M4_T_le_eabi.lib : i_tofd_t2.obj (.text)
                  200076a2    00000002     --HOLE-- [fill = 0]
                  200076a4    0000002c     driverlib.a : prcm.obj (.text:PRCMSysResetCauseGet)
                  200076d0    00000028                 : prcm.obj (.text:PRCMPeripheralClkDisable)
                  200076f8    00000024                 : uart.obj (.text:UARTEnable)
                  2000771c    00000024     rtsv7M4_T_le_eabi.lib : memmov.obj (.text)
                  20007740    00000020     driverlib.a : gpio.obj (.text:GPIOPinWrite)
                  20007760    00000020                 : interrupt.obj (.text:IntRegister)
                  20007780    0000001e                 : gpio.obj (.text:GPIOIntRegister)
                  2000779e    0000001e                 : uart.obj (.text:UARTCharPut)
                  200077bc    0000001c                 : uart.obj (.text:UARTCharGetNonBlocking)
                  200077d8    0000001c     rtsv7M4_T_le_eabi.lib : memccpy.obj (.text)
                  200077f4    0000001a     driverlib.a : gpio.obj (.text:GPIOIntEnable)
                  2000780e    0000001a                 : pin.obj (.text:PinTypeUART)
                  20007828    00000018                 : gpio.obj (.text:GPIOPinRead)
                  20007840    00000018                 : uart.obj (.text:UARTCharsAvail)
                  20007858    00000018     rtsv7M4_T_le_eabi.lib : args_main.obj (.text)
                  20007870    00000016     driverlib.a : prcm.obj (.text:PRCMHIBRegRead)
                  20007886    00000016                 : prcm.obj (.text:PRCMHIBRegWrite)
                  2000789c    00000016     rtsv7M4_T_le_eabi.lib : strchr.obj (.text)
                  200078b2    00000014     driverlib.a : cpu.obj (.text:CPUcpsie)
                  200078c6    00000014                 : gpio.obj (.text:GPIOIntClear)
                  200078da    00000002     --HOLE-- [fill = 0]
                  200078dc    00000014                 : interrupt.obj (.text:IntVTableBaseSet)
                  200078f0    00000014     rtsv7M4_T_le_eabi.lib : _lock.obj (.text)
                  20007904    00000014                           : strlen.obj (.text)
                  20007918    0000000e                           : copy_decompress_none.obj (.text:decompress:none)
                  20007926    0000000e     startup_ccs.obj (.text)
                  20007934    0000000c     rtsv7M4_T_le_eabi.lib : copy_zero_init.obj (.text:decompress:ZI)
                  20007940    0000000a     driverlib.a : interrupt.obj (.text:IntMasterEnable)
                  2000794a    00000008     rtsv7M4_T_le_eabi.lib : s_copysign.obj (.text)
                  20007952    00000006     driverlib.a : utils.obj (.text:UtilsDelay)
                  20007958    00000004     rtsv7M4_T_le_eabi.lib : pre_init.obj (.text)

.const     0    2000795c    00000398     
                  2000795c    00000101     rtsv7M4_T_le_eabi.lib : ctype.obj (.const:.string:_ctypes_)
                  20007a5d    00000003     --HOLE-- [fill = 0]
                  20007a60    00000100     driverlib.a : pin.obj (.const:g_ulPinToPadMap)
                  20007b60    000000d4                 : interrupt.obj (.const:g_pulRegs)
                  20007c34    000000a8                 : prcm.obj (.const:PRCM_PeriphRegsList)
                  20007cdc    00000018                 : interrupt.obj (.const:g_pulEnRegs)

.cinit     0    20007cf8    00000058     
                  20007cf8    0000002d     (.cinit..data.load) [load image, compression = lzss]
                  20007d25    00000003     --HOLE-- [fill = 0]
                  20007d28    0000000c     (__TI_handler_table)
                  20007d34    00000004     --HOLE-- [fill = 0]
                  20007d38    00000008     (.cinit..bss.load) [load image, compression = zero_init]
                  20007d40    00000010     (__TI_cinit_table)

.sysmem    0    2001d000    00000800     UNINITIALIZED
                  2001d000    00000008     rtsv7M4_T_le_eabi.lib : memory.obj (.sysmem)
                  2001d008    000007f8     --HOLE--

.data      0    2001d800    0000004c     UNINITIALIZED
                  2001d800    00000014     gpio_if.obj (.data:ulReg)
                  2001d814    00000010     gpio_if.obj (.data)
                  2001d824    0000000c     rtsv7M4_T_le_eabi.lib : exit.obj (.data:$O1$$)
                  2001d830    0000000c                           : memory.obj (.data:$O1$$)
                  2001d83c    00000008                           : _lock.obj (.data:$O1$$)
                  2001d844    00000004                           : errno.obj (.data)
                  2001d848    00000004                           : stkdepth_vars.obj (.data)

.bss       0    2001d84c    0000000c     UNINITIALIZED
                  2001d84c    00000004     uart_if.obj (.bss)
                  2001d850    00000004     (.common:value)
                  2001d854    00000001     (.common:g_ucLED1Pin)
                  2001d855    00000001     (.common:g_ucLED2Pin)
                  2001d856    00000001     (.common:g_ucLED3Pin)
                  2001d857    00000001     (.common:g_ucledPin)

.stack     0    2003f800    00000800     UNINITIALIZED
                  2003f800    00000800     --HOLE--

MODULE SUMMARY

       Module                     code    ro data   rw data
       ------                     ----    -------   -------
    .\
       startup_ccs.obj            14      1024      0      
       gpio_if.obj                964     0         40     
       main.obj                   880     0         4      
       uart_if.obj                640     0         4      
       pin_mux_config.obj         312     0         0      
    +--+--------------------------+-------+---------+---------+
       Total:                     2810    1024      48     
                                                           
    C:/TI/CC3200SDK_1.3.0/CC3200SDK_1.3.0/cc3200-sdk/driverlib/ccs/Release/driverlib.a
       prcm.obj                   800     168       0      
       interrupt.obj              314     236       0      
       pin.obj                    274     256       0      
       gpio.obj                   388     0         0      
       uart.obj                   284     0         0      
       cpu.obj                    20      0         0      
       utils.obj                  6       0         0      
    +--+--------------------------+-------+---------+---------+
       Total:                     2086    660       0      
                                                           
    C:\TI\ccsv7\tools\compiler\ti-cgt-arm_16.9.1.LTS\lib\rtsv7M4_T_le_eabi.lib
       _printfi.obj               4386    0         0      
       memory.obj                 976     0         12     
       ull_div_t2.obj             500     0         0      
       fd_add_t2.obj              438     0         0      
       fd_div_t2.obj              310     0         0      
       fd_cmp_t2.obj              268     0         0      
       ctype.obj                  0       257       0      
       fd_mul_t2.obj              252     0         0      
       s_scalbn.obj               208     0         0      
       memcpy_t2.obj              156     0         0      
       vsnprintf.obj              136     0         0      
       memset_t2.obj              122     0         0      
       autoinit.obj               112     0         0      
       copy_decompress_lzss.obj   104     0         0      
       exit.obj                   84      0         12     
       s_frexp.obj                92      0         0      
       ltoa.obj                   84      0         0      
       atoi.obj                   76      0         0      
       cpy_tbl.obj                76      0         0      
       fd_toi_t2.obj              72      0         0      
       boot.obj                   64      0         0      
       i_tofd_t2.obj              46      0         0      
       memmov.obj                 36      0         0      
       _lock.obj                  20      0         8      
       memccpy.obj                28      0         0      
       args_main.obj              24      0         0      
       strchr.obj                 22      0         0      
       strlen.obj                 20      0         0      
       copy_decompress_none.obj   14      0         0      
       copy_zero_init.obj         12      0         0      
       s_copysign.obj             8       0         0      
       errno.obj                  0       0         4      
       pre_init.obj               4       0         0      
       stkdepth_vars.obj          0       0         4      
       mpu_init.obj               2       0         0      
       startup.obj                2       0         0      
    +--+--------------------------+-------+---------+---------+
       Total:                     8754    257       40     
                                                           
       Heap:                      0       0         2048   
       Stack:                     0       0         2048   
       Linker Generated:          0       81        0      
    +--+--------------------------+-------+---------+---------+
       Grand Total:               13650   2022      4184   


LINKER GENERATED COPY TABLES

__TI_cinit_table @ 20007d40 records: 2, size/record: 8, table size: 16
	.data: load addr=20007cf8, load size=0000002d bytes, run addr=2001d800, run size=0000004c bytes, compression=lzss
	.bss: load addr=20007d38, load size=00000008 bytes, run addr=2001d84c, run size=0000000c bytes, compression=zero_init


LINKER GENERATED HANDLER TABLE

__TI_handler_table @ 20007d28 records: 3, size/record: 4, table size: 12
	index: 0, handler: __TI_decompress_lzss
	index: 1, handler: __TI_decompress_none
	index: 2, handler: __TI_zero_init


GLOBAL SYMBOLS: SORTED ALPHABETICALLY BY Name 

address   name                           
-------   ----                           
20007351  C$$EXIT                        
200078b3  CPUcpsie                       
20006069  ClearTerm                      
20006073  Error                          
200075dd  GPIODirModeSet                 
200078c7  GPIOIntClear                   
200077f5  GPIOIntEnable                  
20007781  GPIOIntRegister                
20006ffd  GPIOIntTypeSet                 
20007829  GPIOPinRead                    
20007741  GPIOPinWrite                   
20005bd9  GPIO_IF_ConfigureNIntEnable    
20005c75  GPIO_IF_Get                    
20005b93  GPIO_IF_GetPortNPin            
20005931  GPIO_IF_LedConfigure           
20005a47  GPIO_IF_LedOff                 
20005981  GPIO_IF_LedOn                  
20005afb  GPIO_IF_LedStatus              
20005b65  GPIO_IF_LedToggle              
20005c21  GPIO_IF_Set                    
200060ab  GetCmd                         
20006029  InitTerm                       
20006c09  IntEnable                      
20007941  IntMasterEnable                
200072fd  IntPrioritySet                 
20007761  IntRegister                    
200078dd  IntVTableBaseSet               
20006047  Message                        
20006655  PRCMCC3200MCUInit              
20007871  PRCMHIBRegRead                 
20007887  PRCMHIBRegWrite                
200076d1  PRCMPeripheralClkDisable       
200075a1  PRCMPeripheralClkEnable        
20006d4d  PRCMPeripheralClockGet         
200072a5  PRCMPeripheralReset            
200076a5  PRCMSysResetCauseGet           
20006de1  PinConfigSet                   
20007521  PinModeSet                     
200067cd  PinMuxConfig                   
20007613  PinTypeGPIO                    
2000780f  PinTypeUART                    
200061e9  Report                         
20007927  ResetISR                       
UNDEFED   SHT$$INIT_ARRAY$$Base          
UNDEFED   SHT$$INIT_ARRAY$$Limit         
20005dfd  SW2Routine                     
20005cdf  SW3Routine                     
20006151  TrimSpace                      
200077bd  UARTCharGetNonBlocking         
2000779f  UARTCharPut                    
20007841  UARTCharsAvail                 
200070f9  UARTConfigSetExpClk            
20007645  UARTDisable                    
200076f9  UARTEnable                     
20007953  UtilsDelay                     
20040000  __STACK_END                    
00000800  __STACK_SIZE                   
00000800  __SYSMEM_SIZE                  
20007d40  __TI_CINIT_Base                
20007d50  __TI_CINIT_Limit               
20007d28  __TI_Handler_Table_Base        
20007d34  __TI_Handler_Table_Limit       
20007171  __TI_auto_init                 
2001d824  __TI_cleanup_ptr               
200071e1  __TI_decompress_lzss           
20007919  __TI_decompress_none           
2001d828  __TI_dtors_ptr                 
2001d82c  __TI_enable_exit_profile_output
ffffffff  __TI_pprof_out_hndl            
20004c39  __TI_printfi                   
ffffffff  __TI_prof_data_size            
ffffffff  __TI_prof_data_start           
20007cf8  __TI_static_base__             
20007935  __TI_zero_init                 
20006ef1  __aeabi_cdcmpeq                
20006ef1  __aeabi_cdcmple                
20006f77  __aeabi_cdrcmple               
200074d9  __aeabi_d2iz                   
200064a7  __aeabi_dadd                   
20006905  __aeabi_ddiv                   
20006a3b  __aeabi_dmul                   
2000649d  __aeabi_dsub                   
20007675  __aeabi_i2d                    
2000707f  __aeabi_memclr                 
2000707f  __aeabi_memclr4                
2000707f  __aeabi_memclr8                
20006cb1  __aeabi_memcpy                 
20006cb1  __aeabi_memcpy4                
20006cb1  __aeabi_memcpy8                
20007081  __aeabi_memset                 
20007081  __aeabi_memset4                
20007081  __aeabi_memset8                
200062a9  __aeabi_uldivmod               
ffffffff  __binit__                      
ffffffff  __c_args__                     
20005523  __mpu_init                     
2003f800  __stack                        
20007859  _args_main                     
20007561  _c_int00                       
2000795c  _ctypes_                       
2001d83c  _lock                          
200078ff  _nop                           
200078f7  _register_lock                 
200078f1  _register_unlock               
2001d000  _sys_memory                    
20006653  _system_post_cinit             
20007959  _system_pre_init               
2001d840  _unlock                        
20007355  abort                          
200073f9  atoi                           
ffffffff  binit                          
200058c5  calloc                         
20007445  copy_in                        
2000794b  copysign                       
2000794b  copysignl                      
2001d844  errno                          
2000735d  exit                           
2000560f  free                           
20007249  frexp                          
20007249  frexpl                         
20004000  g_pfnVectors                   
2001d854  g_ucLED1Pin                    
2001d855  g_ucLED2Pin                    
2001d856  g_ucLED3Pin                    
2001d857  g_ucledPin                     
2001d814  g_uiLED1Port                   
2001d818  g_uiLED2Port                   
2001d81c  g_uiLED3Port                   
2001d820  g_uiledPort                    
20006b39  ldexp                          
20006b39  ldexpl                         
200073a5  ltoa                           
20005e55  main                           
2001d848  main_func_sp                   
200055a5  malloc                         
200057d9  memalign                       
200077d9  memccpy                        
20006cb1  memcpy                         
2000771d  memmove                        
20007087  memset                         
20005525  minit                          
200056d1  realloc                        
20006b39  scalbn                         
20006b39  scalbnl                        
2000789d  strchr                         
20007905  strlen                         
2001d850  value                          
20006e69  vsnprintf                      


GLOBAL SYMBOLS: SORTED BY Symbol Address 

address   name                           
-------   ----                           
00000800  __STACK_SIZE                   
00000800  __SYSMEM_SIZE                  
20004000  g_pfnVectors                   
20004c39  __TI_printfi                   
20005523  __mpu_init                     
20005525  minit                          
200055a5  malloc                         
2000560f  free                           
200056d1  realloc                        
200057d9  memalign                       
200058c5  calloc                         
20005931  GPIO_IF_LedConfigure           
20005981  GPIO_IF_LedOn                  
20005a47  GPIO_IF_LedOff                 
20005afb  GPIO_IF_LedStatus              
20005b65  GPIO_IF_LedToggle              
20005b93  GPIO_IF_GetPortNPin            
20005bd9  GPIO_IF_ConfigureNIntEnable    
20005c21  GPIO_IF_Set                    
20005c75  GPIO_IF_Get                    
20005cdf  SW3Routine                     
20005dfd  SW2Routine                     
20005e55  main                           
20006029  InitTerm                       
20006047  Message                        
20006069  ClearTerm                      
20006073  Error                          
200060ab  GetCmd                         
20006151  TrimSpace                      
200061e9  Report                         
200062a9  __aeabi_uldivmod               
2000649d  __aeabi_dsub                   
200064a7  __aeabi_dadd                   
20006653  _system_post_cinit             
20006655  PRCMCC3200MCUInit              
200067cd  PinMuxConfig                   
20006905  __aeabi_ddiv                   
20006a3b  __aeabi_dmul                   
20006b39  ldexp                          
20006b39  ldexpl                         
20006b39  scalbn                         
20006b39  scalbnl                        
20006c09  IntEnable                      
20006cb1  __aeabi_memcpy                 
20006cb1  __aeabi_memcpy4                
20006cb1  __aeabi_memcpy8                
20006cb1  memcpy                         
20006d4d  PRCMPeripheralClockGet         
20006de1  PinConfigSet                   
20006e69  vsnprintf                      
20006ef1  __aeabi_cdcmpeq                
20006ef1  __aeabi_cdcmple                
20006f77  __aeabi_cdrcmple               
20006ffd  GPIOIntTypeSet                 
2000707f  __aeabi_memclr                 
2000707f  __aeabi_memclr4                
2000707f  __aeabi_memclr8                
20007081  __aeabi_memset                 
20007081  __aeabi_memset4                
20007081  __aeabi_memset8                
20007087  memset                         
200070f9  UARTConfigSetExpClk            
20007171  __TI_auto_init                 
200071e1  __TI_decompress_lzss           
20007249  frexp                          
20007249  frexpl                         
200072a5  PRCMPeripheralReset            
200072fd  IntPrioritySet                 
20007351  C$$EXIT                        
20007355  abort                          
2000735d  exit                           
200073a5  ltoa                           
200073f9  atoi                           
20007445  copy_in                        
200074d9  __aeabi_d2iz                   
20007521  PinModeSet                     
20007561  _c_int00                       
200075a1  PRCMPeripheralClkEnable        
200075dd  GPIODirModeSet                 
20007613  PinTypeGPIO                    
20007645  UARTDisable                    
20007675  __aeabi_i2d                    
200076a5  PRCMSysResetCauseGet           
200076d1  PRCMPeripheralClkDisable       
200076f9  UARTEnable                     
2000771d  memmove                        
20007741  GPIOPinWrite                   
20007761  IntRegister                    
20007781  GPIOIntRegister                
2000779f  UARTCharPut                    
200077bd  UARTCharGetNonBlocking         
200077d9  memccpy                        
200077f5  GPIOIntEnable                  
2000780f  PinTypeUART                    
20007829  GPIOPinRead                    
20007841  UARTCharsAvail                 
20007859  _args_main                     
20007871  PRCMHIBRegRead                 
20007887  PRCMHIBRegWrite                
2000789d  strchr                         
200078b3  CPUcpsie                       
200078c7  GPIOIntClear                   
200078dd  IntVTableBaseSet               
200078f1  _register_unlock               
200078f7  _register_lock                 
200078ff  _nop                           
20007905  strlen                         
20007919  __TI_decompress_none           
20007927  ResetISR                       
20007935  __TI_zero_init                 
20007941  IntMasterEnable                
2000794b  copysign                       
2000794b  copysignl                      
20007953  UtilsDelay                     
20007959  _system_pre_init               
2000795c  _ctypes_                       
20007cf8  __TI_static_base__             
20007d28  __TI_Handler_Table_Base        
20007d34  __TI_Handler_Table_Limit       
20007d40  __TI_CINIT_Base                
20007d50  __TI_CINIT_Limit               
2001d000  _sys_memory                    
2001d814  g_uiLED1Port                   
2001d818  g_uiLED2Port                   
2001d81c  g_uiLED3Port                   
2001d820  g_uiledPort                    
2001d824  __TI_cleanup_ptr               
2001d828  __TI_dtors_ptr                 
2001d82c  __TI_enable_exit_profile_output
2001d83c  _lock                          
2001d840  _unlock                        
2001d844  errno                          
2001d848  main_func_sp                   
2001d850  value                          
2001d854  g_ucLED1Pin                    
2001d855  g_ucLED2Pin                    
2001d856  g_ucLED3Pin                    
2001d857  g_ucledPin                     
2003f800  __stack                        
20040000  __STACK_END                    
ffffffff  __TI_pprof_out_hndl            
ffffffff  __TI_prof_data_size            
ffffffff  __TI_prof_data_start           
ffffffff  __binit__                      
ffffffff  __c_args__                     
ffffffff  binit                          
UNDEFED   SHT$$INIT_ARRAY$$Base          
UNDEFED   SHT$$INIT_ARRAY$$Limit         

[148 symbols]
