******************************************************************************
                  TI ARM Linker PC v16.9.1                     
******************************************************************************
>> Linked Fri Aug 04 14:26:32 2017

OUTPUT FILE NAME:   <1)Led_On.out>
ENTRY POINT SYMBOL: "_c_int00"  address: 20004715


MEMORY CONFIGURATION

         name            origin    length      used     unused   attr    fill
----------------------  --------  ---------  --------  --------  ----  --------
  SRAM_CODE             20004000   00012fff  00000ade  00012521  RW X
  SRAM_DATA             20017000   00019000  0000052a  00018ad6  RW X


SEGMENT ALLOCATION MAP

run origin  load origin   length   init length attrs members
----------  ----------- ---------- ----------- ----- -------
20004000    20004000    00000ae4   00000ae4    r-x
  20004000    20004000    00000912   00000912    r-x .text
  20004914    20004914    000001a8   000001a8    r-- .const
  20004ac0    20004ac0    00000024   00000024    r-- .cinit
20017000    20017000    00000018   00000000    rw-
  20017000    20017000    00000018   00000000    rw- .data
2002faec    2002faec    00000512   00000000    rw-
  2002faec    2002faec    00000512   00000000    rw- .stack


SECTION ALLOCATION MAP

 output                                  attributes/
section   page    origin      length       input sections
--------  ----  ----------  ----------   ----------------
.init_array 
*          0    20004000    00000000     UNINITIALIZED

.text      0    20004000    00000912     
                  20004000    00000268     pin_mux_config.obj (.text)
                  20004268    00000178     driverlib.a : prcm.obj (.text:PRCMCC3200MCUInit)
                  200043e0    0000009c     rtsv7M4_T_le_eabi.lib : memcpy_t2.obj (.text)
                  2000447c    00000088     driverlib.a : pin.obj (.text:PinConfigSet)
                  20004504    00000070     rtsv7M4_T_le_eabi.lib : autoinit.obj (.text)
                  20004574    00000068                           : copy_decompress_lzss.obj (.text:decompress:lzss)
                  200045dc    00000058     driverlib.a : prcm.obj (.text:PRCMPeripheralReset)
                  20004634    00000054     rtsv7M4_T_le_eabi.lib : exit.obj (.text)
                  20004688    0000004c                           : cpy_tbl.obj (.text)
                  200046d4    00000040     driverlib.a : pin.obj (.text:PinModeSet)
                  20004714    00000040     rtsv7M4_T_le_eabi.lib : boot.obj (.text)
                  20004754    0000003c     driverlib.a : prcm.obj (.text:PRCMPeripheralClkEnable)
                  20004790    00000036                 : gpio.obj (.text:GPIODirModeSet)
                  200047c6    00000002     rtsv7M4_T_le_eabi.lib : mpu_init.obj (.text)
                  200047c8    00000034     main.obj (.text)
                  200047fc    00000030     driverlib.a : pin.obj (.text:PinTypeGPIO)
                  2000482c    0000002c                 : prcm.obj (.text:PRCMSysResetCauseGet)
                  20004858    00000028                 : prcm.obj (.text:PRCMPeripheralClkDisable)
                  20004880    00000020                 : gpio.obj (.text:GPIOPinWrite)
                  200048a0    00000018     rtsv7M4_T_le_eabi.lib : args_main.obj (.text)
                  200048b8    00000016     driverlib.a : prcm.obj (.text:PRCMHIBRegRead)
                  200048ce    00000016                 : prcm.obj (.text:PRCMHIBRegWrite)
                  200048e4    00000014     rtsv7M4_T_le_eabi.lib : _lock.obj (.text)
                  200048f8    0000000e                           : copy_decompress_none.obj (.text:decompress:none)
                  20004906    00000006     driverlib.a : utils.obj (.text:UtilsDelay)
                  2000490c    00000004     rtsv7M4_T_le_eabi.lib : pre_init.obj (.text)
                  20004910    00000002                           : startup.obj (.text)

.const     0    20004914    000001a8     
                  20004914    00000100     driverlib.a : pin.obj (.const:g_ulPinToPadMap)
                  20004a14    000000a8                 : prcm.obj (.const:PRCM_PeriphRegsList)

.cinit     0    20004ac0    00000024     
                  20004ac0    00000013     (.cinit..data.load) [load image, compression = lzss]
                  20004ad3    00000001     --HOLE-- [fill = 0]
                  20004ad4    00000008     (__TI_handler_table)
                  20004adc    00000008     (__TI_cinit_table)

.data      0    20017000    00000018     UNINITIALIZED
                  20017000    0000000c     rtsv7M4_T_le_eabi.lib : exit.obj (.data:$O1$$)
                  2001700c    00000008                           : _lock.obj (.data:$O1$$)
                  20017014    00000004                           : stkdepth_vars.obj (.data)

.stack     0    2002faec    00000512     UNINITIALIZED
                  2002faec    00000512     --HOLE--

MODULE SUMMARY

       Module                     code   ro data   rw data
       ------                     ----   -------   -------
    .\
       pin_mux_config.obj         616    0         0      
       main.obj                   52     0         0      
    +--+--------------------------+------+---------+---------+
       Total:                     668    0         0      
                                                          
    C:/TI/CC3200SDK_1.3.0/CC3200SDK_1.3.0/cc3200-sdk/driverlib/ccs/Release/driverlib.a
       prcm.obj                   652    168       0      
       pin.obj                    248    256       0      
       gpio.obj                   86     0         0      
       utils.obj                  6      0         0      
    +--+--------------------------+------+---------+---------+
       Total:                     992    424       0      
                                                          
    C:\TI\ccsv7\tools\compiler\ti-cgt-arm_16.9.1.LTS\lib\rtsv7M4_T_le_eabi.lib
       memcpy_t2.obj              156    0         0      
       autoinit.obj               112    0         0      
       copy_decompress_lzss.obj   104    0         0      
       exit.obj                   84     0         12     
       cpy_tbl.obj                76     0         0      
       boot.obj                   64     0         0      
       _lock.obj                  20     0         8      
       args_main.obj              24     0         0      
       copy_decompress_none.obj   14     0         0      
       pre_init.obj               4      0         0      
       stkdepth_vars.obj          0      0         4      
       mpu_init.obj               2      0         0      
       startup.obj                2      0         0      
    +--+--------------------------+------+---------+---------+
       Total:                     662    0         24     
                                                          
       Stack:                     0      0         1298   
       Linker Generated:          0      35        0      
    +--+--------------------------+------+---------+---------+
       Grand Total:               2322   459       1322   


LINKER GENERATED COPY TABLES

__TI_cinit_table @ 20004adc records: 1, size/record: 8, table size: 8
	.data: load addr=20004ac0, load size=00000013 bytes, run addr=20017000, run size=00000018 bytes, compression=lzss


LINKER GENERATED HANDLER TABLE

__TI_handler_table @ 20004ad4 records: 2, size/record: 4, table size: 8
	index: 0, handler: __TI_decompress_lzss
	index: 1, handler: __TI_decompress_none


GLOBAL SYMBOLS: SORTED ALPHABETICALLY BY Name 

address   name                           
-------   ----                           
20004635  C$$EXIT                        
20004791  GPIODirModeSet                 
20004881  GPIOPinWrite                   
20004269  PRCMCC3200MCUInit              
200048b9  PRCMHIBRegRead                 
200048cf  PRCMHIBRegWrite                
20004859  PRCMPeripheralClkDisable       
20004755  PRCMPeripheralClkEnable        
200045dd  PRCMPeripheralReset            
2000482d  PRCMSysResetCauseGet           
2000447d  PinConfigSet                   
200046d5  PinModeSet                     
20004001  PinMuxConfig                   
200047fd  PinTypeGPIO                    
UNDEFED   SHT$$INIT_ARRAY$$Base          
UNDEFED   SHT$$INIT_ARRAY$$Limit         
20004907  UtilsDelay                     
2002fffe  __STACK_END                    
00000512  __STACK_SIZE                   
20004adc  __TI_CINIT_Base                
20004ae4  __TI_CINIT_Limit               
20004ad4  __TI_Handler_Table_Base        
20004adc  __TI_Handler_Table_Limit       
20004505  __TI_auto_init                 
20017000  __TI_cleanup_ptr               
20004575  __TI_decompress_lzss           
200048f9  __TI_decompress_none           
20017004  __TI_dtors_ptr                 
20017008  __TI_enable_exit_profile_output
ffffffff  __TI_pprof_out_hndl            
ffffffff  __TI_prof_data_size            
ffffffff  __TI_prof_data_start           
20004ac0  __TI_static_base__             
200043e1  __aeabi_memcpy                 
200043e1  __aeabi_memcpy4                
200043e1  __aeabi_memcpy8                
ffffffff  __binit__                      
ffffffff  __c_args__                     
200047c7  __mpu_init                     
2002faec  __stack                        
200048a1  _args_main                     
20004715  _c_int00                       
2001700c  _lock                          
200048f3  _nop                           
200048eb  _register_lock                 
200048e5  _register_unlock               
20004911  _system_post_cinit             
2000490d  _system_pre_init               
20017010  _unlock                        
20004639  abort                          
ffffffff  binit                          
20004689  copy_in                        
20004641  exit                           
200047c9  main                           
20017014  main_func_sp                   
200043e1  memcpy                         


GLOBAL SYMBOLS: SORTED BY Symbol Address 

address   name                           
-------   ----                           
00000512  __STACK_SIZE                   
20004001  PinMuxConfig                   
20004269  PRCMCC3200MCUInit              
200043e1  __aeabi_memcpy                 
200043e1  __aeabi_memcpy4                
200043e1  __aeabi_memcpy8                
200043e1  memcpy                         
2000447d  PinConfigSet                   
20004505  __TI_auto_init                 
20004575  __TI_decompress_lzss           
200045dd  PRCMPeripheralReset            
20004635  C$$EXIT                        
20004639  abort                          
20004641  exit                           
20004689  copy_in                        
200046d5  PinModeSet                     
20004715  _c_int00                       
20004755  PRCMPeripheralClkEnable        
20004791  GPIODirModeSet                 
200047c7  __mpu_init                     
200047c9  main                           
200047fd  PinTypeGPIO                    
2000482d  PRCMSysResetCauseGet           
20004859  PRCMPeripheralClkDisable       
20004881  GPIOPinWrite                   
200048a1  _args_main                     
200048b9  PRCMHIBRegRead                 
200048cf  PRCMHIBRegWrite                
200048e5  _register_unlock               
200048eb  _register_lock                 
200048f3  _nop                           
200048f9  __TI_decompress_none           
20004907  UtilsDelay                     
2000490d  _system_pre_init               
20004911  _system_post_cinit             
20004ac0  __TI_static_base__             
20004ad4  __TI_Handler_Table_Base        
20004adc  __TI_CINIT_Base                
20004adc  __TI_Handler_Table_Limit       
20004ae4  __TI_CINIT_Limit               
20017000  __TI_cleanup_ptr               
20017004  __TI_dtors_ptr                 
20017008  __TI_enable_exit_profile_output
2001700c  _lock                          
20017010  _unlock                        
20017014  main_func_sp                   
2002faec  __stack                        
2002fffe  __STACK_END                    
ffffffff  __TI_pprof_out_hndl            
ffffffff  __TI_prof_data_size            
ffffffff  __TI_prof_data_start           
ffffffff  __binit__                      
ffffffff  __c_args__                     
ffffffff  binit                          
UNDEFED   SHT$$INIT_ARRAY$$Base          
UNDEFED   SHT$$INIT_ARRAY$$Limit         

[56 symbols]
