******************************************************************************
                  TI ARM Linker PC v16.9.1                     
******************************************************************************
>> Linked Sun May 07 16:58:32 2017

OUTPUT FILE NAME:   <Led_On.out>
ENTRY POINT SYMBOL: "_c_int00"  address: 20004639


MEMORY CONFIGURATION

         name            origin    length      used     unused   attr    fill
----------------------  --------  ---------  --------  --------  ----  --------
  SRAM_CODE             20004000   00012fff  00000a26  000125d9  RW X
  SRAM_DATA             20017000   00019000  0000052a  00018ad6  RW X


SEGMENT ALLOCATION MAP

run origin  load origin   length   init length attrs members
----------  ----------- ---------- ----------- ----- -------
20004000    20004000    00000a2c   00000a2c    r-x
  20004000    20004000    00000842   00000842    r-x .text
  20004844    20004844    000001c0   000001c0    r-- .const
  20004a08    20004a08    00000024   00000024    r-- .cinit
20017000    20017000    00000018   00000000    rw-
  20017000    20017000    00000018   00000000    rw- .data
2002faec    2002faec    00000512   00000000    rw-
  2002faec    2002faec    00000512   00000000    rw- .stack


SECTION ALLOCATION MAP

 output                                  attributes/
section   page    origin      length       input sections
--------  ----  ----------  ----------   ----------------
.init_array 
*          0    20004000    00000000     UNINITIALIZED

.text      0    20004000    00000842     
                  20004000    00000178     driverlib.a : prcm.obj (.text:PRCMCC3200MCUInit)
                  20004178    000000e4     pin_mux_config.obj (.text)
                  2000425c    000000a8     driverlib.a : interrupt.obj (.text:IntEnable)
                  20004304    0000009c     rtsv7M4_T_le_eabi.lib : memcpy_t2.obj (.text)
                  200043a0    00000088     driverlib.a : pin.obj (.text:PinConfigSet)
                  20004428    00000070     rtsv7M4_T_le_eabi.lib : autoinit.obj (.text)
                  20004498    00000068                           : copy_decompress_lzss.obj (.text:decompress:lzss)
                  20004500    00000058     driverlib.a : prcm.obj (.text:PRCMPeripheralReset)
                  20004558    00000054     rtsv7M4_T_le_eabi.lib : exit.obj (.text)
                  200045ac    0000004c                           : cpy_tbl.obj (.text)
                  200045f8    00000040     driverlib.a : pin.obj (.text:PinModeSet)
                  20004638    00000040     rtsv7M4_T_le_eabi.lib : boot.obj (.text)
                  20004678    0000003c     driverlib.a : prcm.obj (.text:PRCMPeripheralClkEnable)
                  200046b4    00000036                 : gpio.obj (.text:GPIODirModeSet)
                  200046ea    00000030                 : pin.obj (.text:PinTypeGPIO)
                  2000471a    00000002     rtsv7M4_T_le_eabi.lib : mpu_init.obj (.text)
                  2000471c    0000002c     driverlib.a : prcm.obj (.text:PRCMSysResetCauseGet)
                  20004748    00000028                 : prcm.obj (.text:PRCMPeripheralClkDisable)
                  20004770    00000022     main.obj (.text)
                  20004792    00000020     driverlib.a : gpio.obj (.text:GPIOPinWrite)
                  200047b2    00000002     rtsv7M4_T_le_eabi.lib : startup.obj (.text)
                  200047b4    00000018                           : args_main.obj (.text)
                  200047cc    00000016     driverlib.a : prcm.obj (.text:PRCMHIBRegRead)
                  200047e2    00000016                 : prcm.obj (.text:PRCMHIBRegWrite)
                  200047f8    00000014                 : cpu.obj (.text:CPUcpsie)
                  2000480c    00000014     rtsv7M4_T_le_eabi.lib : _lock.obj (.text)
                  20004820    0000000e                           : copy_decompress_none.obj (.text:decompress:none)
                  2000482e    0000000a     driverlib.a : interrupt.obj (.text:IntMasterEnable)
                  20004838    00000006                 : utils.obj (.text:UtilsDelay)
                  2000483e    00000004     rtsv7M4_T_le_eabi.lib : pre_init.obj (.text)

.const     0    20004844    000001c0     
                  20004844    00000100     driverlib.a : pin.obj (.const:g_ulPinToPadMap)
                  20004944    000000a8                 : prcm.obj (.const:PRCM_PeriphRegsList)
                  200049ec    00000018                 : interrupt.obj (.const:g_pulEnRegs)

.cinit     0    20004a08    00000024     
                  20004a08    00000013     (.cinit..data.load) [load image, compression = lzss]
                  20004a1b    00000001     --HOLE-- [fill = 0]
                  20004a1c    00000008     (__TI_handler_table)
                  20004a24    00000008     (__TI_cinit_table)

.data      0    20017000    00000018     UNINITIALIZED
                  20017000    0000000c     rtsv7M4_T_le_eabi.lib : exit.obj (.data:$O1$$)
                  2001700c    00000008                           : _lock.obj (.data:$O1$$)
                  20017014    00000004                           : stkdepth_vars.obj (.data)

.stack     0    2002faec    00000512     UNINITIALIZED
                  2002faec    00000512     --HOLE--

MODULE SUMMARY

       Module                     code   ro data   rw data
       ------                     ----   -------   -------
    .\
       pin_mux_config.obj         228    0         0      
       main.obj                   34     0         0      
    +--+--------------------------+------+---------+---------+
       Total:                     262    0         0      
                                                          
    C:/TI/CC3200SDK_1.3.0/CC3200SDK_1.3.0/cc3200-sdk/driverlib/ccs/Release/driverlib.a
       prcm.obj                   652    168       0      
       pin.obj                    248    256       0      
       interrupt.obj              178    24        0      
       gpio.obj                   86     0         0      
       cpu.obj                    20     0         0      
       utils.obj                  6      0         0      
    +--+--------------------------+------+---------+---------+
       Total:                     1190   448       0      
                                                          
    C:\TI\ccsv7\tools\compiler\ti-cgt-arm_16.9.1.LTS\lib\rtsv7M4_T_le_eabi.lib
       memcpy_t2.obj              156    0         0      
       autoinit.obj               112    0         0      
       copy_decompress_lzss.obj   104    0         0      
       exit.obj                   84     0         12     
       cpy_tbl.obj                76     0         0      
       boot.obj                   64     0         0      
       _lock.obj                  20     0         8      
       args_main.obj              24     0         0      
       copy_decompress_none.obj   14     0         0      
       pre_init.obj               4      0         0      
       stkdepth_vars.obj          0      0         4      
       mpu_init.obj               2      0         0      
       startup.obj                2      0         0      
    +--+--------------------------+------+---------+---------+
       Total:                     662    0         24     
                                                          
       Stack:                     0      0         1298   
       Linker Generated:          0      35        0      
    +--+--------------------------+------+---------+---------+
       Grand Total:               2114   483       1322   


LINKER GENERATED COPY TABLES

__TI_cinit_table @ 20004a24 records: 1, size/record: 8, table size: 8
	.data: load addr=20004a08, load size=00000013 bytes, run addr=20017000, run size=00000018 bytes, compression=lzss


LINKER GENERATED HANDLER TABLE

__TI_handler_table @ 20004a1c records: 2, size/record: 4, table size: 8
	index: 0, handler: __TI_decompress_lzss
	index: 1, handler: __TI_decompress_none


GLOBAL SYMBOLS: SORTED ALPHABETICALLY BY Name 

address   name                           
-------   ----                           
20004559  C$$EXIT                        
200047f9  CPUcpsie                       
200046b5  GPIODirModeSet                 
20004793  GPIOPinWrite                   
2000425d  IntEnable                      
2000482f  IntMasterEnable                
20004001  PRCMCC3200MCUInit              
200047cd  PRCMHIBRegRead                 
200047e3  PRCMHIBRegWrite                
20004749  PRCMPeripheralClkDisable       
20004679  PRCMPeripheralClkEnable        
20004501  PRCMPeripheralReset            
2000471d  PRCMSysResetCauseGet           
200043a1  PinConfigSet                   
200045f9  PinModeSet                     
20004179  PinMuxConfig                   
200046eb  PinTypeGPIO                    
UNDEFED   SHT$$INIT_ARRAY$$Base          
UNDEFED   SHT$$INIT_ARRAY$$Limit         
20004839  UtilsDelay                     
2002fffe  __STACK_END                    
00000512  __STACK_SIZE                   
20004a24  __TI_CINIT_Base                
20004a2c  __TI_CINIT_Limit               
20004a1c  __TI_Handler_Table_Base        
20004a24  __TI_Handler_Table_Limit       
20004429  __TI_auto_init                 
20017000  __TI_cleanup_ptr               
20004499  __TI_decompress_lzss           
20004821  __TI_decompress_none           
20017004  __TI_dtors_ptr                 
20017008  __TI_enable_exit_profile_output
ffffffff  __TI_pprof_out_hndl            
ffffffff  __TI_prof_data_size            
ffffffff  __TI_prof_data_start           
20004a08  __TI_static_base__             
20004305  __aeabi_memcpy                 
20004305  __aeabi_memcpy4                
20004305  __aeabi_memcpy8                
ffffffff  __binit__                      
ffffffff  __c_args__                     
2000471b  __mpu_init                     
2002faec  __stack                        
200047b5  _args_main                     
20004639  _c_int00                       
2001700c  _lock                          
2000481b  _nop                           
20004813  _register_lock                 
2000480d  _register_unlock               
200047b3  _system_post_cinit             
2000483f  _system_pre_init               
20017010  _unlock                        
2000455d  abort                          
ffffffff  binit                          
200045ad  copy_in                        
20004565  exit                           
20004771  main                           
20017014  main_func_sp                   
20004305  memcpy                         


GLOBAL SYMBOLS: SORTED BY Symbol Address 

address   name                           
-------   ----                           
00000512  __STACK_SIZE                   
20004001  PRCMCC3200MCUInit              
20004179  PinMuxConfig                   
2000425d  IntEnable                      
20004305  __aeabi_memcpy                 
20004305  __aeabi_memcpy4                
20004305  __aeabi_memcpy8                
20004305  memcpy                         
200043a1  PinConfigSet                   
20004429  __TI_auto_init                 
20004499  __TI_decompress_lzss           
20004501  PRCMPeripheralReset            
20004559  C$$EXIT                        
2000455d  abort                          
20004565  exit                           
200045ad  copy_in                        
200045f9  PinModeSet                     
20004639  _c_int00                       
20004679  PRCMPeripheralClkEnable        
200046b5  GPIODirModeSet                 
200046eb  PinTypeGPIO                    
2000471b  __mpu_init                     
2000471d  PRCMSysResetCauseGet           
20004749  PRCMPeripheralClkDisable       
20004771  main                           
20004793  GPIOPinWrite                   
200047b3  _system_post_cinit             
200047b5  _args_main                     
200047cd  PRCMHIBRegRead                 
200047e3  PRCMHIBRegWrite                
200047f9  CPUcpsie                       
2000480d  _register_unlock               
20004813  _register_lock                 
2000481b  _nop                           
20004821  __TI_decompress_none           
2000482f  IntMasterEnable                
20004839  UtilsDelay                     
2000483f  _system_pre_init               
20004a08  __TI_static_base__             
20004a1c  __TI_Handler_Table_Base        
20004a24  __TI_CINIT_Base                
20004a24  __TI_Handler_Table_Limit       
20004a2c  __TI_CINIT_Limit               
20017000  __TI_cleanup_ptr               
20017004  __TI_dtors_ptr                 
20017008  __TI_enable_exit_profile_output
2001700c  _lock                          
20017010  _unlock                        
20017014  main_func_sp                   
2002faec  __stack                        
2002fffe  __STACK_END                    
ffffffff  __TI_pprof_out_hndl            
ffffffff  __TI_prof_data_size            
ffffffff  __TI_prof_data_start           
ffffffff  __binit__                      
ffffffff  __c_args__                     
ffffffff  binit                          
UNDEFED   SHT$$INIT_ARRAY$$Base          
UNDEFED   SHT$$INIT_ARRAY$$Limit         

[59 symbols]
