******************************************************************************
                  TI ARM Linker PC v16.9.1                     
******************************************************************************
>> Linked Mon May 22 14:26:15 2017

OUTPUT FILE NAME:   <uart_demo.out>
ENTRY POINT SYMBOL: "_c_int00"  address: 20006c39


MEMORY CONFIGURATION

         name            origin    length      used     unused   attr    fill
----------------------  --------  ---------  --------  --------  ----  --------
  SRAM_CODE             20004000   00013000  00003194  0000fe6c  RW X
  SRAM_DATA             20017000   00019000  00000930  000186d0  RW X


SEGMENT ALLOCATION MAP

run origin  load origin   length   init length attrs members
----------  ----------- ---------- ----------- ----- -------
20004000    20004000    00003198   00003198    r-x
  20004000    20004000    00000400   00000400    r-- .intvecs
  20004400    20004400    00002aa0   00002aa0    r-x .text
  20006ea0    20006ea0    000002ac   000002ac    r-- .const
  20007150    20007150    00000048   00000048    r-- .cinit
20017000    20017000    00000830   00000000    rw-
  20017000    20017000    00000800   00000000    rw- .sysmem
  20017800    20017800    0000002c   00000000    rw- .data
  2001782c    2001782c    00000004   00000000    rw- .bss
2002ff00    2002ff00    00000100   00000000    rw-
  2002ff00    2002ff00    00000100   00000000    rw- .stack


SECTION ALLOCATION MAP

 output                                  attributes/
section   page    origin      length       input sections
--------  ----  ----------  ----------   ----------------
.intvecs   0    20004000    00000400     
                  20004000    00000400     startup_ccs.obj (.intvecs)

.init_array 
*          0    20004000    00000000     UNINITIALIZED

.text      0    20004400    00002aa0     
                  20004400    00001122     rtsv7M4_T_le_eabi.lib : _printfi.obj (.text)
                  20005522    00000002                           : mpu_init.obj (.text)
                  20005524    000003d0                           : memory.obj (.text)
                  200058f4    000002e0     main.obj (.text)
                  20005bd4    00000280     uart_if.obj (.text)
                  20005e54    000001f4     rtsv7M4_T_le_eabi.lib : ull_div_t2.obj (.text)
                  20006048    000001b6                           : fd_add_t2.obj (.text)
                  200061fe    00000136                           : fd_div_t2.obj (.text)
                  20006334    000000fc                           : fd_mul_t2.obj (.text)
                  20006430    000000d0                           : s_scalbn.obj (.text)
                  20006500    0000009c                           : memcpy_t2.obj (.text)
                  2000659c    00000094     driverlib.a : prcm.obj (.text:PRCMPeripheralClockGet)
                  20006630    00000088                 : pin.obj (.text:PinConfigSet)
                  200066b8    00000088     rtsv7M4_T_le_eabi.lib : vsnprintf.obj (.text)
                  20006740    00000086                           : fd_cmp_t2.obj (.text:__aeabi_cdcmple)
                  200067c6    00000086                           : fd_cmp_t2.obj (.text:__aeabi_cdrcmple)
                  2000684c    0000007a                           : memset_t2.obj (.text)
                  200068c6    00000076     driverlib.a : uart.obj (.text:UARTConfigSetExpClk)
                  2000693c    00000070     rtsv7M4_T_le_eabi.lib : autoinit.obj (.text)
                  200069ac    00000068                           : copy_decompress_lzss.obj (.text:decompress:lzss)
                  20006a14    0000005c                           : s_frexp.obj (.text)
                  20006a70    00000054                           : exit.obj (.text)
                  20006ac4    00000054                           : ltoa.obj (.text)
                  20006b18    0000004c                           : atoi.obj (.text)
                  20006b64    0000004c                           : cpy_tbl.obj (.text)
                  20006bb0    00000048                           : fd_toi_t2.obj (.text)
                  20006bf8    00000040     driverlib.a : pin.obj (.text:PinModeSet)
                  20006c38    00000040     rtsv7M4_T_le_eabi.lib : boot.obj (.text)
                  20006c78    0000003c     driverlib.a : prcm.obj (.text:PRCMPeripheralClkEnable)
                  20006cb4    00000030                 : uart.obj (.text:UARTDisable)
                  20006ce4    0000002e     rtsv7M4_T_le_eabi.lib : i_tofd_t2.obj (.text)
                  20006d12    00000024     driverlib.a : uart.obj (.text:UARTEnable)
                  20006d36    00000024     rtsv7M4_T_le_eabi.lib : memmov.obj (.text)
                  20006d5a    0000001e     driverlib.a : uart.obj (.text:UARTCharPut)
                  20006d78    0000001c                 : uart.obj (.text:UARTCharGetNonBlocking)
                  20006d94    0000001c     pinmux.obj (.text)
                  20006db0    0000001c     rtsv7M4_T_le_eabi.lib : memccpy.obj (.text)
                  20006dcc    0000001a     driverlib.a : pin.obj (.text:PinTypeUART)
                  20006de6    00000018                 : uart.obj (.text:UARTCharsAvail)
                  20006dfe    00000002     rtsv7M4_T_le_eabi.lib : startup.obj (.text)
                  20006e00    00000018                           : args_main.obj (.text)
                  20006e18    00000016     driverlib.a : uart.obj (.text:UARTCharGet)
                  20006e2e    00000016     rtsv7M4_T_le_eabi.lib : strchr.obj (.text)
                  20006e44    00000014                           : _lock.obj (.text)
                  20006e58    00000014                           : strlen.obj (.text)
                  20006e6c    0000000e                           : copy_decompress_none.obj (.text:decompress:none)
                  20006e7a    0000000e     startup_ccs.obj (.text)
                  20006e88    0000000c     rtsv7M4_T_le_eabi.lib : copy_zero_init.obj (.text:decompress:ZI)
                  20006e94    00000008                           : s_copysign.obj (.text)
                  20006e9c    00000004                           : pre_init.obj (.text)

.const     0    20006ea0    000002ac     
                  20006ea0    00000101     rtsv7M4_T_le_eabi.lib : ctype.obj (.const:.string:_ctypes_)
                  20006fa1    00000003     --HOLE-- [fill = 0]
                  20006fa4    00000100     driverlib.a : pin.obj (.const:g_ulPinToPadMap)
                  200070a4    000000a8                 : prcm.obj (.const:PRCM_PeriphRegsList)

.cinit     0    20007150    00000048     
                  20007150    0000001e     (.cinit..data.load) [load image, compression = lzss]
                  2000716e    00000002     --HOLE-- [fill = 0]
                  20007170    0000000c     (__TI_handler_table)
                  2000717c    00000004     --HOLE-- [fill = 0]
                  20007180    00000008     (.cinit..bss.load) [load image, compression = zero_init]
                  20007188    00000010     (__TI_cinit_table)

.sysmem    0    20017000    00000800     UNINITIALIZED
                  20017000    00000008     rtsv7M4_T_le_eabi.lib : memory.obj (.sysmem)
                  20017008    000007f8     --HOLE--

.data      0    20017800    0000002c     UNINITIALIZED
                  20017800    0000000c     rtsv7M4_T_le_eabi.lib : exit.obj (.data:$O1$$)
                  2001780c    0000000c                           : memory.obj (.data:$O1$$)
                  20017818    00000008                           : _lock.obj (.data:$O1$$)
                  20017820    00000004     main.obj (.data)
                  20017824    00000004     rtsv7M4_T_le_eabi.lib : errno.obj (.data)
                  20017828    00000004                           : stkdepth_vars.obj (.data)

.bss       0    2001782c    00000004     UNINITIALIZED
                  2001782c    00000004     uart_if.obj (.bss)

.stack     0    2002ff00    00000100     UNINITIALIZED
                  2002ff00    00000100     --HOLE--

MODULE SUMMARY

       Module                     code    ro data   rw data
       ------                     ----    -------   -------
    .\
       startup_ccs.obj            14      1024      0      
       main.obj                   736     0         4      
       uart_if.obj                640     0         4      
       pinmux.obj                 28      0         0      
    +--+--------------------------+-------+---------+---------+
       Total:                     1418    1024      8      
                                                           
    C:/TI/CC3200SDK_1.3.0/CC3200SDK_1.3.0/cc3200-sdk/driverlib/ccs/Release/driverlib.a
       pin.obj                    226     256       0      
       prcm.obj                   208     168       0      
       uart.obj                   306     0         0      
    +--+--------------------------+-------+---------+---------+
       Total:                     740     424       0      
                                                           
    C:\TI\ccsv7\tools\compiler\ti-cgt-arm_16.9.1.LTS\lib\rtsv7M4_T_le_eabi.lib
       _printfi.obj               4386    0         0      
       memory.obj                 976     0         12     
       ull_div_t2.obj             500     0         0      
       fd_add_t2.obj              438     0         0      
       fd_div_t2.obj              310     0         0      
       fd_cmp_t2.obj              268     0         0      
       ctype.obj                  0       257       0      
       fd_mul_t2.obj              252     0         0      
       s_scalbn.obj               208     0         0      
       memcpy_t2.obj              156     0         0      
       vsnprintf.obj              136     0         0      
       memset_t2.obj              122     0         0      
       autoinit.obj               112     0         0      
       copy_decompress_lzss.obj   104     0         0      
       exit.obj                   84      0         12     
       s_frexp.obj                92      0         0      
       ltoa.obj                   84      0         0      
       atoi.obj                   76      0         0      
       cpy_tbl.obj                76      0         0      
       fd_toi_t2.obj              72      0         0      
       boot.obj                   64      0         0      
       i_tofd_t2.obj              46      0         0      
       memmov.obj                 36      0         0      
       _lock.obj                  20      0         8      
       memccpy.obj                28      0         0      
       args_main.obj              24      0         0      
       strchr.obj                 22      0         0      
       strlen.obj                 20      0         0      
       copy_decompress_none.obj   14      0         0      
       copy_zero_init.obj         12      0         0      
       s_copysign.obj             8       0         0      
       errno.obj                  0       0         4      
       pre_init.obj               4       0         0      
       stkdepth_vars.obj          0       0         4      
       mpu_init.obj               2       0         0      
       startup.obj                2       0         0      
    +--+--------------------------+-------+---------+---------+
       Total:                     8754    257       40     
                                                           
       Heap:                      0       0         2048   
       Stack:                     0       0         256    
       Linker Generated:          0       66        0      
    +--+--------------------------+-------+---------+---------+
       Grand Total:               10912   1771      2352   


LINKER GENERATED COPY TABLES

__TI_cinit_table @ 20007188 records: 2, size/record: 8, table size: 16
	.data: load addr=20007150, load size=0000001e bytes, run addr=20017800, run size=0000002c bytes, compression=lzss
	.bss: load addr=20007180, load size=00000008 bytes, run addr=2001782c, run size=00000004 bytes, compression=zero_init


LINKER GENERATED HANDLER TABLE

__TI_handler_table @ 20007170 records: 3, size/record: 4, table size: 12
	index: 0, handler: __TI_decompress_lzss
	index: 1, handler: __TI_decompress_none
	index: 2, handler: __TI_zero_init


GLOBAL SYMBOLS: SORTED ALPHABETICALLY BY Name 

address   name                           
-------   ----                           
20006a71  C$$EXIT                        
20005c15  ClearTerm                      
20005c1f  Error                          
20005c57  GetCmd                         
20005bd5  InitTerm                       
20005bf3  Message                        
20006c79  PRCMPeripheralClkEnable        
2000659d  PRCMPeripheralClockGet         
20006631  PinConfigSet                   
20006bf9  PinModeSet                     
20006d95  PinMuxConfig                   
20006dcd  PinTypeUART                    
20005d95  Report                         
20006e7b  ResetISR                       
UNDEFED   SHT$$INIT_ARRAY$$Base          
UNDEFED   SHT$$INIT_ARRAY$$Limit         
20005cfd  TrimSpace                      
20006e19  UARTCharGet                    
20006d79  UARTCharGetNonBlocking         
20006d5b  UARTCharPut                    
20006de7  UARTCharsAvail                 
200068c7  UARTConfigSetExpClk            
20006cb5  UARTDisable                    
20006d13  UARTEnable                     
20030000  __STACK_END                    
00000100  __STACK_SIZE                   
00000800  __SYSMEM_SIZE                  
20007188  __TI_CINIT_Base                
20007198  __TI_CINIT_Limit               
20007170  __TI_Handler_Table_Base        
2000717c  __TI_Handler_Table_Limit       
2000693d  __TI_auto_init                 
20017800  __TI_cleanup_ptr               
200069ad  __TI_decompress_lzss           
20006e6d  __TI_decompress_none           
20017804  __TI_dtors_ptr                 
20017808  __TI_enable_exit_profile_output
ffffffff  __TI_pprof_out_hndl            
20004c39  __TI_printfi                   
ffffffff  __TI_prof_data_size            
ffffffff  __TI_prof_data_start           
20007150  __TI_static_base__             
20006e89  __TI_zero_init                 
20006741  __aeabi_cdcmpeq                
20006741  __aeabi_cdcmple                
200067c7  __aeabi_cdrcmple               
20006bb1  __aeabi_d2iz                   
20006053  __aeabi_dadd                   
200061ff  __aeabi_ddiv                   
20006335  __aeabi_dmul                   
20006049  __aeabi_dsub                   
20006ce5  __aeabi_i2d                    
2000684d  __aeabi_memclr                 
2000684d  __aeabi_memclr4                
2000684d  __aeabi_memclr8                
20006501  __aeabi_memcpy                 
20006501  __aeabi_memcpy4                
20006501  __aeabi_memcpy8                
2000684f  __aeabi_memset                 
2000684f  __aeabi_memset4                
2000684f  __aeabi_memset8                
20005e55  __aeabi_uldivmod               
ffffffff  __binit__                      
ffffffff  __c_args__                     
20005523  __mpu_init                     
2002ff00  __stack                        
20006e01  _args_main                     
20006c39  _c_int00                       
20006ea0  _ctypes_                       
20017818  _lock                          
20006e53  _nop                           
20006e4b  _register_lock                 
20006e45  _register_unlock               
20017000  _sys_memory                    
20006dff  _system_post_cinit             
20006e9d  _system_pre_init               
2001781c  _unlock                        
20006a75  abort                          
20006b19  atoi                           
ffffffff  binit                          
200058c5  calloc                         
20006b65  copy_in                        
20006e95  copysign                       
20006e95  copysignl                      
20017824  errno                          
20006a7d  exit                           
2000560f  free                           
20006a15  frexp                          
20006a15  frexpl                         
20017820  g_iCounter                     
20004000  g_pfnVectors                   
20006431  ldexp                          
20006431  ldexpl                         
20006ac5  ltoa                           
2000591b  main                           
20017828  main_func_sp                   
200055a5  malloc                         
200057d9  memalign                       
20006db1  memccpy                        
20006501  memcpy                         
20006d37  memmove                        
20006855  memset                         
20005525  minit                          
200056d1  realloc                        
20006431  scalbn                         
20006431  scalbnl                        
20006e2f  strchr                         
20006e59  strlen                         
200066b9  vsnprintf                      


GLOBAL SYMBOLS: SORTED BY Symbol Address 

address   name                           
-------   ----                           
00000100  __STACK_SIZE                   
00000800  __SYSMEM_SIZE                  
20004000  g_pfnVectors                   
20004c39  __TI_printfi                   
20005523  __mpu_init                     
20005525  minit                          
200055a5  malloc                         
2000560f  free                           
200056d1  realloc                        
200057d9  memalign                       
200058c5  calloc                         
2000591b  main                           
20005bd5  InitTerm                       
20005bf3  Message                        
20005c15  ClearTerm                      
20005c1f  Error                          
20005c57  GetCmd                         
20005cfd  TrimSpace                      
20005d95  Report                         
20005e55  __aeabi_uldivmod               
20006049  __aeabi_dsub                   
20006053  __aeabi_dadd                   
200061ff  __aeabi_ddiv                   
20006335  __aeabi_dmul                   
20006431  ldexp                          
20006431  ldexpl                         
20006431  scalbn                         
20006431  scalbnl                        
20006501  __aeabi_memcpy                 
20006501  __aeabi_memcpy4                
20006501  __aeabi_memcpy8                
20006501  memcpy                         
2000659d  PRCMPeripheralClockGet         
20006631  PinConfigSet                   
200066b9  vsnprintf                      
20006741  __aeabi_cdcmpeq                
20006741  __aeabi_cdcmple                
200067c7  __aeabi_cdrcmple               
2000684d  __aeabi_memclr                 
2000684d  __aeabi_memclr4                
2000684d  __aeabi_memclr8                
2000684f  __aeabi_memset                 
2000684f  __aeabi_memset4                
2000684f  __aeabi_memset8                
20006855  memset                         
200068c7  UARTConfigSetExpClk            
2000693d  __TI_auto_init                 
200069ad  __TI_decompress_lzss           
20006a15  frexp                          
20006a15  frexpl                         
20006a71  C$$EXIT                        
20006a75  abort                          
20006a7d  exit                           
20006ac5  ltoa                           
20006b19  atoi                           
20006b65  copy_in                        
20006bb1  __aeabi_d2iz                   
20006bf9  PinModeSet                     
20006c39  _c_int00                       
20006c79  PRCMPeripheralClkEnable        
20006cb5  UARTDisable                    
20006ce5  __aeabi_i2d                    
20006d13  UARTEnable                     
20006d37  memmove                        
20006d5b  UARTCharPut                    
20006d79  UARTCharGetNonBlocking         
20006d95  PinMuxConfig                   
20006db1  memccpy                        
20006dcd  PinTypeUART                    
20006de7  UARTCharsAvail                 
20006dff  _system_post_cinit             
20006e01  _args_main                     
20006e19  UARTCharGet                    
20006e2f  strchr                         
20006e45  _register_unlock               
20006e4b  _register_lock                 
20006e53  _nop                           
20006e59  strlen                         
20006e6d  __TI_decompress_none           
20006e7b  ResetISR                       
20006e89  __TI_zero_init                 
20006e95  copysign                       
20006e95  copysignl                      
20006e9d  _system_pre_init               
20006ea0  _ctypes_                       
20007150  __TI_static_base__             
20007170  __TI_Handler_Table_Base        
2000717c  __TI_Handler_Table_Limit       
20007188  __TI_CINIT_Base                
20007198  __TI_CINIT_Limit               
20017000  _sys_memory                    
20017800  __TI_cleanup_ptr               
20017804  __TI_dtors_ptr                 
20017808  __TI_enable_exit_profile_output
20017818  _lock                          
2001781c  _unlock                        
20017820  g_iCounter                     
20017824  errno                          
20017828  main_func_sp                   
2002ff00  __stack                        
20030000  __STACK_END                    
ffffffff  __TI_pprof_out_hndl            
ffffffff  __TI_prof_data_size            
ffffffff  __TI_prof_data_start           
ffffffff  __binit__                      
ffffffff  __c_args__                     
ffffffff  binit                          
UNDEFED   SHT$$INIT_ARRAY$$Base          
UNDEFED   SHT$$INIT_ARRAY$$Limit         

[109 symbols]
