******************************************************************************
                  TI ARM Linker PC v16.9.1                     
******************************************************************************
>> Linked Sat May 20 15:10:50 2017

OUTPUT FILE NAME:   <9)BMA222_UART.out>
ENTRY POINT SYMBOL: "_c_int00"  address: 200076d5


MEMORY CONFIGURATION

         name            origin    length      used     unused   attr    fill
----------------------  --------  ---------  --------  --------  ----  --------
  SRAM_CODE             20004000   00013000  00003f32  0000f0ce  RW X
  SRAM_DATA             20017000   00019000  00009054  0000ffac  RW X


SEGMENT ALLOCATION MAP

run origin  load origin   length   init length attrs members
----------  ----------- ---------- ----------- ----- -------
20004000    20004000    00003f38   00003f38    r-x
  20004000    20004000    00000400   00000400    r-- .intvecs
  20004400    20004400    00003742   00003742    r-x .text
  20007b44    20007b44    00000398   00000398    r-- .const
  20007ee0    20007ee0    00000058   00000058    r-- .cinit
20017000    20017000    00008054   00000000    rw-
  20017000    20017000    00008000   00000000    rw- .sysmem
  2001f000    2001f000    0000004c   00000000    rw- .data
  2001f04c    2001f04c    00000008   00000000    rw- .bss
2002f000    2002f000    00001000   00000000    rw-
  2002f000    2002f000    00001000   00000000    rw- .stack


SECTION ALLOCATION MAP

 output                                  attributes/
section   page    origin      length       input sections
--------  ----  ----------  ----------   ----------------
.intvecs   0    20004000    00000400     
                  20004000    00000400     startup_ccs.obj (.intvecs)

.init_array 
*          0    20004000    00000000     UNINITIALIZED

.text      0    20004400    00003742     
                  20004400    00001122     rtsv7M4_T_le_eabi.lib : _printfi.obj (.text)
                  20005522    00000002                           : mpu_init.obj (.text)
                  20005524    000003d0                           : memory.obj (.text)
                  200058f4    000003c4     gpio_if.obj (.text)
                  20005cb8    00000284     i2c_if.obj (.text)
                  20005f3c    00000280     uart_if.obj (.text)
                  200061bc    00000204     main.obj (.text)
                  200063c0    000001f4     rtsv7M4_T_le_eabi.lib : ull_div_t2.obj (.text)
                  200065b4    000001e4     bma222drv.obj (.text)
                  20006798    000001b6     rtsv7M4_T_le_eabi.lib : fd_add_t2.obj (.text)
                  2000694e    00000136                           : fd_div_t2.obj (.text)
                  20006a84    000000fc                           : fd_mul_t2.obj (.text)
                  20006b80    000000d0                           : s_scalbn.obj (.text)
                  20006c50    000000a8     driverlib.a : interrupt.obj (.text:IntEnable)
                  20006cf8    000000a8     pinmux.obj (.text)
                  20006da0    0000009c     rtsv7M4_T_le_eabi.lib : memcpy_t2.obj (.text)
                  20006e3c    00000094     driverlib.a : prcm.obj (.text:PRCMPeripheralClockGet)
                  20006ed0    00000088                 : pin.obj (.text:PinConfigSet)
                  20006f58    00000088     rtsv7M4_T_le_eabi.lib : vsnprintf.obj (.text)
                  20006fe0    00000086                           : fd_cmp_t2.obj (.text:__aeabi_cdcmple)
                  20007066    00000086                           : fd_cmp_t2.obj (.text:__aeabi_cdrcmple)
                  200070ec    00000084     driverlib.a : i2c.obj (.text:I2CMasterInitExpClk)
                  20007170    00000082                 : gpio.obj (.text:GPIOIntTypeSet)
                  200071f2    0000007a     rtsv7M4_T_le_eabi.lib : memset_t2.obj (.text)
                  2000726c    00000076     driverlib.a : uart.obj (.text:UARTConfigSetExpClk)
                  200072e2    00000002     rtsv7M4_T_le_eabi.lib : startup.obj (.text)
                  200072e4    00000070                           : autoinit.obj (.text)
                  20007354    00000068                           : copy_decompress_lzss.obj (.text:decompress:lzss)
                  200073bc    0000005c                           : s_frexp.obj (.text)
                  20007418    00000058     driverlib.a : prcm.obj (.text:PRCMPeripheralReset)
                  20007470    00000054                 : interrupt.obj (.text:IntPrioritySet)
                  200074c4    00000054     rtsv7M4_T_le_eabi.lib : exit.obj (.text)
                  20007518    00000054                           : ltoa.obj (.text)
                  2000756c    0000004c                           : atoi.obj (.text)
                  200075b8    0000004c                           : cpy_tbl.obj (.text)
                  20007604    00000048     driverlib.a : gpio.obj (.text:GPIOGetIntNumber)
                  2000764c    00000048     rtsv7M4_T_le_eabi.lib : fd_toi_t2.obj (.text)
                  20007694    00000040     driverlib.a : pin.obj (.text:PinModeSet)
                  200076d4    00000040     rtsv7M4_T_le_eabi.lib : boot.obj (.text)
                  20007714    0000003c     driverlib.a : prcm.obj (.text:PRCMPeripheralClkEnable)
                  20007750    00000036                 : gpio.obj (.text:GPIODirModeSet)
                  20007786    00000030                 : pin.obj (.text:PinTypeGPIO)
                  200077b6    00000002     --HOLE-- [fill = 0]
                  200077b8    00000030                 : uart.obj (.text:UARTDisable)
                  200077e8    0000002e     rtsv7M4_T_le_eabi.lib : i_tofd_t2.obj (.text)
                  20007816    0000002c     driverlib.a : i2c.obj (.text:I2CMasterErr)
                  20007842    00000002     --HOLE-- [fill = 0]
                  20007844    00000028                 : prcm.obj (.text:PRCMPeripheralClkDisable)
                  2000786c    00000024                 : uart.obj (.text:UARTEnable)
                  20007890    00000024     rtsv7M4_T_le_eabi.lib : memmov.obj (.text)
                  200078b4    00000022     driverlib.a : i2c.obj (.text:I2CMasterSlaveAddrSet)
                  200078d6    00000020                 : gpio.obj (.text:GPIOPinWrite)
                  200078f6    00000002     --HOLE-- [fill = 0]
                  200078f8    00000020                 : interrupt.obj (.text:IntRegister)
                  20007918    0000001e                 : gpio.obj (.text:GPIOIntRegister)
                  20007936    0000001e                 : i2c.obj (.text:I2CMasterIntStatusEx)
                  20007954    0000001e                 : uart.obj (.text:UARTCharPut)
                  20007972    0000001c                 : pin.obj (.text:PinTypeI2C)
                  2000798e    0000001c                 : uart.obj (.text:UARTCharGetNonBlocking)
                  200079aa    0000001c     rtsv7M4_T_le_eabi.lib : memccpy.obj (.text)
                  200079c6    0000001a     driverlib.a : gpio.obj (.text:GPIOIntEnable)
                  200079e0    0000001a                 : pin.obj (.text:PinTypeUART)
                  200079fa    00000018                 : gpio.obj (.text:GPIOPinRead)
                  20007a12    00000018                 : uart.obj (.text:UARTCharsAvail)
                  20007a2a    00000002     --HOLE-- [fill = 0]
                  20007a2c    00000018     rtsv7M4_T_le_eabi.lib : args_main.obj (.text)
                  20007a44    00000016     driverlib.a : i2c.obj (.text:I2CMasterDataPut)
                  20007a5a    00000016                 : i2c.obj (.text:I2CMasterEnable)
                  20007a70    00000016     rtsv7M4_T_le_eabi.lib : strchr.obj (.text)
                  20007a86    00000014     driverlib.a : gpio.obj (.text:GPIOIntClear)
                  20007a9a    00000002     --HOLE-- [fill = 0]
                  20007a9c    00000014     rtsv7M4_T_le_eabi.lib : _lock.obj (.text)
                  20007ab0    00000014                           : strlen.obj (.text)
                  20007ac4    00000012     driverlib.a : i2c.obj (.text:I2CMasterControl)
                  20007ad6    00000012                 : i2c.obj (.text:I2CMasterIntClearEx)
                  20007ae8    00000012                 : i2c.obj (.text:I2CMasterTimeoutSet)
                  20007afa    0000000e                 : i2c.obj (.text:I2CMasterDataGet)
                  20007b08    0000000e     rtsv7M4_T_le_eabi.lib : copy_decompress_none.obj (.text:decompress:none)
                  20007b16    0000000e     startup_ccs.obj (.text)
                  20007b24    0000000c     rtsv7M4_T_le_eabi.lib : copy_zero_init.obj (.text:decompress:ZI)
                  20007b30    00000008                           : s_copysign.obj (.text)
                  20007b38    00000006     driverlib.a : utils.obj (.text:UtilsDelay)
                  20007b3e    00000004     rtsv7M4_T_le_eabi.lib : pre_init.obj (.text)

.const     0    20007b44    00000398     
                  20007b44    00000101     rtsv7M4_T_le_eabi.lib : ctype.obj (.const:.string:_ctypes_)
                  20007c45    00000003     --HOLE-- [fill = 0]
                  20007c48    00000100     driverlib.a : pin.obj (.const:g_ulPinToPadMap)
                  20007d48    000000d4                 : interrupt.obj (.const:g_pulRegs)
                  20007e1c    000000a8                 : prcm.obj (.const:PRCM_PeriphRegsList)
                  20007ec4    00000018                 : interrupt.obj (.const:g_pulEnRegs)

.cinit     0    20007ee0    00000058     
                  20007ee0    0000002d     (.cinit..data.load) [load image, compression = lzss]
                  20007f0d    00000003     --HOLE-- [fill = 0]
                  20007f10    0000000c     (__TI_handler_table)
                  20007f1c    00000004     --HOLE-- [fill = 0]
                  20007f20    00000008     (.cinit..bss.load) [load image, compression = zero_init]
                  20007f28    00000010     (__TI_cinit_table)

.sysmem    0    20017000    00008000     UNINITIALIZED
                  20017000    00000008     rtsv7M4_T_le_eabi.lib : memory.obj (.sysmem)
                  20017008    00007ff8     --HOLE--

.data      0    2001f000    0000004c     UNINITIALIZED
                  2001f000    00000014     gpio_if.obj (.data:ulReg)
                  2001f014    00000010     gpio_if.obj (.data)
                  2001f024    0000000c     rtsv7M4_T_le_eabi.lib : exit.obj (.data:$O1$$)
                  2001f030    0000000c                           : memory.obj (.data:$O1$$)
                  2001f03c    00000008                           : _lock.obj (.data:$O1$$)
                  2001f044    00000004                           : errno.obj (.data)
                  2001f048    00000004                           : stkdepth_vars.obj (.data)

.bss       0    2001f04c    00000008     UNINITIALIZED
                  2001f04c    00000004     uart_if.obj (.bss)
                  2001f050    00000001     (.common:g_ucLED1Pin)
                  2001f051    00000001     (.common:g_ucLED2Pin)
                  2001f052    00000001     (.common:g_ucLED3Pin)
                  2001f053    00000001     (.common:g_ucledPin)

.stack     0    2002f000    00001000     UNINITIALIZED
                  2002f000    00001000     --HOLE--

MODULE SUMMARY

       Module                     code    ro data   rw data
       ------                     ----    -------   -------
    .\
       startup_ccs.obj            14      1024      0      
       gpio_if.obj                964     0         40     
       i2c_if.obj                 644     0         0      
       uart_if.obj                640     0         4      
       main.obj                   516     0         0      
       bma222drv.obj              484     0         0      
       pinmux.obj                 168     0         0      
    +--+--------------------------+-------+---------+---------+
       Total:                     3430    1024      44     
                                                           
    C:/TI/CC3200SDK_1.3.0/CC3200SDK_1.3.0/cc3200-sdk/driverlib/ccs/Release/driverlib.a
       pin.obj                    302     256       0      
       interrupt.obj              284     236       0      
       prcm.obj                   336     168       0      
       gpio.obj                   388     0         0      
       i2c.obj                    352     0         0      
       uart.obj                   284     0         0      
       utils.obj                  6       0         0      
    +--+--------------------------+-------+---------+---------+
       Total:                     1952    660       0      
                                                           
    C:\TI\ccsv7\tools\compiler\ti-cgt-arm_16.9.1.LTS\lib\rtsv7M4_T_le_eabi.lib
       _printfi.obj               4386    0         0      
       memory.obj                 976     0         12     
       ull_div_t2.obj             500     0         0      
       fd_add_t2.obj              438     0         0      
       fd_div_t2.obj              310     0         0      
       fd_cmp_t2.obj              268     0         0      
       ctype.obj                  0       257       0      
       fd_mul_t2.obj              252     0         0      
       s_scalbn.obj               208     0         0      
       memcpy_t2.obj              156     0         0      
       vsnprintf.obj              136     0         0      
       memset_t2.obj              122     0         0      
       autoinit.obj               112     0         0      
       copy_decompress_lzss.obj   104     0         0      
       exit.obj                   84      0         12     
       s_frexp.obj                92      0         0      
       ltoa.obj                   84      0         0      
       atoi.obj                   76      0         0      
       cpy_tbl.obj                76      0         0      
       fd_toi_t2.obj              72      0         0      
       boot.obj                   64      0         0      
       i_tofd_t2.obj              46      0         0      
       memmov.obj                 36      0         0      
       _lock.obj                  20      0         8      
       memccpy.obj                28      0         0      
       args_main.obj              24      0         0      
       strchr.obj                 22      0         0      
       strlen.obj                 20      0         0      
       copy_decompress_none.obj   14      0         0      
       copy_zero_init.obj         12      0         0      
       s_copysign.obj             8       0         0      
       errno.obj                  0       0         4      
       pre_init.obj               4       0         0      
       stkdepth_vars.obj          0       0         4      
       mpu_init.obj               2       0         0      
       startup.obj                2       0         0      
    +--+--------------------------+-------+---------+---------+
       Total:                     8754    257       40     
                                                           
       Heap:                      0       0         32768  
       Stack:                     0       0         4096   
       Linker Generated:          0       81        0      
    +--+--------------------------+-------+---------+---------+
       Grand Total:               14136   2022      36948  


LINKER GENERATED COPY TABLES

__TI_cinit_table @ 20007f28 records: 2, size/record: 8, table size: 16
	.data: load addr=20007ee0, load size=0000002d bytes, run addr=2001f000, run size=0000004c bytes, compression=lzss
	.bss: load addr=20007f20, load size=00000008 bytes, run addr=2001f04c, run size=00000008 bytes, compression=zero_init


LINKER GENERATED HANDLER TABLE

__TI_handler_table @ 20007f10 records: 3, size/record: 4, table size: 12
	index: 0, handler: __TI_decompress_lzss
	index: 1, handler: __TI_decompress_none
	index: 2, handler: __TI_zero_init


GLOBAL SYMBOLS: SORTED ALPHABETICALLY BY Name 

address   name                           
-------   ----                           
20006669  BMA222Close                    
20006647  BMA222Open                     
2000666d  BMA222Read                     
200066e9  BMA222ReadNew                  
20006617  BlockRead                      
200074c5  C$$EXIT                        
20005f7d  ClearTerm                      
20005f87  Error                          
20007751  GPIODirModeSet                 
20007a87  GPIOIntClear                   
200079c7  GPIOIntEnable                  
20007919  GPIOIntRegister                
20007171  GPIOIntTypeSet                 
200079fb  GPIOPinRead                    
200078d7  GPIOPinWrite                   
20005bd9  GPIO_IF_ConfigureNIntEnable    
20005c75  GPIO_IF_Get                    
20005b93  GPIO_IF_GetPortNPin            
20005931  GPIO_IF_LedConfigure           
20005a47  GPIO_IF_LedOff                 
20005981  GPIO_IF_LedOn                  
20005afb  GPIO_IF_LedStatus              
20005b65  GPIO_IF_LedToggle              
20005c21  GPIO_IF_Set                    
20005fbf  GetCmd                         
200065b5  GetRegisterValue               
20007ac5  I2CMasterControl               
20007afb  I2CMasterDataGet               
20007a45  I2CMasterDataPut               
20007a5b  I2CMasterEnable                
20007817  I2CMasterErr                   
200070ed  I2CMasterInitExpClk            
20007ad7  I2CMasterIntClearEx            
20007937  I2CMasterIntStatusEx           
200078b5  I2CMasterSlaveAddrSet          
20007ae9  I2CMasterTimeoutSet            
20005f27  I2C_IF_Close                   
20005edf  I2C_IF_Open                    
20005ddd  I2C_IF_Read                    
20005e99  I2C_IF_ReadFrom                
20005d2d  I2C_IF_Write                   
20005f3d  InitTerm                       
20006c51  IntEnable                      
20007471  IntPrioritySet                 
200078f9  IntRegister                    
20005f5b  Message                        
20007845  PRCMPeripheralClkDisable       
20007715  PRCMPeripheralClkEnable        
20006e3d  PRCMPeripheralClockGet         
20007419  PRCMPeripheralReset            
20006ed1  PinConfigSet                   
20007695  PinModeSet                     
20006cf9  PinMuxConfig                   
20007787  PinTypeGPIO                    
20007973  PinTypeI2C                     
200079e1  PinTypeUART                    
200060fd  Report                         
20007b17  ResetISR                       
UNDEFED   SHT$$INIT_ARRAY$$Base          
UNDEFED   SHT$$INIT_ARRAY$$Limit         
200061e3  SW2Routine                     
200065df  SetRegisterValue               
20006065  TrimSpace                      
2000798f  UARTCharGetNonBlocking         
20007955  UARTCharPut                    
20007a13  UARTCharsAvail                 
2000726d  UARTConfigSetExpClk            
200077b9  UARTDisable                    
2000786d  UARTEnable                     
20007b39  UtilsDelay                     
20030000  __STACK_END                    
00001000  __STACK_SIZE                   
00008000  __SYSMEM_SIZE                  
20007f28  __TI_CINIT_Base                
20007f38  __TI_CINIT_Limit               
20007f10  __TI_Handler_Table_Base        
20007f1c  __TI_Handler_Table_Limit       
200072e5  __TI_auto_init                 
2001f024  __TI_cleanup_ptr               
20007355  __TI_decompress_lzss           
20007b09  __TI_decompress_none           
2001f028  __TI_dtors_ptr                 
2001f02c  __TI_enable_exit_profile_output
ffffffff  __TI_pprof_out_hndl            
20004c39  __TI_printfi                   
ffffffff  __TI_prof_data_size            
ffffffff  __TI_prof_data_start           
20007ee0  __TI_static_base__             
20007b25  __TI_zero_init                 
20006fe1  __aeabi_cdcmpeq                
20006fe1  __aeabi_cdcmple                
20007067  __aeabi_cdrcmple               
2000764d  __aeabi_d2iz                   
200067a3  __aeabi_dadd                   
2000694f  __aeabi_ddiv                   
20006a85  __aeabi_dmul                   
20006799  __aeabi_dsub                   
200077e9  __aeabi_i2d                    
200071f3  __aeabi_memclr                 
200071f3  __aeabi_memclr4                
200071f3  __aeabi_memclr8                
20006da1  __aeabi_memcpy                 
20006da1  __aeabi_memcpy4                
20006da1  __aeabi_memcpy8                
200071f5  __aeabi_memset                 
200071f5  __aeabi_memset4                
200071f5  __aeabi_memset8                
200063c1  __aeabi_uldivmod               
ffffffff  __binit__                      
ffffffff  __c_args__                     
20005523  __mpu_init                     
2002f000  __stack                        
20007a2d  _args_main                     
200076d5  _c_int00                       
20007b44  _ctypes_                       
2001f03c  _lock                          
20007aab  _nop                           
20007aa3  _register_lock                 
20007a9d  _register_unlock               
20017000  _sys_memory                    
200072e3  _system_post_cinit             
20007b3f  _system_pre_init               
2001f040  _unlock                        
200074c9  abort                          
2000756d  atoi                           
ffffffff  binit                          
200058c5  calloc                         
200075b9  copy_in                        
20007b31  copysign                       
20007b31  copysignl                      
2001f044  errno                          
200074d1  exit                           
2000560f  free                           
200073bd  frexp                          
200073bd  frexpl                         
20004000  g_pfnVectors                   
2001f050  g_ucLED1Pin                    
2001f051  g_ucLED2Pin                    
2001f052  g_ucLED3Pin                    
2001f053  g_ucledPin                     
2001f014  g_uiLED1Port                   
2001f018  g_uiLED2Port                   
2001f01c  g_uiLED3Port                   
2001f020  g_uiledPort                    
20006b81  ldexp                          
20006b81  ldexpl                         
20007519  ltoa                           
2000622b  main                           
2001f048  main_func_sp                   
200055a5  malloc                         
200057d9  memalign                       
200079ab  memccpy                        
20006da1  memcpy                         
20007891  memmove                        
200071fb  memset                         
20005525  minit                          
200056d1  realloc                        
20006b81  scalbn                         
20006b81  scalbnl                        
20007a71  strchr                         
20007ab1  strlen                         
20006f59  vsnprintf                      


GLOBAL SYMBOLS: SORTED BY Symbol Address 

address   name                           
-------   ----                           
00001000  __STACK_SIZE                   
00008000  __SYSMEM_SIZE                  
20004000  g_pfnVectors                   
20004c39  __TI_printfi                   
20005523  __mpu_init                     
20005525  minit                          
200055a5  malloc                         
2000560f  free                           
200056d1  realloc                        
200057d9  memalign                       
200058c5  calloc                         
20005931  GPIO_IF_LedConfigure           
20005981  GPIO_IF_LedOn                  
20005a47  GPIO_IF_LedOff                 
20005afb  GPIO_IF_LedStatus              
20005b65  GPIO_IF_LedToggle              
20005b93  GPIO_IF_GetPortNPin            
20005bd9  GPIO_IF_ConfigureNIntEnable    
20005c21  GPIO_IF_Set                    
20005c75  GPIO_IF_Get                    
20005d2d  I2C_IF_Write                   
20005ddd  I2C_IF_Read                    
20005e99  I2C_IF_ReadFrom                
20005edf  I2C_IF_Open                    
20005f27  I2C_IF_Close                   
20005f3d  InitTerm                       
20005f5b  Message                        
20005f7d  ClearTerm                      
20005f87  Error                          
20005fbf  GetCmd                         
20006065  TrimSpace                      
200060fd  Report                         
200061e3  SW2Routine                     
2000622b  main                           
200063c1  __aeabi_uldivmod               
200065b5  GetRegisterValue               
200065df  SetRegisterValue               
20006617  BlockRead                      
20006647  BMA222Open                     
20006669  BMA222Close                    
2000666d  BMA222Read                     
200066e9  BMA222ReadNew                  
20006799  __aeabi_dsub                   
200067a3  __aeabi_dadd                   
2000694f  __aeabi_ddiv                   
20006a85  __aeabi_dmul                   
20006b81  ldexp                          
20006b81  ldexpl                         
20006b81  scalbn                         
20006b81  scalbnl                        
20006c51  IntEnable                      
20006cf9  PinMuxConfig                   
20006da1  __aeabi_memcpy                 
20006da1  __aeabi_memcpy4                
20006da1  __aeabi_memcpy8                
20006da1  memcpy                         
20006e3d  PRCMPeripheralClockGet         
20006ed1  PinConfigSet                   
20006f59  vsnprintf                      
20006fe1  __aeabi_cdcmpeq                
20006fe1  __aeabi_cdcmple                
20007067  __aeabi_cdrcmple               
200070ed  I2CMasterInitExpClk            
20007171  GPIOIntTypeSet                 
200071f3  __aeabi_memclr                 
200071f3  __aeabi_memclr4                
200071f3  __aeabi_memclr8                
200071f5  __aeabi_memset                 
200071f5  __aeabi_memset4                
200071f5  __aeabi_memset8                
200071fb  memset                         
2000726d  UARTConfigSetExpClk            
200072e3  _system_post_cinit             
200072e5  __TI_auto_init                 
20007355  __TI_decompress_lzss           
200073bd  frexp                          
200073bd  frexpl                         
20007419  PRCMPeripheralReset            
20007471  IntPrioritySet                 
200074c5  C$$EXIT                        
200074c9  abort                          
200074d1  exit                           
20007519  ltoa                           
2000756d  atoi                           
200075b9  copy_in                        
2000764d  __aeabi_d2iz                   
20007695  PinModeSet                     
200076d5  _c_int00                       
20007715  PRCMPeripheralClkEnable        
20007751  GPIODirModeSet                 
20007787  PinTypeGPIO                    
200077b9  UARTDisable                    
200077e9  __aeabi_i2d                    
20007817  I2CMasterErr                   
20007845  PRCMPeripheralClkDisable       
2000786d  UARTEnable                     
20007891  memmove                        
200078b5  I2CMasterSlaveAddrSet          
200078d7  GPIOPinWrite                   
200078f9  IntRegister                    
20007919  GPIOIntRegister                
20007937  I2CMasterIntStatusEx           
20007955  UARTCharPut                    
20007973  PinTypeI2C                     
2000798f  UARTCharGetNonBlocking         
200079ab  memccpy                        
200079c7  GPIOIntEnable                  
200079e1  PinTypeUART                    
200079fb  GPIOPinRead                    
20007a13  UARTCharsAvail                 
20007a2d  _args_main                     
20007a45  I2CMasterDataPut               
20007a5b  I2CMasterEnable                
20007a71  strchr                         
20007a87  GPIOIntClear                   
20007a9d  _register_unlock               
20007aa3  _register_lock                 
20007aab  _nop                           
20007ab1  strlen                         
20007ac5  I2CMasterControl               
20007ad7  I2CMasterIntClearEx            
20007ae9  I2CMasterTimeoutSet            
20007afb  I2CMasterDataGet               
20007b09  __TI_decompress_none           
20007b17  ResetISR                       
20007b25  __TI_zero_init                 
20007b31  copysign                       
20007b31  copysignl                      
20007b39  UtilsDelay                     
20007b3f  _system_pre_init               
20007b44  _ctypes_                       
20007ee0  __TI_static_base__             
20007f10  __TI_Handler_Table_Base        
20007f1c  __TI_Handler_Table_Limit       
20007f28  __TI_CINIT_Base                
20007f38  __TI_CINIT_Limit               
20017000  _sys_memory                    
2001f014  g_uiLED1Port                   
2001f018  g_uiLED2Port                   
2001f01c  g_uiLED3Port                   
2001f020  g_uiledPort                    
2001f024  __TI_cleanup_ptr               
2001f028  __TI_dtors_ptr                 
2001f02c  __TI_enable_exit_profile_output
2001f03c  _lock                          
2001f040  _unlock                        
2001f044  errno                          
2001f048  main_func_sp                   
2001f050  g_ucLED1Pin                    
2001f051  g_ucLED2Pin                    
2001f052  g_ucLED3Pin                    
2001f053  g_ucledPin                     
2002f000  __stack                        
20030000  __STACK_END                    
ffffffff  __TI_pprof_out_hndl            
ffffffff  __TI_prof_data_size            
ffffffff  __TI_prof_data_start           
ffffffff  __binit__                      
ffffffff  __c_args__                     
ffffffff  binit                          
UNDEFED   SHT$$INIT_ARRAY$$Base          
UNDEFED   SHT$$INIT_ARRAY$$Limit         

[162 symbols]
