<?xml version="1.0"?>
<link_info>
   <banner>TI ARM Linker PC v16.9.1.LTS</banner>
   <copyright>Copyright (c) 1996-2015 Texas Instruments Incorporated</copyright>
   <link_time>0x5920324a</link_time>
   <link_errors>0x0</link_errors>
   <output_file>9)BMA222_UART.out</output_file>
   <entry_point>
      <name>_c_int00</name>
      <address>0x200076d5</address>
   </entry_point>
   <input_file_list>
      <input_file id="fl-2">
         <path>.\</path>
         <kind>object</kind>
         <file>adc_userinput.obj</file>
         <name>adc_userinput.obj</name>
      </input_file>
      <input_file id="fl-3">
         <path>.\</path>
         <kind>object</kind>
         <file>bma222drv.obj</file>
         <name>bma222drv.obj</name>
      </input_file>
      <input_file id="fl-4">
         <path>.\</path>
         <kind>object</kind>
         <file>gpio_if.obj</file>
         <name>gpio_if.obj</name>
      </input_file>
      <input_file id="fl-5">
         <path>.\</path>
         <kind>object</kind>
         <file>i2c_if.obj</file>
         <name>i2c_if.obj</name>
      </input_file>
      <input_file id="fl-6">
         <path>.\</path>
         <kind>object</kind>
         <file>main.obj</file>
         <name>main.obj</name>
      </input_file>
      <input_file id="fl-7">
         <path>.\</path>
         <kind>object</kind>
         <file>pinmux.obj</file>
         <name>pinmux.obj</name>
      </input_file>
      <input_file id="fl-8">
         <path>.\</path>
         <kind>object</kind>
         <file>startup_ccs.obj</file>
         <name>startup_ccs.obj</name>
      </input_file>
      <input_file id="fl-9">
         <path>.\</path>
         <kind>object</kind>
         <file>uart_if.obj</file>
         <name>uart_if.obj</name>
      </input_file>
      <input_file id="fl-c4">
         <path>C:\TI\ccsv7\tools\compiler\ti-cgt-arm_16.9.1.LTS\lib\</path>
         <kind>archive</kind>
         <file>rtsv7M4_T_le_eabi.lib</file>
         <name>boot.obj</name>
      </input_file>
      <input_file id="fl-c5">
         <path>C:\TI\ccsv7\tools\compiler\ti-cgt-arm_16.9.1.LTS\lib\</path>
         <kind>archive</kind>
         <file>rtsv7M4_T_le_eabi.lib</file>
         <name>copy_decompress_lzss.obj</name>
      </input_file>
      <input_file id="fl-c6">
         <path>C:\TI\ccsv7\tools\compiler\ti-cgt-arm_16.9.1.LTS\lib\</path>
         <kind>archive</kind>
         <file>rtsv7M4_T_le_eabi.lib</file>
         <name>copy_decompress_none.obj</name>
      </input_file>
      <input_file id="fl-c7">
         <path>C:\TI\ccsv7\tools\compiler\ti-cgt-arm_16.9.1.LTS\lib\</path>
         <kind>archive</kind>
         <file>rtsv7M4_T_le_eabi.lib</file>
         <name>copy_zero_init.obj</name>
      </input_file>
      <input_file id="fl-c8">
         <path>C:\TI\ccsv7\tools\compiler\ti-cgt-arm_16.9.1.LTS\lib\</path>
         <kind>archive</kind>
         <file>rtsv7M4_T_le_eabi.lib</file>
         <name>exit.obj</name>
      </input_file>
      <input_file id="fl-c9">
         <path>C:\TI\ccsv7\tools\compiler\ti-cgt-arm_16.9.1.LTS\lib\</path>
         <kind>archive</kind>
         <file>rtsv7M4_T_le_eabi.lib</file>
         <name>memcpy_t2.obj</name>
      </input_file>
      <input_file id="fl-ca">
         <path>C:\TI\ccsv7\tools\compiler\ti-cgt-arm_16.9.1.LTS\lib\</path>
         <kind>archive</kind>
         <file>rtsv7M4_T_le_eabi.lib</file>
         <name>memmov.obj</name>
      </input_file>
      <input_file id="fl-cb">
         <path>C:\TI\ccsv7\tools\compiler\ti-cgt-arm_16.9.1.LTS\lib\</path>
         <kind>archive</kind>
         <file>rtsv7M4_T_le_eabi.lib</file>
         <name>memory.obj</name>
      </input_file>
      <input_file id="fl-cc">
         <path>C:\TI\ccsv7\tools\compiler\ti-cgt-arm_16.9.1.LTS\lib\</path>
         <kind>archive</kind>
         <file>rtsv7M4_T_le_eabi.lib</file>
         <name>memset_t2.obj</name>
      </input_file>
      <input_file id="fl-cd">
         <path>C:\TI\ccsv7\tools\compiler\ti-cgt-arm_16.9.1.LTS\lib\</path>
         <kind>archive</kind>
         <file>rtsv7M4_T_le_eabi.lib</file>
         <name>mpu_init.obj</name>
      </input_file>
      <input_file id="fl-ce">
         <path>C:\TI\ccsv7\tools\compiler\ti-cgt-arm_16.9.1.LTS\lib\</path>
         <kind>archive</kind>
         <file>rtsv7M4_T_le_eabi.lib</file>
         <name>pre_init.obj</name>
      </input_file>
      <input_file id="fl-cf">
         <path>C:\TI\ccsv7\tools\compiler\ti-cgt-arm_16.9.1.LTS\lib\</path>
         <kind>archive</kind>
         <file>rtsv7M4_T_le_eabi.lib</file>
         <name>stkdepth_vars.obj</name>
      </input_file>
      <input_file id="fl-d0">
         <path>C:\TI\ccsv7\tools\compiler\ti-cgt-arm_16.9.1.LTS\lib\</path>
         <kind>archive</kind>
         <file>rtsv7M4_T_le_eabi.lib</file>
         <name>strcmp.obj</name>
      </input_file>
      <input_file id="fl-d1">
         <path>C:\TI\ccsv7\tools\compiler\ti-cgt-arm_16.9.1.LTS\lib\</path>
         <kind>archive</kind>
         <file>rtsv7M4_T_le_eabi.lib</file>
         <name>strlen.obj</name>
      </input_file>
      <input_file id="fl-d2">
         <path>C:\TI\ccsv7\tools\compiler\ti-cgt-arm_16.9.1.LTS\lib\</path>
         <kind>archive</kind>
         <file>rtsv7M4_T_le_eabi.lib</file>
         <name>strtok.obj</name>
      </input_file>
      <input_file id="fl-d3">
         <path>C:\TI\ccsv7\tools\compiler\ti-cgt-arm_16.9.1.LTS\lib\</path>
         <kind>archive</kind>
         <file>rtsv7M4_T_le_eabi.lib</file>
         <name>vsnprintf.obj</name>
      </input_file>
      <input_file id="fl-d4">
         <path>C:\TI\ccsv7\tools\compiler\ti-cgt-arm_16.9.1.LTS\lib\</path>
         <kind>archive</kind>
         <file>rtsv7M4_T_le_eabi.lib</file>
         <name>_lock.obj</name>
      </input_file>
      <input_file id="fl-d5">
         <path>C:\TI\ccsv7\tools\compiler\ti-cgt-arm_16.9.1.LTS\lib\</path>
         <kind>archive</kind>
         <file>rtsv7M4_T_le_eabi.lib</file>
         <name>_printfi.obj</name>
      </input_file>
      <input_file id="fl-d6">
         <path>C:\TI\ccsv7\tools\compiler\ti-cgt-arm_16.9.1.LTS\lib\</path>
         <kind>archive</kind>
         <file>rtsv7M4_T_le_eabi.lib</file>
         <name>args_main.obj</name>
      </input_file>
      <input_file id="fl-d7">
         <path>C:\TI\ccsv7\tools\compiler\ti-cgt-arm_16.9.1.LTS\lib\</path>
         <kind>archive</kind>
         <file>rtsv7M4_T_le_eabi.lib</file>
         <name>atoi.obj</name>
      </input_file>
      <input_file id="fl-d8">
         <path>C:\TI\ccsv7\tools\compiler\ti-cgt-arm_16.9.1.LTS\lib\</path>
         <kind>archive</kind>
         <file>rtsv7M4_T_le_eabi.lib</file>
         <name>autoinit.obj</name>
      </input_file>
      <input_file id="fl-d9">
         <path>C:\TI\ccsv7\tools\compiler\ti-cgt-arm_16.9.1.LTS\lib\</path>
         <kind>archive</kind>
         <file>rtsv7M4_T_le_eabi.lib</file>
         <name>cpy_tbl.obj</name>
      </input_file>
      <input_file id="fl-da">
         <path>C:\TI\ccsv7\tools\compiler\ti-cgt-arm_16.9.1.LTS\lib\</path>
         <kind>archive</kind>
         <file>rtsv7M4_T_le_eabi.lib</file>
         <name>ctype.obj</name>
      </input_file>
      <input_file id="fl-db">
         <path>C:\TI\ccsv7\tools\compiler\ti-cgt-arm_16.9.1.LTS\lib\</path>
         <kind>archive</kind>
         <file>rtsv7M4_T_le_eabi.lib</file>
         <name>fd_add_t2.obj</name>
      </input_file>
      <input_file id="fl-dc">
         <path>C:\TI\ccsv7\tools\compiler\ti-cgt-arm_16.9.1.LTS\lib\</path>
         <kind>archive</kind>
         <file>rtsv7M4_T_le_eabi.lib</file>
         <name>fd_cmp_t2.obj</name>
      </input_file>
      <input_file id="fl-dd">
         <path>C:\TI\ccsv7\tools\compiler\ti-cgt-arm_16.9.1.LTS\lib\</path>
         <kind>archive</kind>
         <file>rtsv7M4_T_le_eabi.lib</file>
         <name>fd_div_t2.obj</name>
      </input_file>
      <input_file id="fl-de">
         <path>C:\TI\ccsv7\tools\compiler\ti-cgt-arm_16.9.1.LTS\lib\</path>
         <kind>archive</kind>
         <file>rtsv7M4_T_le_eabi.lib</file>
         <name>fd_mul_t2.obj</name>
      </input_file>
      <input_file id="fl-df">
         <path>C:\TI\ccsv7\tools\compiler\ti-cgt-arm_16.9.1.LTS\lib\</path>
         <kind>archive</kind>
         <file>rtsv7M4_T_le_eabi.lib</file>
         <name>fd_toi_t2.obj</name>
      </input_file>
      <input_file id="fl-e0">
         <path>C:\TI\ccsv7\tools\compiler\ti-cgt-arm_16.9.1.LTS\lib\</path>
         <kind>archive</kind>
         <file>rtsv7M4_T_le_eabi.lib</file>
         <name>i_tofd_t2.obj</name>
      </input_file>
      <input_file id="fl-e1">
         <path>C:\TI\ccsv7\tools\compiler\ti-cgt-arm_16.9.1.LTS\lib\</path>
         <kind>archive</kind>
         <file>rtsv7M4_T_le_eabi.lib</file>
         <name>ltoa.obj</name>
      </input_file>
      <input_file id="fl-e2">
         <path>C:\TI\ccsv7\tools\compiler\ti-cgt-arm_16.9.1.LTS\lib\</path>
         <kind>archive</kind>
         <file>rtsv7M4_T_le_eabi.lib</file>
         <name>memccpy.obj</name>
      </input_file>
      <input_file id="fl-e3">
         <path>C:\TI\ccsv7\tools\compiler\ti-cgt-arm_16.9.1.LTS\lib\</path>
         <kind>archive</kind>
         <file>rtsv7M4_T_le_eabi.lib</file>
         <name>s_frexp.obj</name>
      </input_file>
      <input_file id="fl-e4">
         <path>C:\TI\ccsv7\tools\compiler\ti-cgt-arm_16.9.1.LTS\lib\</path>
         <kind>archive</kind>
         <file>rtsv7M4_T_le_eabi.lib</file>
         <name>s_scalbn.obj</name>
      </input_file>
      <input_file id="fl-e5">
         <path>C:\TI\ccsv7\tools\compiler\ti-cgt-arm_16.9.1.LTS\lib\</path>
         <kind>archive</kind>
         <file>rtsv7M4_T_le_eabi.lib</file>
         <name>startup.obj</name>
      </input_file>
      <input_file id="fl-e6">
         <path>C:\TI\ccsv7\tools\compiler\ti-cgt-arm_16.9.1.LTS\lib\</path>
         <kind>archive</kind>
         <file>rtsv7M4_T_le_eabi.lib</file>
         <name>strchr.obj</name>
      </input_file>
      <input_file id="fl-e7">
         <path>C:\TI\ccsv7\tools\compiler\ti-cgt-arm_16.9.1.LTS\lib\</path>
         <kind>archive</kind>
         <file>rtsv7M4_T_le_eabi.lib</file>
         <name>strcspn.obj</name>
      </input_file>
      <input_file id="fl-e8">
         <path>C:\TI\ccsv7\tools\compiler\ti-cgt-arm_16.9.1.LTS\lib\</path>
         <kind>archive</kind>
         <file>rtsv7M4_T_le_eabi.lib</file>
         <name>strspn.obj</name>
      </input_file>
      <input_file id="fl-e9">
         <path>C:\TI\ccsv7\tools\compiler\ti-cgt-arm_16.9.1.LTS\lib\</path>
         <kind>archive</kind>
         <file>rtsv7M4_T_le_eabi.lib</file>
         <name>ull_div_t2.obj</name>
      </input_file>
      <input_file id="fl-ea">
         <path>C:\TI\ccsv7\tools\compiler\ti-cgt-arm_16.9.1.LTS\lib\</path>
         <kind>archive</kind>
         <file>rtsv7M4_T_le_eabi.lib</file>
         <name>errno.obj</name>
      </input_file>
      <input_file id="fl-eb">
         <path>C:\TI\ccsv7\tools\compiler\ti-cgt-arm_16.9.1.LTS\lib\</path>
         <kind>archive</kind>
         <file>rtsv7M4_T_le_eabi.lib</file>
         <name>s_copysign.obj</name>
      </input_file>
      <input_file id="fl-ec">
         <path>C:\TI\CC3200SDK_1.3.0\CC3200SDK_1.3.0\cc3200-sdk\driverlib\ccs\Release\</path>
         <kind>archive</kind>
         <file>driverlib.a</file>
         <name>gpio.obj</name>
      </input_file>
      <input_file id="fl-ed">
         <path>C:\TI\CC3200SDK_1.3.0\CC3200SDK_1.3.0\cc3200-sdk\driverlib\ccs\Release\</path>
         <kind>archive</kind>
         <file>driverlib.a</file>
         <name>i2c.obj</name>
      </input_file>
      <input_file id="fl-ee">
         <path>C:\TI\CC3200SDK_1.3.0\CC3200SDK_1.3.0\cc3200-sdk\driverlib\ccs\Release\</path>
         <kind>archive</kind>
         <file>driverlib.a</file>
         <name>interrupt.obj</name>
      </input_file>
      <input_file id="fl-ef">
         <path>C:\TI\CC3200SDK_1.3.0\CC3200SDK_1.3.0\cc3200-sdk\driverlib\ccs\Release\</path>
         <kind>archive</kind>
         <file>driverlib.a</file>
         <name>pin.obj</name>
      </input_file>
      <input_file id="fl-f0">
         <path>C:\TI\CC3200SDK_1.3.0\CC3200SDK_1.3.0\cc3200-sdk\driverlib\ccs\Release\</path>
         <kind>archive</kind>
         <file>driverlib.a</file>
         <name>prcm.obj</name>
      </input_file>
      <input_file id="fl-f1">
         <path>C:\TI\CC3200SDK_1.3.0\CC3200SDK_1.3.0\cc3200-sdk\driverlib\ccs\Release\</path>
         <kind>archive</kind>
         <file>driverlib.a</file>
         <name>uart.obj</name>
      </input_file>
      <input_file id="fl-f2">
         <path>C:\TI\CC3200SDK_1.3.0\CC3200SDK_1.3.0\cc3200-sdk\driverlib\ccs\Release\</path>
         <kind>archive</kind>
         <file>driverlib.a</file>
         <name>utils.obj</name>
      </input_file>
      <input_file id="fl-f3">
         <path>C:\TI\CC3200SDK_1.3.0\CC3200SDK_1.3.0\cc3200-sdk\driverlib\ccs\Release\</path>
         <kind>archive</kind>
         <file>driverlib.a</file>
         <name>cpu.obj</name>
      </input_file>
      <input_file id="fl-f4">
         <path>C:\TI\CC3200SDK_1.3.0\CC3200SDK_1.3.0\cc3200-sdk\driverlib\ccs\Release\</path>
         <kind>archive</kind>
         <file>driverlib.a</file>
         <name>flash.obj</name>
      </input_file>
   </input_file_list>
   <object_component_list>
      <object_component id="oc-f">
         <name>.intvecs</name>
         <load_address>0x20004000</load_address>
         <run_address>0x20004000</run_address>
         <size>0x400</size>
         <input_file_ref idref="fl-8"/>
      </object_component>
      <object_component id="oc-215">
         <name>.text</name>
         <load_address>0x20004400</load_address>
         <run_address>0x20004400</run_address>
         <size>0x1122</size>
         <input_file_ref idref="fl-d5"/>
      </object_component>
      <object_component id="oc-59">
         <name>.text</name>
         <load_address>0x20005522</load_address>
         <run_address>0x20005522</run_address>
         <size>0x2</size>
         <input_file_ref idref="fl-cd"/>
      </object_component>
      <object_component id="oc-155">
         <name>.text</name>
         <load_address>0x20005524</load_address>
         <run_address>0x20005524</run_address>
         <size>0x3d0</size>
         <input_file_ref idref="fl-cb"/>
      </object_component>
      <object_component id="oc-e3">
         <name>.text</name>
         <load_address>0x200058f4</load_address>
         <run_address>0x200058f4</run_address>
         <size>0x3c4</size>
         <input_file_ref idref="fl-4"/>
      </object_component>
      <object_component id="oc-f6">
         <name>.text</name>
         <load_address>0x20005cb8</load_address>
         <run_address>0x20005cb8</run_address>
         <size>0x284</size>
         <input_file_ref idref="fl-5"/>
      </object_component>
      <object_component id="oc-dd">
         <name>.text</name>
         <load_address>0x20005f3c</load_address>
         <run_address>0x20005f3c</run_address>
         <size>0x280</size>
         <input_file_ref idref="fl-9"/>
      </object_component>
      <object_component id="oc-a8">
         <name>.text</name>
         <load_address>0x200061bc</load_address>
         <run_address>0x200061bc</run_address>
         <size>0x204</size>
         <input_file_ref idref="fl-6"/>
      </object_component>
      <object_component id="oc-28d">
         <name>.text</name>
         <load_address>0x200063c0</load_address>
         <run_address>0x200063c0</run_address>
         <size>0x1f4</size>
         <input_file_ref idref="fl-e9"/>
      </object_component>
      <object_component id="oc-e9">
         <name>.text</name>
         <load_address>0x200065b4</load_address>
         <run_address>0x200065b4</run_address>
         <size>0x1e4</size>
         <input_file_ref idref="fl-3"/>
      </object_component>
      <object_component id="oc-2b6">
         <name>.text</name>
         <load_address>0x20006798</load_address>
         <run_address>0x20006798</run_address>
         <size>0x1b6</size>
         <input_file_ref idref="fl-db"/>
      </object_component>
      <object_component id="oc-29c">
         <name>.text</name>
         <load_address>0x2000694e</load_address>
         <run_address>0x2000694e</run_address>
         <size>0x136</size>
         <input_file_ref idref="fl-dd"/>
      </object_component>
      <object_component id="oc-297">
         <name>.text</name>
         <load_address>0x20006a84</load_address>
         <run_address>0x20006a84</run_address>
         <size>0xfc</size>
         <input_file_ref idref="fl-de"/>
      </object_component>
      <object_component id="oc-2c1">
         <name>.text</name>
         <load_address>0x20006b80</load_address>
         <run_address>0x20006b80</run_address>
         <size>0xd0</size>
         <input_file_ref idref="fl-e4"/>
      </object_component>
      <object_component id="oc-24b">
         <name>.text:IntEnable</name>
         <load_address>0x20006c50</load_address>
         <run_address>0x20006c50</run_address>
         <size>0xa8</size>
         <input_file_ref idref="fl-ee"/>
      </object_component>
      <object_component id="oc-f0">
         <name>.text</name>
         <load_address>0x20006cf8</load_address>
         <run_address>0x20006cf8</run_address>
         <size>0xa8</size>
         <input_file_ref idref="fl-7"/>
      </object_component>
      <object_component id="oc-41">
         <name>.text</name>
         <load_address>0x20006da0</load_address>
         <run_address>0x20006da0</run_address>
         <size>0x9c</size>
         <input_file_ref idref="fl-c9"/>
      </object_component>
      <object_component id="oc-125">
         <name>.text:PRCMPeripheralClockGet</name>
         <load_address>0x20006e3c</load_address>
         <run_address>0x20006e3c</run_address>
         <size>0x94</size>
         <input_file_ref idref="fl-f0"/>
      </object_component>
      <object_component id="oc-268">
         <name>.text:PinConfigSet</name>
         <load_address>0x20006ed0</load_address>
         <run_address>0x20006ed0</run_address>
         <size>0x88</size>
         <input_file_ref idref="fl-ef"/>
      </object_component>
      <object_component id="oc-137">
         <name>.text</name>
         <load_address>0x20006f58</load_address>
         <run_address>0x20006f58</run_address>
         <size>0x88</size>
         <input_file_ref idref="fl-d3"/>
      </object_component>
      <object_component id="oc-292">
         <name>.text:__aeabi_cdcmple</name>
         <load_address>0x20006fe0</load_address>
         <run_address>0x20006fe0</run_address>
         <size>0x86</size>
         <input_file_ref idref="fl-dc"/>
      </object_component>
      <object_component id="oc-2a1">
         <name>.text:__aeabi_cdrcmple</name>
         <load_address>0x20007066</load_address>
         <run_address>0x20007066</run_address>
         <size>0x86</size>
         <input_file_ref idref="fl-dc"/>
      </object_component>
      <object_component id="oc-1f2">
         <name>.text:I2CMasterInitExpClk</name>
         <load_address>0x200070ec</load_address>
         <run_address>0x200070ec</run_address>
         <size>0x84</size>
         <input_file_ref idref="fl-ed"/>
      </object_component>
      <object_component id="oc-16a">
         <name>.text:GPIOIntTypeSet</name>
         <load_address>0x20007170</load_address>
         <run_address>0x20007170</run_address>
         <size>0x82</size>
         <input_file_ref idref="fl-ec"/>
      </object_component>
      <object_component id="oc-4d">
         <name>.text</name>
         <load_address>0x200071f2</load_address>
         <run_address>0x200071f2</run_address>
         <size>0x7a</size>
         <input_file_ref idref="fl-cc"/>
      </object_component>
      <object_component id="oc-12b">
         <name>.text:UARTConfigSetExpClk</name>
         <load_address>0x2000726c</load_address>
         <run_address>0x2000726c</run_address>
         <size>0x76</size>
         <input_file_ref idref="fl-f1"/>
      </object_component>
      <object_component id="oc-a0">
         <name>.text</name>
         <load_address>0x200072e2</load_address>
         <run_address>0x200072e2</run_address>
         <size>0x2</size>
         <input_file_ref idref="fl-e5"/>
      </object_component>
      <object_component id="oc-65">
         <name>.text</name>
         <load_address>0x200072e4</load_address>
         <run_address>0x200072e4</run_address>
         <size>0x70</size>
         <input_file_ref idref="fl-d8"/>
      </object_component>
      <object_component id="oc-12">
         <name>.text:decompress:lzss</name>
         <load_address>0x20007354</load_address>
         <run_address>0x20007354</run_address>
         <size>0x68</size>
         <input_file_ref idref="fl-c5"/>
      </object_component>
      <object_component id="oc-2bb">
         <name>.text</name>
         <load_address>0x200073bc</load_address>
         <run_address>0x200073bc</run_address>
         <size>0x5c</size>
         <input_file_ref idref="fl-e3"/>
      </object_component>
      <object_component id="oc-1ec">
         <name>.text:PRCMPeripheralReset</name>
         <load_address>0x20007418</load_address>
         <run_address>0x20007418</run_address>
         <size>0x58</size>
         <input_file_ref idref="fl-f0"/>
      </object_component>
      <object_component id="oc-170">
         <name>.text:IntPrioritySet</name>
         <load_address>0x20007470</load_address>
         <run_address>0x20007470</run_address>
         <size>0x54</size>
         <input_file_ref idref="fl-ee"/>
      </object_component>
      <object_component id="oc-71">
         <name>.text</name>
         <load_address>0x200074c4</load_address>
         <run_address>0x200074c4</run_address>
         <size>0x54</size>
         <input_file_ref idref="fl-c8"/>
      </object_component>
      <object_component id="oc-2ab">
         <name>.text</name>
         <load_address>0x20007518</load_address>
         <run_address>0x20007518</run_address>
         <size>0x54</size>
         <input_file_ref idref="fl-e1"/>
      </object_component>
      <object_component id="oc-2cd">
         <name>.text</name>
         <load_address>0x2000756c</load_address>
         <run_address>0x2000756c</run_address>
         <size>0x4c</size>
         <input_file_ref idref="fl-d7"/>
      </object_component>
      <object_component id="oc-9a">
         <name>.text</name>
         <load_address>0x200075b8</load_address>
         <run_address>0x200075b8</run_address>
         <size>0x4c</size>
         <input_file_ref idref="fl-d9"/>
      </object_component>
      <object_component id="oc-23f">
         <name>.text:GPIOGetIntNumber</name>
         <load_address>0x20007604</load_address>
         <run_address>0x20007604</run_address>
         <size>0x48</size>
         <input_file_ref idref="fl-ec"/>
      </object_component>
      <object_component id="oc-2a6">
         <name>.text</name>
         <load_address>0x2000764c</load_address>
         <run_address>0x2000764c</run_address>
         <size>0x48</size>
         <input_file_ref idref="fl-df"/>
      </object_component>
      <object_component id="oc-262">
         <name>.text:PinModeSet</name>
         <load_address>0x20007694</load_address>
         <run_address>0x20007694</run_address>
         <size>0x40</size>
         <input_file_ref idref="fl-ef"/>
      </object_component>
      <object_component id="oc-24">
         <name>.text</name>
         <load_address>0x200076d4</load_address>
         <run_address>0x200076d4</run_address>
         <size>0x40</size>
         <input_file_ref idref="fl-c4"/>
      </object_component>
      <object_component id="oc-19d">
         <name>.text:PRCMPeripheralClkEnable</name>
         <load_address>0x20007714</load_address>
         <run_address>0x20007714</run_address>
         <size>0x3c</size>
         <input_file_ref idref="fl-f0"/>
      </object_component>
      <object_component id="oc-1af">
         <name>.text:GPIODirModeSet</name>
         <load_address>0x20007750</load_address>
         <run_address>0x20007750</run_address>
         <size>0x36</size>
         <input_file_ref idref="fl-ec"/>
      </object_component>
      <object_component id="oc-1a9">
         <name>.text:PinTypeGPIO</name>
         <load_address>0x20007786</load_address>
         <run_address>0x20007786</run_address>
         <size>0x30</size>
         <input_file_ref idref="fl-ef"/>
      </object_component>
      <object_component id="oc-207">
         <name>.text:UARTDisable</name>
         <load_address>0x200077b8</load_address>
         <run_address>0x200077b8</run_address>
         <size>0x30</size>
         <input_file_ref idref="fl-f1"/>
      </object_component>
      <object_component id="oc-2b1">
         <name>.text</name>
         <load_address>0x200077e8</load_address>
         <run_address>0x200077e8</run_address>
         <size>0x2e</size>
         <input_file_ref idref="fl-e0"/>
      </object_component>
      <object_component id="oc-1d4">
         <name>.text:I2CMasterErr</name>
         <load_address>0x20007816</load_address>
         <run_address>0x20007816</run_address>
         <size>0x2c</size>
         <input_file_ref idref="fl-ed"/>
      </object_component>
      <object_component id="oc-1f8">
         <name>.text:PRCMPeripheralClkDisable</name>
         <load_address>0x20007844</load_address>
         <run_address>0x20007844</run_address>
         <size>0x28</size>
         <input_file_ref idref="fl-f0"/>
      </object_component>
      <object_component id="oc-20d">
         <name>.text:UARTEnable</name>
         <load_address>0x2000786c</load_address>
         <run_address>0x2000786c</run_address>
         <size>0x24</size>
         <input_file_ref idref="fl-f1"/>
      </object_component>
      <object_component id="oc-14f">
         <name>.text</name>
         <load_address>0x20007890</load_address>
         <run_address>0x20007890</run_address>
         <size>0x24</size>
         <input_file_ref idref="fl-ca"/>
      </object_component>
      <object_component id="oc-1da">
         <name>.text:I2CMasterSlaveAddrSet</name>
         <load_address>0x200078b4</load_address>
         <run_address>0x200078b4</run_address>
         <size>0x22</size>
         <input_file_ref idref="fl-ed"/>
      </object_component>
      <object_component id="oc-188">
         <name>.text:GPIOPinWrite</name>
         <load_address>0x200078d6</load_address>
         <run_address>0x200078d6</run_address>
         <size>0x20</size>
         <input_file_ref idref="fl-ec"/>
      </object_component>
      <object_component id="oc-245">
         <name>.text:IntRegister</name>
         <load_address>0x200078f8</load_address>
         <run_address>0x200078f8</run_address>
         <size>0x20</size>
         <input_file_ref idref="fl-ee"/>
      </object_component>
      <object_component id="oc-176">
         <name>.text:GPIOIntRegister</name>
         <load_address>0x20007918</load_address>
         <run_address>0x20007918</run_address>
         <size>0x1e</size>
         <input_file_ref idref="fl-ec"/>
      </object_component>
      <object_component id="oc-1bc">
         <name>.text:I2CMasterIntStatusEx</name>
         <load_address>0x20007936</load_address>
         <run_address>0x20007936</run_address>
         <size>0x1e</size>
         <input_file_ref idref="fl-ed"/>
      </object_component>
      <object_component id="oc-131">
         <name>.text:UARTCharPut</name>
         <load_address>0x20007954</load_address>
         <run_address>0x20007954</run_address>
         <size>0x1e</size>
         <input_file_ref idref="fl-f1"/>
      </object_component>
      <object_component id="oc-1b5">
         <name>.text:PinTypeI2C</name>
         <load_address>0x20007972</load_address>
         <run_address>0x20007972</run_address>
         <size>0x1c</size>
         <input_file_ref idref="fl-ef"/>
      </object_component>
      <object_component id="oc-143">
         <name>.text:UARTCharGetNonBlocking</name>
         <load_address>0x2000798e</load_address>
         <run_address>0x2000798e</run_address>
         <size>0x1c</size>
         <input_file_ref idref="fl-f1"/>
      </object_component>
      <object_component id="oc-2d3">
         <name>.text</name>
         <load_address>0x200079aa</load_address>
         <run_address>0x200079aa</run_address>
         <size>0x1c</size>
         <input_file_ref idref="fl-e2"/>
      </object_component>
      <object_component id="oc-182">
         <name>.text:GPIOIntEnable</name>
         <load_address>0x200079c6</load_address>
         <run_address>0x200079c6</run_address>
         <size>0x1a</size>
         <input_file_ref idref="fl-ec"/>
      </object_component>
      <object_component id="oc-1a3">
         <name>.text:PinTypeUART</name>
         <load_address>0x200079e0</load_address>
         <run_address>0x200079e0</run_address>
         <size>0x1a</size>
         <input_file_ref idref="fl-ef"/>
      </object_component>
      <object_component id="oc-fc">
         <name>.text:GPIOPinRead</name>
         <load_address>0x200079fa</load_address>
         <run_address>0x200079fa</run_address>
         <size>0x18</size>
         <input_file_ref idref="fl-ec"/>
      </object_component>
      <object_component id="oc-13d">
         <name>.text:UARTCharsAvail</name>
         <load_address>0x20007a12</load_address>
         <run_address>0x20007a12</run_address>
         <size>0x18</size>
         <input_file_ref idref="fl-f1"/>
      </object_component>
      <object_component id="oc-6b">
         <name>.text</name>
         <load_address>0x20007a2c</load_address>
         <run_address>0x20007a2c</run_address>
         <size>0x18</size>
         <input_file_ref idref="fl-d6"/>
      </object_component>
      <object_component id="oc-1e0">
         <name>.text:I2CMasterDataPut</name>
         <load_address>0x20007a44</load_address>
         <run_address>0x20007a44</run_address>
         <size>0x16</size>
         <input_file_ref idref="fl-ed"/>
      </object_component>
      <object_component id="oc-281">
         <name>.text:I2CMasterEnable</name>
         <load_address>0x20007a5a</load_address>
         <run_address>0x20007a5a</run_address>
         <size>0x16</size>
         <input_file_ref idref="fl-ed"/>
      </object_component>
      <object_component id="oc-2c7">
         <name>.text</name>
         <load_address>0x20007a70</load_address>
         <run_address>0x20007a70</run_address>
         <size>0x16</size>
         <input_file_ref idref="fl-e6"/>
      </object_component>
      <object_component id="oc-17c">
         <name>.text:GPIOIntClear</name>
         <load_address>0x20007a86</load_address>
         <run_address>0x20007a86</run_address>
         <size>0x14</size>
         <input_file_ref idref="fl-ec"/>
      </object_component>
      <object_component id="oc-10d">
         <name>.text</name>
         <load_address>0x20007a9c</load_address>
         <run_address>0x20007a9c</run_address>
         <size>0x14</size>
         <input_file_ref idref="fl-d4"/>
      </object_component>
      <object_component id="oc-149">
         <name>.text</name>
         <load_address>0x20007ab0</load_address>
         <run_address>0x20007ab0</run_address>
         <size>0x14</size>
         <input_file_ref idref="fl-d1"/>
      </object_component>
      <object_component id="oc-1ce">
         <name>.text:I2CMasterControl</name>
         <load_address>0x20007ac4</load_address>
         <run_address>0x20007ac4</run_address>
         <size>0x12</size>
         <input_file_ref idref="fl-ed"/>
      </object_component>
      <object_component id="oc-1c2">
         <name>.text:I2CMasterIntClearEx</name>
         <load_address>0x20007ad6</load_address>
         <run_address>0x20007ad6</run_address>
         <size>0x12</size>
         <input_file_ref idref="fl-ed"/>
      </object_component>
      <object_component id="oc-1c8">
         <name>.text:I2CMasterTimeoutSet</name>
         <load_address>0x20007ae8</load_address>
         <run_address>0x20007ae8</run_address>
         <size>0x12</size>
         <input_file_ref idref="fl-ed"/>
      </object_component>
      <object_component id="oc-1e6">
         <name>.text:I2CMasterDataGet</name>
         <load_address>0x20007afa</load_address>
         <run_address>0x20007afa</run_address>
         <size>0xe</size>
         <input_file_ref idref="fl-ed"/>
      </object_component>
      <object_component id="oc-18">
         <name>.text:decompress:none</name>
         <load_address>0x20007b08</load_address>
         <run_address>0x20007b08</run_address>
         <size>0xe</size>
         <input_file_ref idref="fl-c6"/>
      </object_component>
      <object_component id="oc-2d">
         <name>.text</name>
         <load_address>0x20007b16</load_address>
         <run_address>0x20007b16</run_address>
         <size>0xe</size>
         <input_file_ref idref="fl-8"/>
      </object_component>
      <object_component id="oc-1e">
         <name>.text:decompress:ZI</name>
         <load_address>0x20007b24</load_address>
         <run_address>0x20007b24</run_address>
         <size>0xc</size>
         <input_file_ref idref="fl-c7"/>
      </object_component>
      <object_component id="oc-318">
         <name>.text</name>
         <load_address>0x20007b30</load_address>
         <run_address>0x20007b30</run_address>
         <size>0x8</size>
         <input_file_ref idref="fl-eb"/>
      </object_component>
      <object_component id="oc-ef">
         <name>.text:UtilsDelay</name>
         <load_address>0x20007b38</load_address>
         <run_address>0x20007b38</run_address>
         <size>0x6</size>
         <input_file_ref idref="fl-f2"/>
      </object_component>
      <object_component id="oc-5f">
         <name>.text</name>
         <load_address>0x20007b3e</load_address>
         <run_address>0x20007b3e</run_address>
         <size>0x4</size>
         <input_file_ref idref="fl-ce"/>
      </object_component>
      <object_component id="oc-325">
         <name>.const:.string:_ctypes_</name>
         <load_address>0x20007b44</load_address>
         <run_address>0x20007b44</run_address>
         <size>0x101</size>
         <input_file_ref idref="fl-da"/>
      </object_component>
      <object_component id="oc-2fa">
         <name>.const:g_ulPinToPadMap</name>
         <load_address>0x20007c48</load_address>
         <run_address>0x20007c48</run_address>
         <size>0x100</size>
         <input_file_ref idref="fl-ef"/>
      </object_component>
      <object_component id="oc-23b">
         <name>.const:g_pulRegs</name>
         <load_address>0x20007d48</load_address>
         <run_address>0x20007d48</run_address>
         <size>0xd4</size>
         <input_file_ref idref="fl-ee"/>
      </object_component>
      <object_component id="oc-25e">
         <name>.const:PRCM_PeriphRegsList</name>
         <load_address>0x20007e1c</load_address>
         <run_address>0x20007e1c</run_address>
         <size>0xa8</size>
         <input_file_ref idref="fl-f0"/>
      </object_component>
      <object_component id="oc-2f2">
         <name>.const:g_pulEnRegs</name>
         <load_address>0x20007ec4</load_address>
         <run_address>0x20007ec4</run_address>
         <size>0x18</size>
         <input_file_ref idref="fl-ee"/>
      </object_component>
      <object_component id="oc-371">
         <name>.cinit..data.load</name>
         <load_address>0x20007ee0</load_address>
         <run_address>0x20007ee0</run_address>
         <size>0x2d</size>
      </object_component>
      <object_component id="oc-36f">
         <name>__TI_handler_table</name>
         <load_address>0x20007f10</load_address>
         <run_address>0x20007f10</run_address>
         <size>0xc</size>
      </object_component>
      <object_component id="oc-372">
         <name>.cinit..bss.load</name>
         <load_address>0x20007f20</load_address>
         <run_address>0x20007f20</run_address>
         <size>0x8</size>
      </object_component>
      <object_component id="oc-370">
         <name>__TI_cinit_table</name>
         <load_address>0x20007f28</load_address>
         <run_address>0x20007f28</run_address>
         <size>0x10</size>
      </object_component>
      <object_component id="oc-197">
         <name>.data:ulReg</name>
         <load_address>0x2001f000</load_address>
         <run_address>0x2001f000</run_address>
         <size>0x14</size>
         <input_file_ref idref="fl-4"/>
      </object_component>
      <object_component id="oc-18e">
         <name>.data</name>
         <load_address>0x2001f014</load_address>
         <run_address>0x2001f014</run_address>
         <size>0x10</size>
         <input_file_ref idref="fl-4"/>
      </object_component>
      <object_component id="oc-b0">
         <name>.data:$O1$$</name>
         <load_address>0x2001f024</load_address>
         <run_address>0x2001f024</run_address>
         <size>0xc</size>
         <input_file_ref idref="fl-c8"/>
      </object_component>
      <object_component id="oc-232">
         <name>.data:$O1$$</name>
         <load_address>0x2001f030</load_address>
         <run_address>0x2001f030</run_address>
         <size>0xc</size>
         <input_file_ref idref="fl-cb"/>
      </object_component>
      <object_component id="oc-77">
         <name>.data</name>
         <load_address>0x2001f048</load_address>
         <run_address>0x2001f048</run_address>
         <size>0x4</size>
         <input_file_ref idref="fl-cf"/>
      </object_component>
      <object_component id="oc-b3">
         <name>.data:$O1$$</name>
         <load_address>0x2001f03c</load_address>
         <run_address>0x2001f03c</run_address>
         <size>0x8</size>
         <input_file_ref idref="fl-d4"/>
      </object_component>
      <object_component id="oc-31e">
         <name>.data</name>
         <load_address>0x2001f044</load_address>
         <run_address>0x2001f044</run_address>
         <size>0x4</size>
         <input_file_ref idref="fl-ea"/>
      </object_component>
      <object_component id="oc-15b">
         <name>.bss</name>
         <uninitialized>true</uninitialized>
         <run_address>0x2001f04c</run_address>
         <size>0x4</size>
         <input_file_ref idref="fl-9"/>
      </object_component>
      <object_component id="oc-191">
         <name>.common:g_ucLED1Pin</name>
         <uninitialized>true</uninitialized>
         <run_address>0x2001f050</run_address>
         <size>0x1</size>
      </object_component>
      <object_component id="oc-194">
         <name>.common:g_ucLED2Pin</name>
         <uninitialized>true</uninitialized>
         <run_address>0x2001f051</run_address>
         <size>0x1</size>
      </object_component>
      <object_component id="oc-195">
         <name>.common:g_ucLED3Pin</name>
         <uninitialized>true</uninitialized>
         <run_address>0x2001f052</run_address>
         <size>0x1</size>
      </object_component>
      <object_component id="oc-196">
         <name>.common:g_ucledPin</name>
         <uninitialized>true</uninitialized>
         <run_address>0x2001f053</run_address>
         <size>0x1</size>
      </object_component>
      <object_component id="oc-2a">
         <name>.sysmem</name>
         <uninitialized>true</uninitialized>
         <run_address>0x20017000</run_address>
         <size>0x8</size>
         <input_file_ref idref="fl-cb"/>
      </object_component>
      <object_component id="oc-374">
         <name>.sysmem</name>
         <uninitialized>true</uninitialized>
         <run_address>0x20017000</run_address>
         <size>0x0</size>
      </object_component>
      <object_component id="oc-29">
         <name>.stack</name>
         <uninitialized>true</uninitialized>
         <run_address>0x2002f000</run_address>
         <size>0x0</size>
         <input_file_ref idref="fl-c4"/>
      </object_component>
      <object_component id="oc-373">
         <name>.stack</name>
         <uninitialized>true</uninitialized>
         <run_address>0x2002f000</run_address>
         <size>0x0</size>
      </object_component>
      <object_component id="oc-301">
         <name>.debug_info</name>
         <load_address>0x0</load_address>
         <run_address>0x0</run_address>
         <size>0x62</size>
         <input_file_ref idref="fl-2"/>
      </object_component>
      <object_component id="oc-c9">
         <name>.debug_info</name>
         <load_address>0x62</load_address>
         <run_address>0x62</run_address>
         <size>0x8b</size>
         <input_file_ref idref="fl-2"/>
      </object_component>
      <object_component id="oc-273">
         <name>.debug_info</name>
         <load_address>0xed</load_address>
         <run_address>0xed</run_address>
         <size>0x18b</size>
         <input_file_ref idref="fl-2"/>
      </object_component>
      <object_component id="oc-228">
         <name>.debug_info</name>
         <load_address>0x278</load_address>
         <run_address>0x278</run_address>
         <size>0x2c</size>
         <input_file_ref idref="fl-2"/>
      </object_component>
      <object_component id="oc-91">
         <name>.debug_info</name>
         <load_address>0x2a4</load_address>
         <run_address>0x2a4</run_address>
         <size>0x2c</size>
         <input_file_ref idref="fl-2"/>
      </object_component>
      <object_component id="oc-19c">
         <name>.debug_info</name>
         <load_address>0x2d0</load_address>
         <run_address>0x2d0</run_address>
         <size>0x1fb</size>
         <input_file_ref idref="fl-3"/>
      </object_component>
      <object_component id="oc-eb">
         <name>.debug_info</name>
         <load_address>0x4cb</load_address>
         <run_address>0x4cb</run_address>
         <size>0x7ea</size>
         <input_file_ref idref="fl-3"/>
      </object_component>
      <object_component id="oc-3c">
         <name>.debug_info</name>
         <load_address>0xcb5</load_address>
         <run_address>0xcb5</run_address>
         <size>0x84</size>
         <input_file_ref idref="fl-3"/>
      </object_component>
      <object_component id="oc-160">
         <name>.debug_info</name>
         <load_address>0xd39</load_address>
         <run_address>0xd39</run_address>
         <size>0x4e</size>
         <input_file_ref idref="fl-3"/>
      </object_component>
      <object_component id="oc-192">
         <name>.debug_info</name>
         <load_address>0xd87</load_address>
         <run_address>0xd87</run_address>
         <size>0x32d</size>
         <input_file_ref idref="fl-4"/>
      </object_component>
      <object_component id="oc-198">
         <name>.debug_info</name>
         <load_address>0x10b4</load_address>
         <run_address>0x10b4</run_address>
         <size>0x120</size>
         <input_file_ref idref="fl-4"/>
      </object_component>
      <object_component id="oc-18f">
         <name>.debug_info</name>
         <load_address>0x11d4</load_address>
         <run_address>0x11d4</run_address>
         <size>0x1a8</size>
         <input_file_ref idref="fl-4"/>
      </object_component>
      <object_component id="oc-e6">
         <name>.debug_info</name>
         <load_address>0x137c</load_address>
         <run_address>0x137c</run_address>
         <size>0x1091</size>
         <input_file_ref idref="fl-4"/>
      </object_component>
      <object_component id="oc-1ff">
         <name>.debug_info</name>
         <load_address>0x240d</load_address>
         <run_address>0x240d</run_address>
         <size>0x41d</size>
         <input_file_ref idref="fl-5"/>
      </object_component>
      <object_component id="oc-fa">
         <name>.debug_info</name>
         <load_address>0x282a</load_address>
         <run_address>0x282a</run_address>
         <size>0xc53</size>
         <input_file_ref idref="fl-5"/>
      </object_component>
      <object_component id="oc-165">
         <name>.debug_info</name>
         <load_address>0x347d</load_address>
         <run_address>0x347d</run_address>
         <size>0x110</size>
         <input_file_ref idref="fl-5"/>
      </object_component>
      <object_component id="oc-103">
         <name>.debug_info</name>
         <load_address>0x358d</load_address>
         <run_address>0x358d</run_address>
         <size>0x2c8</size>
         <input_file_ref idref="fl-6"/>
      </object_component>
      <object_component id="oc-ab">
         <name>.debug_info</name>
         <load_address>0x3855</load_address>
         <run_address>0x3855</run_address>
         <size>0x3a5</size>
         <input_file_ref idref="fl-6"/>
      </object_component>
      <object_component id="oc-f2">
         <name>.debug_info</name>
         <load_address>0x3bfa</load_address>
         <run_address>0x3bfa</run_address>
         <size>0x297</size>
         <input_file_ref idref="fl-7"/>
      </object_component>
      <object_component id="oc-35">
         <name>.debug_info</name>
         <load_address>0x3e91</load_address>
         <run_address>0x3e91</run_address>
         <size>0x148</size>
         <input_file_ref idref="fl-8"/>
      </object_component>
      <object_component id="oc-10">
         <name>.debug_info</name>
         <load_address>0x3fd9</load_address>
         <run_address>0x3fd9</run_address>
         <size>0x133</size>
         <input_file_ref idref="fl-8"/>
      </object_component>
      <object_component id="oc-31">
         <name>.debug_info</name>
         <load_address>0x410c</load_address>
         <run_address>0x410c</run_address>
         <size>0x4f4</size>
         <input_file_ref idref="fl-8"/>
      </object_component>
      <object_component id="oc-15f">
         <name>.debug_info</name>
         <load_address>0x4600</load_address>
         <run_address>0x4600</run_address>
         <size>0x3aa</size>
         <input_file_ref idref="fl-9"/>
      </object_component>
      <object_component id="oc-15c">
         <name>.debug_info</name>
         <load_address>0x49aa</load_address>
         <run_address>0x49aa</run_address>
         <size>0x12a</size>
         <input_file_ref idref="fl-9"/>
      </object_component>
      <object_component id="oc-de">
         <name>.debug_info</name>
         <load_address>0x4ad4</load_address>
         <run_address>0x4ad4</run_address>
         <size>0x9e6</size>
         <input_file_ref idref="fl-9"/>
      </object_component>
      <object_component id="oc-27">
         <name>.debug_info</name>
         <load_address>0x54ba</load_address>
         <run_address>0x54ba</run_address>
         <size>0x160</size>
         <input_file_ref idref="fl-c4"/>
      </object_component>
      <object_component id="oc-87">
         <name>.debug_info</name>
         <load_address>0x561a</load_address>
         <run_address>0x561a</run_address>
         <size>0xf9</size>
         <input_file_ref idref="fl-c5"/>
      </object_component>
      <object_component id="oc-16">
         <name>.debug_info</name>
         <load_address>0x5713</load_address>
         <run_address>0x5713</run_address>
         <size>0x245</size>
         <input_file_ref idref="fl-c5"/>
      </object_component>
      <object_component id="oc-37">
         <name>.debug_info</name>
         <load_address>0x5958</load_address>
         <run_address>0x5958</run_address>
         <size>0x60</size>
         <input_file_ref idref="fl-c5"/>
      </object_component>
      <object_component id="oc-82">
         <name>.debug_info</name>
         <load_address>0x59b8</load_address>
         <run_address>0x59b8</run_address>
         <size>0x46</size>
         <input_file_ref idref="fl-c5"/>
      </object_component>
      <object_component id="oc-4c">
         <name>.debug_info</name>
         <load_address>0x59fe</load_address>
         <run_address>0x59fe</run_address>
         <size>0x140</size>
         <input_file_ref idref="fl-c6"/>
      </object_component>
      <object_component id="oc-1b">
         <name>.debug_info</name>
         <load_address>0x5b3e</load_address>
         <run_address>0x5b3e</run_address>
         <size>0x1df</size>
         <input_file_ref idref="fl-c6"/>
      </object_component>
      <object_component id="oc-47">
         <name>.debug_info</name>
         <load_address>0x5d1d</load_address>
         <run_address>0x5d1d</run_address>
         <size>0x46</size>
         <input_file_ref idref="fl-c6"/>
      </object_component>
      <object_component id="oc-89">
         <name>.debug_info</name>
         <load_address>0x5d63</load_address>
         <run_address>0x5d63</run_address>
         <size>0x2c</size>
         <input_file_ref idref="fl-c6"/>
      </object_component>
      <object_component id="oc-58">
         <name>.debug_info</name>
         <load_address>0x5d8f</load_address>
         <run_address>0x5d8f</run_address>
         <size>0x12f</size>
         <input_file_ref idref="fl-c7"/>
      </object_component>
      <object_component id="oc-20">
         <name>.debug_info</name>
         <load_address>0x5ebe</load_address>
         <run_address>0x5ebe</run_address>
         <size>0x1aa</size>
         <input_file_ref idref="fl-c7"/>
      </object_component>
      <object_component id="oc-53">
         <name>.debug_info</name>
         <load_address>0x6068</load_address>
         <run_address>0x6068</run_address>
         <size>0x46</size>
         <input_file_ref idref="fl-c7"/>
      </object_component>
      <object_component id="oc-b7">
         <name>.debug_info</name>
         <load_address>0x60ae</load_address>
         <run_address>0x60ae</run_address>
         <size>0x234</size>
         <input_file_ref idref="fl-c8"/>
      </object_component>
      <object_component id="oc-b1">
         <name>.debug_info</name>
         <load_address>0x62e2</load_address>
         <run_address>0x62e2</run_address>
         <size>0x185</size>
         <input_file_ref idref="fl-c8"/>
      </object_component>
      <object_component id="oc-73">
         <name>.debug_info</name>
         <load_address>0x6467</load_address>
         <run_address>0x6467</run_address>
         <size>0x214</size>
         <input_file_ref idref="fl-c8"/>
      </object_component>
      <object_component id="oc-43">
         <name>.debug_info</name>
         <load_address>0x667b</load_address>
         <run_address>0x667b</run_address>
         <size>0x111</size>
         <input_file_ref idref="fl-c9"/>
      </object_component>
      <object_component id="oc-231">
         <name>.debug_info</name>
         <load_address>0x678c</load_address>
         <run_address>0x678c</run_address>
         <size>0x12c</size>
         <input_file_ref idref="fl-ca"/>
      </object_component>
      <object_component id="oc-150">
         <name>.debug_info</name>
         <load_address>0x68b8</load_address>
         <run_address>0x68b8</run_address>
         <size>0x1ab</size>
         <input_file_ref idref="fl-ca"/>
      </object_component>
      <object_component id="oc-7d">
         <name>.debug_info</name>
         <load_address>0x6a63</load_address>
         <run_address>0x6a63</run_address>
         <size>0x222</size>
         <input_file_ref idref="fl-cb"/>
      </object_component>
      <object_component id="oc-2b">
         <name>.debug_info</name>
         <load_address>0x6c85</load_address>
         <run_address>0x6c85</run_address>
         <size>0x101</size>
         <input_file_ref idref="fl-cb"/>
      </object_component>
      <object_component id="oc-233">
         <name>.debug_info</name>
         <load_address>0x6d86</load_address>
         <run_address>0x6d86</run_address>
         <size>0x14c</size>
         <input_file_ref idref="fl-cb"/>
      </object_component>
      <object_component id="oc-156">
         <name>.debug_info</name>
         <load_address>0x6ed2</load_address>
         <run_address>0x6ed2</run_address>
         <size>0x885</size>
         <input_file_ref idref="fl-cb"/>
      </object_component>
      <object_component id="oc-bd">
         <name>.debug_info</name>
         <load_address>0x7757</load_address>
         <run_address>0x7757</run_address>
         <size>0x2c</size>
         <input_file_ref idref="fl-cb"/>
      </object_component>
      <object_component id="oc-c2">
         <name>.debug_info</name>
         <load_address>0x7783</load_address>
         <run_address>0x7783</run_address>
         <size>0x62</size>
         <input_file_ref idref="fl-cb"/>
      </object_component>
      <object_component id="oc-50">
         <name>.debug_info</name>
         <load_address>0x77e5</load_address>
         <run_address>0x77e5</run_address>
         <size>0x13f</size>
         <input_file_ref idref="fl-cc"/>
      </object_component>
      <object_component id="oc-5a">
         <name>.debug_info</name>
         <load_address>0x7924</load_address>
         <run_address>0x7924</run_address>
         <size>0x138</size>
         <input_file_ref idref="fl-cd"/>
      </object_component>
      <object_component id="oc-60">
         <name>.debug_info</name>
         <load_address>0x7a5c</load_address>
         <run_address>0x7a5c</run_address>
         <size>0x148</size>
         <input_file_ref idref="fl-ce"/>
      </object_component>
      <object_component id="oc-78">
         <name>.debug_info</name>
         <load_address>0x7ba4</load_address>
         <run_address>0x7ba4</run_address>
         <size>0x109</size>
         <input_file_ref idref="fl-cf"/>
      </object_component>
      <object_component id="oc-22f">
         <name>.debug_info</name>
         <load_address>0x7cad</load_address>
         <run_address>0x7cad</run_address>
         <size>0xea</size>
         <input_file_ref idref="fl-d1"/>
      </object_component>
      <object_component id="oc-14a">
         <name>.debug_info</name>
         <load_address>0x7d97</load_address>
         <run_address>0x7d97</run_address>
         <size>0x22a</size>
         <input_file_ref idref="fl-d1"/>
      </object_component>
      <object_component id="oc-21c">
         <name>.debug_info</name>
         <load_address>0x7fc1</load_address>
         <run_address>0x7fc1</run_address>
         <size>0x1c8</size>
         <input_file_ref idref="fl-d3"/>
      </object_component>
      <object_component id="oc-13b">
         <name>.debug_info</name>
         <load_address>0x8189</load_address>
         <run_address>0x8189</run_address>
         <size>0x35c</size>
         <input_file_ref idref="fl-d3"/>
      </object_component>
      <object_component id="oc-21d">
         <name>.debug_info</name>
         <load_address>0x84e5</load_address>
         <run_address>0x84e5</run_address>
         <size>0x2c</size>
         <input_file_ref idref="fl-d3"/>
      </object_component>
      <object_component id="oc-222">
         <name>.debug_info</name>
         <load_address>0x8511</load_address>
         <run_address>0x8511</run_address>
         <size>0x69</size>
         <input_file_ref idref="fl-d3"/>
      </object_component>
      <object_component id="oc-115">
         <name>.debug_info</name>
         <load_address>0x857a</load_address>
         <run_address>0x857a</run_address>
         <size>0x124</size>
         <input_file_ref idref="fl-d4"/>
      </object_component>
      <object_component id="oc-b4">
         <name>.debug_info</name>
         <load_address>0x869e</load_address>
         <run_address>0x869e</run_address>
         <size>0x113</size>
         <input_file_ref idref="fl-d4"/>
      </object_component>
      <object_component id="oc-10e">
         <name>.debug_info</name>
         <load_address>0x87b1</load_address>
         <run_address>0x87b1</run_address>
         <size>0x21f</size>
         <input_file_ref idref="fl-d4"/>
      </object_component>
      <object_component id="oc-2da">
         <name>.debug_info</name>
         <load_address>0x89d0</load_address>
         <run_address>0x89d0</run_address>
         <size>0x385</size>
         <input_file_ref idref="fl-d5"/>
      </object_component>
      <object_component id="oc-216">
         <name>.debug_info</name>
         <load_address>0x8d55</load_address>
         <run_address>0x8d55</run_address>
         <size>0x1554</size>
         <input_file_ref idref="fl-d5"/>
      </object_component>
      <object_component id="oc-2db">
         <name>.debug_info</name>
         <load_address>0xa2a9</load_address>
         <run_address>0xa2a9</run_address>
         <size>0x86</size>
         <input_file_ref idref="fl-d5"/>
      </object_component>
      <object_component id="oc-32e">
         <name>.debug_info</name>
         <load_address>0xa32f</load_address>
         <run_address>0xa32f</run_address>
         <size>0x46</size>
         <input_file_ref idref="fl-d5"/>
      </object_component>
      <object_component id="oc-2e0">
         <name>.debug_info</name>
         <load_address>0xa375</load_address>
         <run_address>0xa375</run_address>
         <size>0x39</size>
         <input_file_ref idref="fl-d5"/>
      </object_component>
      <object_component id="oc-af">
         <name>.debug_info</name>
         <load_address>0xa3ae</load_address>
         <run_address>0xa3ae</run_address>
         <size>0x166</size>
         <input_file_ref idref="fl-d6"/>
      </object_component>
      <object_component id="oc-6d">
         <name>.debug_info</name>
         <load_address>0xa514</load_address>
         <run_address>0xa514</run_address>
         <size>0x167</size>
         <input_file_ref idref="fl-d6"/>
      </object_component>
      <object_component id="oc-106">
         <name>.debug_info</name>
         <load_address>0xa67b</load_address>
         <run_address>0xa67b</run_address>
         <size>0x5e</size>
         <input_file_ref idref="fl-d6"/>
      </object_component>
      <object_component id="oc-329">
         <name>.debug_info</name>
         <load_address>0xa6d9</load_address>
         <run_address>0xa6d9</run_address>
         <size>0x114</size>
         <input_file_ref idref="fl-d7"/>
      </object_component>
      <object_component id="oc-2cf">
         <name>.debug_info</name>
         <load_address>0xa7ed</load_address>
         <run_address>0xa7ed</run_address>
         <size>0x171</size>
         <input_file_ref idref="fl-d7"/>
      </object_component>
      <object_component id="oc-a7">
         <name>.debug_info</name>
         <load_address>0xa95e</load_address>
         <run_address>0xa95e</run_address>
         <size>0x2e9</size>
         <input_file_ref idref="fl-d8"/>
      </object_component>
      <object_component id="oc-69">
         <name>.debug_info</name>
         <load_address>0xac47</load_address>
         <run_address>0xac47</run_address>
         <size>0x190</size>
         <input_file_ref idref="fl-d8"/>
      </object_component>
      <object_component id="oc-d3">
         <name>.debug_info</name>
         <load_address>0xadd7</load_address>
         <run_address>0xadd7</run_address>
         <size>0x39</size>
         <input_file_ref idref="fl-d8"/>
      </object_component>
      <object_component id="oc-120">
         <name>.debug_info</name>
         <load_address>0xae10</load_address>
         <run_address>0xae10</run_address>
         <size>0x39</size>
         <input_file_ref idref="fl-d8"/>
      </object_component>
      <object_component id="oc-d8">
         <name>.debug_info</name>
         <load_address>0xae49</load_address>
         <run_address>0xae49</run_address>
         <size>0xcd</size>
         <input_file_ref idref="fl-d8"/>
      </object_component>
      <object_component id="oc-cf">
         <name>.debug_info</name>
         <load_address>0xaf16</load_address>
         <run_address>0xaf16</run_address>
         <size>0x1e0</size>
         <input_file_ref idref="fl-d9"/>
      </object_component>
      <object_component id="oc-9b">
         <name>.debug_info</name>
         <load_address>0xb0f6</load_address>
         <run_address>0xb0f6</run_address>
         <size>0x183</size>
         <input_file_ref idref="fl-d9"/>
      </object_component>
      <object_component id="oc-11b">
         <name>.debug_info</name>
         <load_address>0xb279</load_address>
         <run_address>0xb279</run_address>
         <size>0x2c</size>
         <input_file_ref idref="fl-d9"/>
      </object_component>
      <object_component id="oc-347">
         <name>.debug_info</name>
         <load_address>0xb2a5</load_address>
         <run_address>0xb2a5</run_address>
         <size>0xee</size>
         <input_file_ref idref="fl-da"/>
      </object_component>
      <object_component id="oc-326">
         <name>.debug_info</name>
         <load_address>0xb393</load_address>
         <run_address>0xb393</run_address>
         <size>0xfa</size>
         <input_file_ref idref="fl-da"/>
      </object_component>
      <object_component id="oc-2b7">
         <name>.debug_info</name>
         <load_address>0xb48d</load_address>
         <run_address>0xb48d</run_address>
         <size>0x144</size>
         <input_file_ref idref="fl-db"/>
      </object_component>
      <object_component id="oc-294">
         <name>.debug_info</name>
         <load_address>0xb5d1</load_address>
         <run_address>0xb5d1</run_address>
         <size>0x120</size>
         <input_file_ref idref="fl-dc"/>
      </object_component>
      <object_component id="oc-2a3">
         <name>.debug_info</name>
         <load_address>0xb6f1</load_address>
         <run_address>0xb6f1</run_address>
         <size>0x122</size>
         <input_file_ref idref="fl-dc"/>
      </object_component>
      <object_component id="oc-29d">
         <name>.debug_info</name>
         <load_address>0xb813</load_address>
         <run_address>0xb813</run_address>
         <size>0x132</size>
         <input_file_ref idref="fl-dd"/>
      </object_component>
      <object_component id="oc-299">
         <name>.debug_info</name>
         <load_address>0xb945</load_address>
         <run_address>0xb945</run_address>
         <size>0x132</size>
         <input_file_ref idref="fl-de"/>
      </object_component>
      <object_component id="oc-2a7">
         <name>.debug_info</name>
         <load_address>0xba77</load_address>
         <run_address>0xba77</run_address>
         <size>0x126</size>
         <input_file_ref idref="fl-df"/>
      </object_component>
      <object_component id="oc-2b4">
         <name>.debug_info</name>
         <load_address>0xbb9d</load_address>
         <run_address>0xbb9d</run_address>
         <size>0x124</size>
         <input_file_ref idref="fl-e0"/>
      </object_component>
      <object_component id="oc-30e">
         <name>.debug_info</name>
         <load_address>0xbcc1</load_address>
         <run_address>0xbcc1</run_address>
         <size>0x14c</size>
         <input_file_ref idref="fl-e1"/>
      </object_component>
      <object_component id="oc-2ad">
         <name>.debug_info</name>
         <load_address>0xbe0d</load_address>
         <run_address>0xbe0d</run_address>
         <size>0x1c2</size>
         <input_file_ref idref="fl-e1"/>
      </object_component>
      <object_component id="oc-32b">
         <name>.debug_info</name>
         <load_address>0xbfcf</load_address>
         <run_address>0xbfcf</run_address>
         <size>0xf1</size>
         <input_file_ref idref="fl-e2"/>
      </object_component>
      <object_component id="oc-2d5">
         <name>.debug_info</name>
         <load_address>0xc0c0</load_address>
         <run_address>0xc0c0</run_address>
         <size>0x1ab</size>
         <input_file_ref idref="fl-e2"/>
      </object_component>
      <object_component id="oc-312">
         <name>.debug_info</name>
         <load_address>0xc26b</load_address>
         <run_address>0xc26b</run_address>
         <size>0x13f</size>
         <input_file_ref idref="fl-e3"/>
      </object_component>
      <object_component id="oc-2be">
         <name>.debug_info</name>
         <load_address>0xc3aa</load_address>
         <run_address>0xc3aa</run_address>
         <size>0x189</size>
         <input_file_ref idref="fl-e3"/>
      </object_component>
      <object_component id="oc-313">
         <name>.debug_info</name>
         <load_address>0xc533</load_address>
         <run_address>0xc533</run_address>
         <size>0x2c</size>
         <input_file_ref idref="fl-e3"/>
      </object_component>
      <object_component id="oc-322">
         <name>.debug_info</name>
         <load_address>0xc55f</load_address>
         <run_address>0xc55f</run_address>
         <size>0x17c</size>
         <input_file_ref idref="fl-e4"/>
      </object_component>
      <object_component id="oc-2c5">
         <name>.debug_info</name>
         <load_address>0xc6db</load_address>
         <run_address>0xc6db</run_address>
         <size>0x1e6</size>
         <input_file_ref idref="fl-e4"/>
      </object_component>
      <object_component id="oc-a2">
         <name>.debug_info</name>
         <load_address>0xc8c1</load_address>
         <run_address>0xc8c1</run_address>
         <size>0x145</size>
         <input_file_ref idref="fl-e5"/>
      </object_component>
      <object_component id="oc-324">
         <name>.debug_info</name>
         <load_address>0xca06</load_address>
         <run_address>0xca06</run_address>
         <size>0xf5</size>
         <input_file_ref idref="fl-e6"/>
      </object_component>
      <object_component id="oc-2c8">
         <name>.debug_info</name>
         <load_address>0xcafb</load_address>
         <run_address>0xcafb</run_address>
         <size>0x244</size>
         <input_file_ref idref="fl-e6"/>
      </object_component>
      <object_component id="oc-28e">
         <name>.debug_info</name>
         <load_address>0xcd3f</load_address>
         <run_address>0xcd3f</run_address>
         <size>0x17d</size>
         <input_file_ref idref="fl-e9"/>
      </object_component>
      <object_component id="oc-31f">
         <name>.debug_info</name>
         <load_address>0xcebc</load_address>
         <run_address>0xcebc</run_address>
         <size>0xf3</size>
         <input_file_ref idref="fl-ea"/>
      </object_component>
      <object_component id="oc-31a">
         <name>.debug_info</name>
         <load_address>0xcfaf</load_address>
         <run_address>0xcfaf</run_address>
         <size>0x154</size>
         <input_file_ref idref="fl-eb"/>
      </object_component>
      <object_component id="oc-252">
         <name>.debug_info</name>
         <load_address>0xd103</load_address>
         <run_address>0xd103</run_address>
         <size>0x1a6</size>
         <input_file_ref idref="fl-ec"/>
      </object_component>
      <object_component id="oc-240">
         <name>.debug_info</name>
         <load_address>0xd2a9</load_address>
         <run_address>0xd2a9</run_address>
         <size>0x208</size>
         <input_file_ref idref="fl-ec"/>
      </object_component>
      <object_component id="oc-1b1">
         <name>.debug_info</name>
         <load_address>0xd4b1</load_address>
         <run_address>0xd4b1</run_address>
         <size>0x247</size>
         <input_file_ref idref="fl-ec"/>
      </object_component>
      <object_component id="oc-16c">
         <name>.debug_info</name>
         <load_address>0xd6f8</load_address>
         <run_address>0xd6f8</run_address>
         <size>0x252</size>
         <input_file_ref idref="fl-ec"/>
      </object_component>
      <object_component id="oc-184">
         <name>.debug_info</name>
         <load_address>0xd94a</load_address>
         <run_address>0xd94a</run_address>
         <size>0x229</size>
         <input_file_ref idref="fl-ec"/>
      </object_component>
      <object_component id="oc-17e">
         <name>.debug_info</name>
         <load_address>0xdb73</load_address>
         <run_address>0xdb73</run_address>
         <size>0x227</size>
         <input_file_ref idref="fl-ec"/>
      </object_component>
      <object_component id="oc-177">
         <name>.debug_info</name>
         <load_address>0xdd9a</load_address>
         <run_address>0xdd9a</run_address>
         <size>0x272</size>
         <input_file_ref idref="fl-ec"/>
      </object_component>
      <object_component id="oc-fd">
         <name>.debug_info</name>
         <load_address>0xe00c</load_address>
         <run_address>0xe00c</run_address>
         <size>0x219</size>
         <input_file_ref idref="fl-ec"/>
      </object_component>
      <object_component id="oc-189">
         <name>.debug_info</name>
         <load_address>0xe225</load_address>
         <run_address>0xe225</run_address>
         <size>0x23e</size>
         <input_file_ref idref="fl-ec"/>
      </object_component>
      <object_component id="oc-1f3">
         <name>.debug_info</name>
         <load_address>0xe463</load_address>
         <run_address>0xe463</run_address>
         <size>0x2ac</size>
         <input_file_ref idref="fl-ed"/>
      </object_component>
      <object_component id="oc-282">
         <name>.debug_info</name>
         <load_address>0xe70f</load_address>
         <run_address>0xe70f</run_address>
         <size>0x1f7</size>
         <input_file_ref idref="fl-ed"/>
      </object_component>
      <object_component id="oc-1be">
         <name>.debug_info</name>
         <load_address>0xe906</load_address>
         <run_address>0xe906</run_address>
         <size>0x234</size>
         <input_file_ref idref="fl-ed"/>
      </object_component>
      <object_component id="oc-1c4">
         <name>.debug_info</name>
         <load_address>0xeb3a</load_address>
         <run_address>0xeb3a</run_address>
         <size>0x242</size>
         <input_file_ref idref="fl-ed"/>
      </object_component>
      <object_component id="oc-1dc">
         <name>.debug_info</name>
         <load_address>0xed7c</load_address>
         <run_address>0xed7c</run_address>
         <size>0x279</size>
         <input_file_ref idref="fl-ed"/>
      </object_component>
      <object_component id="oc-1d0">
         <name>.debug_info</name>
         <load_address>0xeff5</load_address>
         <run_address>0xeff5</run_address>
         <size>0x228</size>
         <input_file_ref idref="fl-ed"/>
      </object_component>
      <object_component id="oc-1d6">
         <name>.debug_info</name>
         <load_address>0xf21d</load_address>
         <run_address>0xf21d</run_address>
         <size>0x20d</size>
         <input_file_ref idref="fl-ed"/>
      </object_component>
      <object_component id="oc-1e2">
         <name>.debug_info</name>
         <load_address>0xf42a</load_address>
         <run_address>0xf42a</run_address>
         <size>0x228</size>
         <input_file_ref idref="fl-ed"/>
      </object_component>
      <object_component id="oc-1e8">
         <name>.debug_info</name>
         <load_address>0xf652</load_address>
         <run_address>0xf652</run_address>
         <size>0x1fd</size>
         <input_file_ref idref="fl-ed"/>
      </object_component>
      <object_component id="oc-1ca">
         <name>.debug_info</name>
         <load_address>0xf84f</load_address>
         <run_address>0xf84f</run_address>
         <size>0x236</size>
         <input_file_ref idref="fl-ed"/>
      </object_component>
      <object_component id="oc-2ef">
         <name>.debug_info</name>
         <load_address>0xfa85</load_address>
         <run_address>0xfa85</run_address>
         <size>0x1c7</size>
         <input_file_ref idref="fl-ee"/>
      </object_component>
      <object_component id="oc-23c">
         <name>.debug_info</name>
         <load_address>0xfc4c</load_address>
         <run_address>0xfc4c</run_address>
         <size>0x122</size>
         <input_file_ref idref="fl-ee"/>
      </object_component>
      <object_component id="oc-2f3">
         <name>.debug_info</name>
         <load_address>0xfd6e</load_address>
         <run_address>0xfd6e</run_address>
         <size>0x126</size>
         <input_file_ref idref="fl-ee"/>
      </object_component>
      <object_component id="oc-246">
         <name>.debug_info</name>
         <load_address>0xfe94</load_address>
         <run_address>0xfe94</run_address>
         <size>0x262</size>
         <input_file_ref idref="fl-ee"/>
      </object_component>
      <object_component id="oc-171">
         <name>.debug_info</name>
         <load_address>0x100f6</load_address>
         <run_address>0x100f6</run_address>
         <size>0x264</size>
         <input_file_ref idref="fl-ee"/>
      </object_component>
      <object_component id="oc-24c">
         <name>.debug_info</name>
         <load_address>0x1035a</load_address>
         <run_address>0x1035a</run_address>
         <size>0x209</size>
         <input_file_ref idref="fl-ee"/>
      </object_component>
      <object_component id="oc-339">
         <name>.debug_info</name>
         <load_address>0x10563</load_address>
         <run_address>0x10563</run_address>
         <size>0x114</size>
         <input_file_ref idref="fl-ef"/>
      </object_component>
      <object_component id="oc-2fb">
         <name>.debug_info</name>
         <load_address>0x10677</load_address>
         <run_address>0x10677</run_address>
         <size>0x128</size>
         <input_file_ref idref="fl-ef"/>
      </object_component>
      <object_component id="oc-263">
         <name>.debug_info</name>
         <load_address>0x1079f</load_address>
         <run_address>0x1079f</run_address>
         <size>0x229</size>
         <input_file_ref idref="fl-ef"/>
      </object_component>
      <object_component id="oc-269">
         <name>.debug_info</name>
         <load_address>0x109c8</load_address>
         <run_address>0x109c8</run_address>
         <size>0x277</size>
         <input_file_ref idref="fl-ef"/>
      </object_component>
      <object_component id="oc-1a4">
         <name>.debug_info</name>
         <load_address>0x10c3f</load_address>
         <run_address>0x10c3f</run_address>
         <size>0x23e</size>
         <input_file_ref idref="fl-ef"/>
      </object_component>
      <object_component id="oc-1b6">
         <name>.debug_info</name>
         <load_address>0x10e7d</load_address>
         <run_address>0x10e7d</run_address>
         <size>0x23c</size>
         <input_file_ref idref="fl-ef"/>
      </object_component>
      <object_component id="oc-1aa">
         <name>.debug_info</name>
         <load_address>0x110b9</load_address>
         <run_address>0x110b9</run_address>
         <size>0x28c</size>
         <input_file_ref idref="fl-ef"/>
      </object_component>
      <object_component id="oc-280">
         <name>.debug_info</name>
         <load_address>0x11345</load_address>
         <run_address>0x11345</run_address>
         <size>0x224</size>
         <input_file_ref idref="fl-f0"/>
      </object_component>
      <object_component id="oc-25f">
         <name>.debug_info</name>
         <load_address>0x11569</load_address>
         <run_address>0x11569</run_address>
         <size>0x131</size>
         <input_file_ref idref="fl-f0"/>
      </object_component>
      <object_component id="oc-19f">
         <name>.debug_info</name>
         <load_address>0x1169a</load_address>
         <run_address>0x1169a</run_address>
         <size>0x255</size>
         <input_file_ref idref="fl-f0"/>
      </object_component>
      <object_component id="oc-1fa">
         <name>.debug_info</name>
         <load_address>0x118ef</load_address>
         <run_address>0x118ef</run_address>
         <size>0x257</size>
         <input_file_ref idref="fl-f0"/>
      </object_component>
      <object_component id="oc-127">
         <name>.debug_info</name>
         <load_address>0x11b46</load_address>
         <run_address>0x11b46</run_address>
         <size>0x280</size>
         <input_file_ref idref="fl-f0"/>
      </object_component>
      <object_component id="oc-1ee">
         <name>.debug_info</name>
         <load_address>0x11dc6</load_address>
         <run_address>0x11dc6</run_address>
         <size>0x22a</size>
         <input_file_ref idref="fl-f0"/>
      </object_component>
      <object_component id="oc-12c">
         <name>.debug_info</name>
         <load_address>0x11ff0</load_address>
         <run_address>0x11ff0</run_address>
         <size>0x2c6</size>
         <input_file_ref idref="fl-f1"/>
      </object_component>
      <object_component id="oc-20e">
         <name>.debug_info</name>
         <load_address>0x122b6</load_address>
         <run_address>0x122b6</run_address>
         <size>0x1e8</size>
         <input_file_ref idref="fl-f1"/>
      </object_component>
      <object_component id="oc-208">
         <name>.debug_info</name>
         <load_address>0x1249e</load_address>
         <run_address>0x1249e</run_address>
         <size>0x1ea</size>
         <input_file_ref idref="fl-f1"/>
      </object_component>
      <object_component id="oc-13e">
         <name>.debug_info</name>
         <load_address>0x12688</load_address>
         <run_address>0x12688</run_address>
         <size>0x1f4</size>
         <input_file_ref idref="fl-f1"/>
      </object_component>
      <object_component id="oc-144">
         <name>.debug_info</name>
         <load_address>0x1287c</load_address>
         <run_address>0x1287c</run_address>
         <size>0x204</size>
         <input_file_ref idref="fl-f1"/>
      </object_component>
      <object_component id="oc-132">
         <name>.debug_info</name>
         <load_address>0x12a80</load_address>
         <run_address>0x12a80</run_address>
         <size>0x215</size>
         <input_file_ref idref="fl-f1"/>
      </object_component>
      <object_component id="oc-375">
         <name>.debug_info</name>
[...]
         <object_component_ref idref="oc-f6"/>
      </symbol>
      <symbol id="sm-11d">
         <name>I2C_IF_Write</name>
         <value>0x20005d2d</value>
         <object_component_ref idref="oc-f6"/>
      </symbol>
      <symbol id="sm-13f">
         <name>main</name>
         <value>0x2000622b</value>
         <object_component_ref idref="oc-a8"/>
      </symbol>
      <symbol id="sm-140">
         <name>SW2Routine</name>
         <value>0x200061e3</value>
         <object_component_ref idref="oc-a8"/>
      </symbol>
      <symbol id="sm-14d">
         <name>PinMuxConfig</name>
         <value>0x20006cf9</value>
         <object_component_ref idref="oc-f0"/>
      </symbol>
      <symbol id="sm-16c">
         <name>ResetISR</name>
         <value>0x20007b17</value>
         <object_component_ref idref="oc-2d"/>
      </symbol>
      <symbol id="sm-16d">
         <name>g_pfnVectors</name>
         <value>0x20004000</value>
         <object_component_ref idref="oc-f"/>
      </symbol>
      <symbol id="sm-1aa">
         <name>GetCmd</name>
         <value>0x20005fbf</value>
         <object_component_ref idref="oc-dd"/>
      </symbol>
      <symbol id="sm-1ab">
         <name>Message</name>
         <value>0x20005f5b</value>
         <object_component_ref idref="oc-dd"/>
      </symbol>
      <symbol id="sm-1ac">
         <name>Report</name>
         <value>0x200060fd</value>
         <object_component_ref idref="oc-dd"/>
      </symbol>
      <symbol id="sm-1ad">
         <name>Error</name>
         <value>0x20005f87</value>
         <object_component_ref idref="oc-dd"/>
      </symbol>
      <symbol id="sm-1ae">
         <name>InitTerm</name>
         <value>0x20005f3d</value>
         <object_component_ref idref="oc-dd"/>
      </symbol>
      <symbol id="sm-1af">
         <name>ClearTerm</name>
         <value>0x20005f7d</value>
         <object_component_ref idref="oc-dd"/>
      </symbol>
      <symbol id="sm-1b0">
         <name>TrimSpace</name>
         <value>0x20006065</value>
         <object_component_ref idref="oc-dd"/>
      </symbol>
      <symbol id="sm-1c0">
         <name>_c_int00</name>
         <value>0x200076d5</value>
         <object_component_ref idref="oc-24"/>
      </symbol>
      <symbol id="sm-1c1">
         <name>__stack</name>
         <value>0x2002f000</value>
         <object_component_ref idref="oc-29"/>
      </symbol>
      <symbol id="sm-1df">
         <name>__TI_decompress_lzss</name>
         <value>0x20007355</value>
         <object_component_ref idref="oc-12"/>
      </symbol>
      <symbol id="sm-1f6">
         <name>__TI_decompress_none</name>
         <value>0x20007b09</value>
         <object_component_ref idref="oc-18"/>
      </symbol>
      <symbol id="sm-208">
         <name>__TI_zero_init</name>
         <value>0x20007b25</value>
         <object_component_ref idref="oc-1e"/>
      </symbol>
      <symbol id="sm-229">
         <name>C$$EXIT</name>
         <value>0x200074c5</value>
         <object_component_ref idref="oc-71"/>
      </symbol>
      <symbol id="sm-22a">
         <name>abort</name>
         <value>0x200074c9</value>
         <object_component_ref idref="oc-71"/>
      </symbol>
      <symbol id="sm-22b">
         <name>exit</name>
         <value>0x200074d1</value>
         <object_component_ref idref="oc-71"/>
      </symbol>
      <symbol id="sm-22c">
         <name>__TI_dtors_ptr</name>
         <value>0x2001f028</value>
         <object_component_ref idref="oc-b0"/>
      </symbol>
      <symbol id="sm-22d">
         <name>__TI_cleanup_ptr</name>
         <value>0x2001f024</value>
         <object_component_ref idref="oc-b0"/>
      </symbol>
      <symbol id="sm-22e">
         <name>__TI_enable_exit_profile_output</name>
         <value>0x2001f02c</value>
         <object_component_ref idref="oc-b0"/>
      </symbol>
      <symbol id="sm-249">
         <name>memcpy</name>
         <value>0x20006da1</value>
         <object_component_ref idref="oc-41"/>
      </symbol>
      <symbol id="sm-24a">
         <name>__aeabi_memcpy</name>
         <value>0x20006da1</value>
         <object_component_ref idref="oc-41"/>
      </symbol>
      <symbol id="sm-24b">
         <name>__aeabi_memcpy8</name>
         <value>0x20006da1</value>
         <object_component_ref idref="oc-41"/>
      </symbol>
      <symbol id="sm-24c">
         <name>__aeabi_memcpy4</name>
         <value>0x20006da1</value>
         <object_component_ref idref="oc-41"/>
      </symbol>
      <symbol id="sm-25c">
         <name>memmove</name>
         <value>0x20007891</value>
         <object_component_ref idref="oc-14f"/>
      </symbol>
      <symbol id="sm-2d0">
         <name>_sys_memory</name>
         <value>0x20017000</value>
         <object_component_ref idref="oc-2a"/>
      </symbol>
      <symbol id="sm-2d1">
         <name>free</name>
         <value>0x2000560f</value>
         <object_component_ref idref="oc-155"/>
      </symbol>
      <symbol id="sm-2d2">
         <name>realloc</name>
         <value>0x200056d1</value>
         <object_component_ref idref="oc-155"/>
      </symbol>
      <symbol id="sm-2d3">
         <name>memalign</name>
         <value>0x200057d9</value>
         <object_component_ref idref="oc-155"/>
      </symbol>
      <symbol id="sm-2d4">
         <name>calloc</name>
         <value>0x200058c5</value>
         <object_component_ref idref="oc-155"/>
      </symbol>
      <symbol id="sm-2d5">
         <name>malloc</name>
         <value>0x200055a5</value>
         <object_component_ref idref="oc-155"/>
      </symbol>
      <symbol id="sm-2d6">
         <name>minit</name>
         <value>0x20005525</value>
         <object_component_ref idref="oc-155"/>
      </symbol>
      <symbol id="sm-2e5">
         <name>__aeabi_memset</name>
         <value>0x200071f5</value>
         <object_component_ref idref="oc-4d"/>
      </symbol>
      <symbol id="sm-2e6">
         <name>memset</name>
         <value>0x200071fb</value>
         <object_component_ref idref="oc-4d"/>
      </symbol>
      <symbol id="sm-2e7">
         <name>__aeabi_memset8</name>
         <value>0x200071f5</value>
         <object_component_ref idref="oc-4d"/>
      </symbol>
      <symbol id="sm-2e8">
         <name>__aeabi_memset4</name>
         <value>0x200071f5</value>
         <object_component_ref idref="oc-4d"/>
      </symbol>
      <symbol id="sm-2e9">
         <name>__aeabi_memclr8</name>
         <value>0x200071f3</value>
         <object_component_ref idref="oc-4d"/>
      </symbol>
      <symbol id="sm-2ea">
         <name>__aeabi_memclr4</name>
         <value>0x200071f3</value>
         <object_component_ref idref="oc-4d"/>
      </symbol>
      <symbol id="sm-2eb">
         <name>__aeabi_memclr</name>
         <value>0x200071f3</value>
         <object_component_ref idref="oc-4d"/>
      </symbol>
      <symbol id="sm-2f5">
         <name>__mpu_init</name>
         <value>0x20005523</value>
         <object_component_ref idref="oc-59"/>
      </symbol>
      <symbol id="sm-2ff">
         <name>_system_pre_init</name>
         <value>0x20007b3f</value>
         <object_component_ref idref="oc-5f"/>
      </symbol>
      <symbol id="sm-307">
         <name>main_func_sp</name>
         <value>0x2001f048</value>
         <object_component_ref idref="oc-77"/>
      </symbol>
      <symbol id="sm-316">
         <name>strlen</name>
         <value>0x20007ab1</value>
         <object_component_ref idref="oc-149"/>
      </symbol>
      <symbol id="sm-338">
         <name>vsnprintf</name>
         <value>0x20006f59</value>
         <object_component_ref idref="oc-137"/>
      </symbol>
      <symbol id="sm-351">
         <name>_nop</name>
         <value>0x20007aab</value>
         <object_component_ref idref="oc-10d"/>
      </symbol>
      <symbol id="sm-352">
         <name>_lock</name>
         <value>0x2001f03c</value>
         <object_component_ref idref="oc-b3"/>
      </symbol>
      <symbol id="sm-353">
         <name>_unlock</name>
         <value>0x2001f040</value>
         <object_component_ref idref="oc-b3"/>
      </symbol>
      <symbol id="sm-354">
         <name>_register_lock</name>
         <value>0x20007aa3</value>
         <object_component_ref idref="oc-10d"/>
      </symbol>
      <symbol id="sm-355">
         <name>_register_unlock</name>
         <value>0x20007a9d</value>
         <object_component_ref idref="oc-10d"/>
      </symbol>
      <symbol id="sm-456">
         <name>__TI_printfi</name>
         <value>0x20004c39</value>
         <object_component_ref idref="oc-215"/>
      </symbol>
      <symbol id="sm-46a">
         <name>_args_main</name>
         <value>0x20007a2d</value>
         <object_component_ref idref="oc-6b"/>
      </symbol>
      <symbol id="sm-480">
         <name>atoi</name>
         <value>0x2000756d</value>
         <object_component_ref idref="oc-2cd"/>
      </symbol>
      <symbol id="sm-4aa">
         <name>__TI_auto_init</name>
         <value>0x200072e5</value>
         <object_component_ref idref="oc-65"/>
      </symbol>
      <symbol id="sm-4c4">
         <name>copy_in</name>
         <value>0x200075b9</value>
         <object_component_ref idref="oc-9a"/>
      </symbol>
      <symbol id="sm-4cf">
         <name>_ctypes_</name>
         <value>0x20007b44</value>
         <object_component_ref idref="oc-325"/>
      </symbol>
      <symbol id="sm-4e6">
         <name>__aeabi_dsub</name>
         <value>0x20006799</value>
         <object_component_ref idref="oc-2b6"/>
      </symbol>
      <symbol id="sm-4e7">
         <name>__aeabi_dadd</name>
         <value>0x200067a3</value>
         <object_component_ref idref="oc-2b6"/>
      </symbol>
      <symbol id="sm-509">
         <name>__aeabi_cdcmpeq</name>
         <value>0x20006fe1</value>
         <object_component_ref idref="oc-292"/>
      </symbol>
      <symbol id="sm-50a">
         <name>__aeabi_cdcmple</name>
         <value>0x20006fe1</value>
         <object_component_ref idref="oc-292"/>
      </symbol>
      <symbol id="sm-50b">
         <name>__aeabi_cdrcmple</name>
         <value>0x20007067</value>
         <object_component_ref idref="oc-2a1"/>
      </symbol>
      <symbol id="sm-51f">
         <name>__aeabi_ddiv</name>
         <value>0x2000694f</value>
         <object_component_ref idref="oc-29c"/>
      </symbol>
      <symbol id="sm-52a">
         <name>__aeabi_dmul</name>
         <value>0x20006a85</value>
         <object_component_ref idref="oc-297"/>
      </symbol>
      <symbol id="sm-534">
         <name>__aeabi_d2iz</name>
         <value>0x2000764d</value>
         <object_component_ref idref="oc-2a6"/>
      </symbol>
      <symbol id="sm-53e">
         <name>__aeabi_i2d</name>
         <value>0x200077e9</value>
         <object_component_ref idref="oc-2b1"/>
      </symbol>
      <symbol id="sm-54d">
         <name>ltoa</name>
         <value>0x20007519</value>
         <object_component_ref idref="oc-2ab"/>
      </symbol>
      <symbol id="sm-55d">
         <name>memccpy</name>
         <value>0x200079ab</value>
         <object_component_ref idref="oc-2d3"/>
      </symbol>
      <symbol id="sm-578">
         <name>frexpl</name>
         <value>0x200073bd</value>
         <object_component_ref idref="oc-2bb"/>
      </symbol>
      <symbol id="sm-579">
         <name>frexp</name>
         <value>0x200073bd</value>
         <object_component_ref idref="oc-2bb"/>
      </symbol>
      <symbol id="sm-597">
         <name>scalbn</name>
         <value>0x20006b81</value>
         <object_component_ref idref="oc-2c1"/>
      </symbol>
      <symbol id="sm-598">
         <name>scalbnl</name>
         <value>0x20006b81</value>
         <object_component_ref idref="oc-2c1"/>
      </symbol>
      <symbol id="sm-599">
         <name>ldexpl</name>
         <value>0x20006b81</value>
         <object_component_ref idref="oc-2c1"/>
      </symbol>
      <symbol id="sm-59a">
         <name>ldexp</name>
         <value>0x20006b81</value>
         <object_component_ref idref="oc-2c1"/>
      </symbol>
      <symbol id="sm-5a4">
         <name>_system_post_cinit</name>
         <value>0x200072e3</value>
         <object_component_ref idref="oc-a0"/>
      </symbol>
      <symbol id="sm-5b4">
         <name>strchr</name>
         <value>0x20007a71</value>
         <object_component_ref idref="oc-2c7"/>
      </symbol>
      <symbol id="sm-5d2">
         <name>__aeabi_uldivmod</name>
         <value>0x200063c1</value>
         <object_component_ref idref="oc-28d"/>
      </symbol>
      <symbol id="sm-5da">
         <name>errno</name>
         <value>0x2001f044</value>
         <object_component_ref idref="oc-31e"/>
      </symbol>
      <symbol id="sm-5e4">
         <name>copysign</name>
         <value>0x20007b31</value>
         <object_component_ref idref="oc-318"/>
      </symbol>
      <symbol id="sm-5e5">
         <name>copysignl</name>
         <value>0x20007b31</value>
         <object_component_ref idref="oc-318"/>
      </symbol>
      <symbol id="sm-63b">
         <name>GPIOIntRegister</name>
         <value>0x20007919</value>
         <object_component_ref idref="oc-176"/>
      </symbol>
      <symbol id="sm-63c">
         <name>GPIOIntEnable</name>
         <value>0x200079c7</value>
         <object_component_ref idref="oc-182"/>
      </symbol>
      <symbol id="sm-63d">
         <name>GPIOIntTypeSet</name>
         <value>0x20007171</value>
         <object_component_ref idref="oc-16a"/>
      </symbol>
      <symbol id="sm-63e">
         <name>GPIOIntClear</name>
         <value>0x20007a87</value>
         <object_component_ref idref="oc-17c"/>
      </symbol>
      <symbol id="sm-63f">
         <name>GPIOPinRead</name>
         <value>0x200079fb</value>
         <object_component_ref idref="oc-fc"/>
      </symbol>
      <symbol id="sm-640">
         <name>GPIODirModeSet</name>
         <value>0x20007751</value>
         <object_component_ref idref="oc-1af"/>
      </symbol>
      <symbol id="sm-641">
         <name>GPIOPinWrite</name>
         <value>0x200078d7</value>
         <object_component_ref idref="oc-188"/>
      </symbol>
      <symbol id="sm-6a0">
         <name>I2CMasterDataPut</name>
         <value>0x20007a45</value>
         <object_component_ref idref="oc-1e0"/>
      </symbol>
      <symbol id="sm-6a1">
         <name>I2CMasterInitExpClk</name>
         <value>0x200070ed</value>
         <object_component_ref idref="oc-1f2"/>
      </symbol>
      <symbol id="sm-6a2">
         <name>I2CMasterIntClearEx</name>
         <value>0x20007ad7</value>
         <object_component_ref idref="oc-1c2"/>
      </symbol>
      <symbol id="sm-6a3">
         <name>I2CMasterSlaveAddrSet</name>
         <value>0x200078b5</value>
         <object_component_ref idref="oc-1da"/>
      </symbol>
      <symbol id="sm-6a4">
         <name>I2CMasterDataGet</name>
         <value>0x20007afb</value>
         <object_component_ref idref="oc-1e6"/>
      </symbol>
      <symbol id="sm-6a5">
         <name>I2CMasterErr</name>
         <value>0x20007817</value>
         <object_component_ref idref="oc-1d4"/>
      </symbol>
      <symbol id="sm-6a6">
         <name>I2CMasterTimeoutSet</name>
         <value>0x20007ae9</value>
         <object_component_ref idref="oc-1c8"/>
      </symbol>
      <symbol id="sm-6a7">
         <name>I2CMasterControl</name>
         <value>0x20007ac5</value>
         <object_component_ref idref="oc-1ce"/>
      </symbol>
      <symbol id="sm-6a8">
         <name>I2CMasterEnable</name>
         <value>0x20007a5b</value>
         <object_component_ref idref="oc-281"/>
      </symbol>
      <symbol id="sm-6a9">
         <name>I2CMasterIntStatusEx</name>
         <value>0x20007937</value>
         <object_component_ref idref="oc-1bc"/>
      </symbol>
      <symbol id="sm-6e1">
         <name>IntPrioritySet</name>
         <value>0x20007471</value>
         <object_component_ref idref="oc-170"/>
      </symbol>
      <symbol id="sm-6e2">
         <name>IntEnable</name>
         <value>0x20006c51</value>
         <object_component_ref idref="oc-24b"/>
      </symbol>
      <symbol id="sm-6e3">
         <name>IntRegister</name>
         <value>0x200078f9</value>
         <object_component_ref idref="oc-245"/>
      </symbol>
      <symbol id="sm-722">
         <name>PinTypeI2C</name>
         <value>0x20007973</value>
         <object_component_ref idref="oc-1b5"/>
      </symbol>
      <symbol id="sm-723">
         <name>PinTypeUART</name>
         <value>0x200079e1</value>
         <object_component_ref idref="oc-1a3"/>
      </symbol>
      <symbol id="sm-724">
         <name>PinTypeGPIO</name>
         <value>0x20007787</value>
         <object_component_ref idref="oc-1a9"/>
      </symbol>
      <symbol id="sm-725">
         <name>PinConfigSet</name>
         <value>0x20006ed1</value>
         <object_component_ref idref="oc-268"/>
      </symbol>
      <symbol id="sm-726">
         <name>PinModeSet</name>
         <value>0x20007695</value>
         <object_component_ref idref="oc-262"/>
      </symbol>
      <symbol id="sm-76e">
         <name>PRCMPeripheralReset</name>
         <value>0x20007419</value>
         <object_component_ref idref="oc-1ec"/>
      </symbol>
      <symbol id="sm-76f">
         <name>PRCMPeripheralClkEnable</name>
         <value>0x20007715</value>
         <object_component_ref idref="oc-19d"/>
      </symbol>
      <symbol id="sm-770">
         <name>PRCMPeripheralClockGet</name>
         <value>0x20006e3d</value>
         <object_component_ref idref="oc-125"/>
      </symbol>
      <symbol id="sm-771">
         <name>PRCMPeripheralClkDisable</name>
         <value>0x20007845</value>
         <object_component_ref idref="oc-1f8"/>
      </symbol>
      <symbol id="sm-7ad">
         <name>UARTConfigSetExpClk</name>
         <value>0x2000726d</value>
         <object_component_ref idref="oc-12b"/>
      </symbol>
      <symbol id="sm-7ae">
         <name>UARTDisable</name>
         <value>0x200077b9</value>
         <object_component_ref idref="oc-207"/>
      </symbol>
      <symbol id="sm-7af">
         <name>UARTCharsAvail</name>
         <value>0x20007a13</value>
         <object_component_ref idref="oc-13d"/>
      </symbol>
      <symbol id="sm-7b0">
         <name>UARTCharGetNonBlocking</name>
         <value>0x2000798f</value>
         <object_component_ref idref="oc-143"/>
      </symbol>
      <symbol id="sm-7b1">
         <name>UARTCharPut</name>
         <value>0x20007955</value>
         <object_component_ref idref="oc-131"/>
      </symbol>
      <symbol id="sm-7b2">
         <name>UARTEnable</name>
         <value>0x2000786d</value>
         <object_component_ref idref="oc-20d"/>
      </symbol>
      <symbol id="sm-7b6">
         <name>UtilsDelay</name>
         <value>0x20007b39</value>
         <object_component_ref idref="oc-ef"/>
      </symbol>
      <symbol id="sm-7b9">
         <name>__TI_static_base__</name>
         <value>0x20007ee0</value>
      </symbol>
      <symbol id="sm-7bc">
         <name>SHT$$INIT_ARRAY$$Limit</name>
         <value>0x0</value>
      </symbol>
      <symbol id="sm-7bd">
         <name>SHT$$INIT_ARRAY$$Base</name>
         <value>0x0</value>
      </symbol>
   </symbol_table>
   <title>Link successful</title>
</link_info>
