******************************************************************************
                  TI ARM Linker PC v16.9.1                     
******************************************************************************
>> Linked Thu May 18 20:32:40 2017

OUTPUT FILE NAME:   <ADC_UART.out>
ENTRY POINT SYMBOL: "_c_int00"  address: 20008195


MEMORY CONFIGURATION

         name            origin    length      used     unused   attr    fill
----------------------  --------  ---------  --------  --------  ----  --------
  SRAM_CODE             20004000   00013000  00004954  0000e6ac  RW X
  SRAM_DATA             20017000   00019000  0000902c  0000ffd4  RW X


SEGMENT ALLOCATION MAP

run origin  load origin   length   init length attrs members
----------  ----------- ---------- ----------- ----- -------
20004000    20004000    00004958   00004958    r-x
  20004000    20004000    00000400   00000400    r-- .intvecs
  20004400    20004400    0000421c   0000421c    r-x .text
  20008620    20008620    000002f8   000002f8    r-- .const
  20008918    20008918    00000040   00000040    r-- .cinit
20017000    20017000    0000802c   00000000    rw-
  20017000    20017000    00008000   00000000    rw- .sysmem
  2001f000    2001f000    00000028   00000000    rw- .data
  2001f028    2001f028    00000004   00000000    rw- .bss
2002f000    2002f000    00001000   00000000    rw-
  2002f000    2002f000    00001000   00000000    rw- .stack


SECTION ALLOCATION MAP

 output                                  attributes/
section   page    origin      length       input sections
--------  ----  ----------  ----------   ----------------
.intvecs   0    20004000    00000400     
                  20004000    00000400     startup_ccs.obj (.intvecs)

.init_array 
*          0    20004000    00000000     UNINITIALIZED

.text      0    20004400    0000421c     
                  20004400    00001122     rtsv7M4_T_le_eabi.lib : _printfi.obj (.text)
                  20005522    00000002                           : mpu_init.obj (.text)
                  20005524    000009ac                           : e_pow.obj (.text)
                  20005ed0    00000430     tmp006drv.obj (.text)
                  20006300    000003d0     rtsv7M4_T_le_eabi.lib : memory.obj (.text)
                  200066d0    00000284     i2c_if.obj (.text)
                  20006954    00000280     uart_if.obj (.text)
                  20006bd4    000001f4     rtsv7M4_T_le_eabi.lib : ull_div_t2.obj (.text)
                  20006dc8    000001b6                           : fd_add_t2.obj (.text)
                  20006f7e    00000002                           : startup.obj (.text)
                  20006f80    00000178     driverlib.a : prcm.obj (.text:PRCMCC3200MCUInit)
                  200070f8    00000170     rtsv7M4_T_le_eabi.lib : e_sqrt.obj (.text)
                  20007268    00000136                           : fd_div_t2.obj (.text)
                  2000739e    000000fc                           : fd_mul_t2.obj (.text)
                  2000749a    000000fa                           : fs_add_t2.obj (.text)
                  20007594    000000d0                           : s_scalbn.obj (.text)
                  20007664    000000a8     driverlib.a : interrupt.obj (.text:IntEnable)
                  2000770c    0000009c     rtsv7M4_T_le_eabi.lib : memcpy_t2.obj (.text)
                  200077a8    00000094     driverlib.a : prcm.obj (.text:PRCMPeripheralClockGet)
                  2000783c    00000092     rtsv7M4_T_le_eabi.lib : fs_div_t2.obj (.text)
                  200078ce    00000002     --HOLE-- [fill = 0]
                  200078d0    00000088     driverlib.a : pin.obj (.text:PinConfigSet)
                  20007958    00000088     rtsv7M4_T_le_eabi.lib : vsnprintf.obj (.text)
                  200079e0    00000086                           : fd_cmp_t2.obj (.text:__aeabi_cdcmple)
                  20007a66    00000086                           : fd_cmp_t2.obj (.text:__aeabi_cdrcmple)
                  20007aec    00000084     driverlib.a : i2c.obj (.text:I2CMasterInitExpClk)
                  20007b70    00000080     main.obj (.text)
                  20007bf0    0000007a     rtsv7M4_T_le_eabi.lib : fs_mul_t2.obj (.text)
                  20007c6a    0000007a                           : memset_t2.obj (.text)
                  20007ce4    00000076     driverlib.a : uart.obj (.text:UARTConfigSetExpClk)
                  20007d5a    00000002     --HOLE-- [fill = 0]
                  20007d5c    00000074     pinmux.obj (.text)
                  20007dd0    00000070     rtsv7M4_T_le_eabi.lib : autoinit.obj (.text)
                  20007e40    0000006e                           : fd_tos_t2.obj (.text)
                  20007eae    00000068                           : copy_decompress_lzss.obj (.text:decompress:lzss)
                  20007f16    00000002     --HOLE-- [fill = 0]
                  20007f18    0000005c                           : s_frexp.obj (.text)
                  20007f74    00000058     driverlib.a : prcm.obj (.text:PRCMPeripheralReset)
                  20007fcc    00000054     rtsv7M4_T_le_eabi.lib : exit.obj (.text)
                  20008020    00000054                           : ltoa.obj (.text)
                  20008074    0000004c                           : atoi.obj (.text)
                  200080c0    0000004c                           : cpy_tbl.obj (.text)
                  2000810c    00000048                           : fd_toi_t2.obj (.text)
                  20008154    00000040     driverlib.a : pin.obj (.text:PinModeSet)
                  20008194    00000040     rtsv7M4_T_le_eabi.lib : boot.obj (.text)
                  200081d4    0000003c     driverlib.a : prcm.obj (.text:PRCMPeripheralClkEnable)
                  20008210    00000038     rtsv7M4_T_le_eabi.lib : fs_tod_t2.obj (.text)
                  20008248    00000036     driverlib.a : gpio.obj (.text:GPIODirModeSet)
                  2000827e    00000030                 : pin.obj (.text:PinTypeGPIO)
                  200082ae    00000002     --HOLE-- [fill = 0]
                  200082b0    00000030                 : uart.obj (.text:UARTDisable)
                  200082e0    0000002e     rtsv7M4_T_le_eabi.lib : i_tofd_t2.obj (.text)
                  2000830e    0000002c     driverlib.a : i2c.obj (.text:I2CMasterErr)
                  2000833a    00000002     --HOLE-- [fill = 0]
                  2000833c    0000002c                 : prcm.obj (.text:PRCMSysResetCauseGet)
                  20008368    00000028                 : prcm.obj (.text:PRCMPeripheralClkDisable)
                  20008390    00000024                 : uart.obj (.text:UARTEnable)
                  200083b4    00000024     rtsv7M4_T_le_eabi.lib : memmov.obj (.text)
                  200083d8    00000022     driverlib.a : i2c.obj (.text:I2CMasterSlaveAddrSet)
                  200083fa    0000001e                 : i2c.obj (.text:I2CMasterIntStatusEx)
                  20008418    0000001e                 : uart.obj (.text:UARTCharPut)
                  20008436    0000001c                 : pin.obj (.text:PinTypeI2C)
                  20008452    0000001c                 : uart.obj (.text:UARTCharGetNonBlocking)
                  2000846e    0000001c     rtsv7M4_T_le_eabi.lib : memccpy.obj (.text)
                  2000848a    0000001a     driverlib.a : pin.obj (.text:PinTypeUART)
                  200084a4    00000018                 : uart.obj (.text:UARTCharsAvail)
                  200084bc    00000018     rtsv7M4_T_le_eabi.lib : args_main.obj (.text)
                  200084d4    00000016     driverlib.a : i2c.obj (.text:I2CMasterDataPut)
                  200084ea    00000016                 : i2c.obj (.text:I2CMasterEnable)
                  20008500    00000016                 : prcm.obj (.text:PRCMHIBRegRead)
                  20008516    00000016                 : prcm.obj (.text:PRCMHIBRegWrite)
                  2000852c    00000016     rtsv7M4_T_le_eabi.lib : strchr.obj (.text)
                  20008542    00000014     driverlib.a : cpu.obj (.text:CPUcpsie)
                  20008556    00000002     --HOLE-- [fill = 0]
                  20008558    00000014                 : interrupt.obj (.text:IntVTableBaseSet)
                  2000856c    00000014     rtsv7M4_T_le_eabi.lib : _lock.obj (.text)
                  20008580    00000014                           : strlen.obj (.text)
                  20008594    00000012     driverlib.a : i2c.obj (.text:I2CMasterControl)
                  200085a6    00000012                 : i2c.obj (.text:I2CMasterIntClearEx)
                  200085b8    00000012                 : i2c.obj (.text:I2CMasterTimeoutSet)
                  200085ca    0000000e                 : i2c.obj (.text:I2CMasterDataGet)
                  200085d8    0000000e     rtsv7M4_T_le_eabi.lib : copy_decompress_none.obj (.text:decompress:none)
                  200085e6    0000000e     startup_ccs.obj (.text)
                  200085f4    0000000c     rtsv7M4_T_le_eabi.lib : copy_zero_init.obj (.text:decompress:ZI)
                  20008600    0000000a     driverlib.a : interrupt.obj (.text:IntMasterEnable)
                  2000860a    00000008     rtsv7M4_T_le_eabi.lib : s_copysign.obj (.text)
                  20008612    00000006     driverlib.a : utils.obj (.text:UtilsDelay)
                  20008618    00000004     rtsv7M4_T_le_eabi.lib : pre_init.obj (.text)

.const     0    20008620    000002f8     
                  20008620    00000101     rtsv7M4_T_le_eabi.lib : ctype.obj (.const:.string:_ctypes_)
                  20008721    00000003     --HOLE-- [fill = 0]
                  20008724    00000100     driverlib.a : pin.obj (.const:g_ulPinToPadMap)
                  20008824    000000a8                 : prcm.obj (.const:PRCM_PeriphRegsList)
                  200088cc    00000004     --HOLE-- [fill = 0]
                  200088d0    00000030     rtsv7M4_T_le_eabi.lib : e_pow.obj (.const:$O1$$)
                  20008900    00000018     driverlib.a : interrupt.obj (.const:g_pulEnRegs)

.cinit     0    20008918    00000040     
                  20008918    0000001c     (.cinit..data.load) [load image, compression = lzss]
                  20008934    0000000c     (__TI_handler_table)
                  20008940    00000008     (.cinit..bss.load) [load image, compression = zero_init]
                  20008948    00000010     (__TI_cinit_table)

.sysmem    0    20017000    00008000     UNINITIALIZED
                  20017000    00000008     rtsv7M4_T_le_eabi.lib : memory.obj (.sysmem)
                  20017008    00007ff8     --HOLE--

.data      0    2001f000    00000028     UNINITIALIZED
                  2001f000    0000000c     rtsv7M4_T_le_eabi.lib : exit.obj (.data:$O1$$)
                  2001f00c    0000000c                           : memory.obj (.data:$O1$$)
                  2001f018    00000008                           : _lock.obj (.data:$O1$$)
                  2001f020    00000004                           : errno.obj (.data)
                  2001f024    00000004                           : stkdepth_vars.obj (.data)

.bss       0    2001f028    00000004     UNINITIALIZED
                  2001f028    00000004     uart_if.obj (.bss)

.stack     0    2002f000    00001000     UNINITIALIZED
                  2002f000    00001000     --HOLE--

MODULE SUMMARY

       Module                     code    ro data   rw data
       ------                     ----    -------   -------
    .\
       tmp006drv.obj              1072    0         0      
       startup_ccs.obj            14      1024      0      
       i2c_if.obj                 644     0         0      
       uart_if.obj                640     0         4      
       main.obj                   128     0         0      
       pinmux.obj                 116     0         0      
    +--+--------------------------+-------+---------+---------+
       Total:                     2614    1024      4      
                                                           
    C:/TI/CC3200SDK_1.3.0/CC3200SDK_1.3.0/cc3200-sdk/driverlib/ccs/Release/driverlib.a
       prcm.obj                   800     168       0      
       pin.obj                    302     256       0      
       i2c.obj                    352     0         0      
       uart.obj                   284     0         0      
       interrupt.obj              198     24        0      
       gpio.obj                   54      0         0      
       cpu.obj                    20      0         0      
       utils.obj                  6       0         0      
    +--+--------------------------+-------+---------+---------+
       Total:                     2016    448       0      
                                                           
    C:\TI\ccsv7\tools\compiler\ti-cgt-arm_16.9.1.LTS\lib\rtsv7M4_T_le_eabi.lib
       _printfi.obj               4386    0         0      
       e_pow.obj                  2476    48        0      
       memory.obj                 976     0         12     
       ull_div_t2.obj             500     0         0      
       fd_add_t2.obj              438     0         0      
       e_sqrt.obj                 368     0         0      
       fd_div_t2.obj              310     0         0      
       fd_cmp_t2.obj              268     0         0      
       ctype.obj                  0       257       0      
       fd_mul_t2.obj              252     0         0      
       fs_add_t2.obj              250     0         0      
       s_scalbn.obj               208     0         0      
       memcpy_t2.obj              156     0         0      
       fs_div_t2.obj              146     0         0      
       vsnprintf.obj              136     0         0      
       fs_mul_t2.obj              122     0         0      
       memset_t2.obj              122     0         0      
       autoinit.obj               112     0         0      
       fd_tos_t2.obj              110     0         0      
       copy_decompress_lzss.obj   104     0         0      
       exit.obj                   84      0         12     
       s_frexp.obj                92      0         0      
       ltoa.obj                   84      0         0      
       atoi.obj                   76      0         0      
       cpy_tbl.obj                76      0         0      
       fd_toi_t2.obj              72      0         0      
       boot.obj                   64      0         0      
       fs_tod_t2.obj              56      0         0      
       i_tofd_t2.obj              46      0         0      
       memmov.obj                 36      0         0      
       _lock.obj                  20      0         8      
       memccpy.obj                28      0         0      
       args_main.obj              24      0         0      
       strchr.obj                 22      0         0      
       strlen.obj                 20      0         0      
       copy_decompress_none.obj   14      0         0      
       copy_zero_init.obj         12      0         0      
       s_copysign.obj             8       0         0      
       errno.obj                  0       0         4      
       pre_init.obj               4       0         0      
       stkdepth_vars.obj          0       0         4      
       mpu_init.obj               2       0         0      
       startup.obj                2       0         0      
    +--+--------------------------+-------+---------+---------+
       Total:                     12282   305       40     
                                                           
       Heap:                      0       0         32768  
       Stack:                     0       0         4096   
       Linker Generated:          0       64        0      
    +--+--------------------------+-------+---------+---------+
       Grand Total:               16912   1841      36908  


LINKER GENERATED COPY TABLES

__TI_cinit_table @ 20008948 records: 2, size/record: 8, table size: 16
	.data: load addr=20008918, load size=0000001c bytes, run addr=2001f000, run size=00000028 bytes, compression=lzss
	.bss: load addr=20008940, load size=00000008 bytes, run addr=2001f028, run size=00000004 bytes, compression=zero_init


LINKER GENERATED HANDLER TABLE

__TI_handler_table @ 20008934 records: 3, size/record: 4, table size: 12
	index: 0, handler: __TI_decompress_lzss
	index: 1, handler: __TI_decompress_none
	index: 2, handler: __TI_zero_init


GLOBAL SYMBOLS: SORTED ALPHABETICALLY BY Name 

address   name                           
-------   ----                           
20007fcd  C$$EXIT                        
20008543  CPUcpsie                       
20006995  ClearTerm                      
2000699f  Error                          
20008249  GPIODirModeSet                 
200069d7  GetCmd                         
20008595  I2CMasterControl               
200085cb  I2CMasterDataGet               
200084d5  I2CMasterDataPut               
200084eb  I2CMasterEnable                
2000830f  I2CMasterErr                   
20007aed  I2CMasterInitExpClk            
200085a7  I2CMasterIntClearEx            
200083fb  I2CMasterIntStatusEx           
200083d9  I2CMasterSlaveAddrSet          
200085b9  I2CMasterTimeoutSet            
2000693f  I2C_IF_Close                   
200068f7  I2C_IF_Open                    
200067f5  I2C_IF_Read                    
200068b1  I2C_IF_ReadFrom                
20006745  I2C_IF_Write                   
20006955  InitTerm                       
20007665  IntEnable                      
20008601  IntMasterEnable                
20008559  IntVTableBaseSet               
20006973  Message                        
20006f81  PRCMCC3200MCUInit              
20008501  PRCMHIBRegRead                 
20008517  PRCMHIBRegWrite                
20008369  PRCMPeripheralClkDisable       
200081d5  PRCMPeripheralClkEnable        
200077a9  PRCMPeripheralClockGet         
20007f75  PRCMPeripheralReset            
2000833d  PRCMSysResetCauseGet           
200078d1  PinConfigSet                   
20008155  PinModeSet                     
20007d5d  PinMuxConfig                   
2000827f  PinTypeGPIO                    
20008437  PinTypeI2C                     
2000848b  PinTypeUART                    
20006b15  Report                         
200085e7  ResetISR                       
UNDEFED   SHT$$INIT_ARRAY$$Base          
UNDEFED   SHT$$INIT_ARRAY$$Limit         
200061a9  TMP006DrvGetTemp               
20005f11  TMP006DrvOpen                  
20006a7d  TrimSpace                      
20008453  UARTCharGetNonBlocking         
20008419  UARTCharPut                    
200084a5  UARTCharsAvail                 
20007ce5  UARTConfigSetExpClk            
200082b1  UARTDisable                    
20008391  UARTEnable                     
20008613  UtilsDelay                     
20030000  __STACK_END                    
00001000  __STACK_SIZE                   
00008000  __SYSMEM_SIZE                  
20008948  __TI_CINIT_Base                
20008958  __TI_CINIT_Limit               
20008934  __TI_Handler_Table_Base        
20008940  __TI_Handler_Table_Limit       
20007dd1  __TI_auto_init                 
2001f000  __TI_cleanup_ptr               
20007eaf  __TI_decompress_lzss           
200085d9  __TI_decompress_none           
2001f004  __TI_dtors_ptr                 
2001f008  __TI_enable_exit_profile_output
ffffffff  __TI_pprof_out_hndl            
20004c39  __TI_printfi                   
ffffffff  __TI_prof_data_size            
ffffffff  __TI_prof_data_start           
20008918  __TI_static_base__             
200085f5  __TI_zero_init                 
200079e1  __aeabi_cdcmpeq                
200079e1  __aeabi_cdcmple                
20007a67  __aeabi_cdrcmple               
20007e41  __aeabi_d2f                    
2000810d  __aeabi_d2iz                   
20006dd3  __aeabi_dadd                   
20007269  __aeabi_ddiv                   
2000739f  __aeabi_dmul                   
20006dc9  __aeabi_dsub                   
20008211  __aeabi_f2d                    
2000749f  __aeabi_fadd                   
2000783d  __aeabi_fdiv                   
20007bf1  __aeabi_fmul                   
2000749b  __aeabi_fsub                   
200082e1  __aeabi_i2d                    
20007c6b  __aeabi_memclr                 
20007c6b  __aeabi_memclr4                
20007c6b  __aeabi_memclr8                
2000770d  __aeabi_memcpy                 
2000770d  __aeabi_memcpy4                
2000770d  __aeabi_memcpy8                
20007c6d  __aeabi_memset                 
20007c6d  __aeabi_memset4                
20007c6d  __aeabi_memset8                
20006bd5  __aeabi_uldivmod               
ffffffff  __binit__                      
ffffffff  __c_args__                     
20005523  __mpu_init                     
2002f000  __stack                        
200084bd  _args_main                     
20008195  _c_int00                       
20008620  _ctypes_                       
2001f018  _lock                          
2000857b  _nop                           
20008573  _register_lock                 
2000856d  _register_unlock               
20017000  _sys_memory                    
20006f7f  _system_post_cinit             
20008619  _system_pre_init               
2001f01c  _unlock                        
20007fd1  abort                          
20008075  atoi                           
ffffffff  binit                          
200066a1  calloc                         
200080c1  copy_in                        
2000860b  copysign                       
2000860b  copysignl                      
2001f020  errno                          
20007fd9  exit                           
200063eb  free                           
20007f19  frexp                          
20007f19  frexpl                         
20004000  g_pfnVectors                   
20007595  ldexp                          
20007595  ldexpl                         
20008021  ltoa                           
20007b89  main                           
2001f024  main_func_sp                   
20006381  malloc                         
200065b5  memalign                       
2000846f  memccpy                        
2000770d  memcpy                         
200083b5  memmove                        
20007c73  memset                         
20006301  minit                          
20005525  pow                            
20005525  powl                           
200064ad  realloc                        
20007595  scalbn                         
20007595  scalbnl                        
200070f9  sqrt                           
200070f9  sqrtl                          
2000852d  strchr                         
20008581  strlen                         
20007959  vsnprintf                      


GLOBAL SYMBOLS: SORTED BY Symbol Address 

address   name                           
-------   ----                           
00001000  __STACK_SIZE                   
00008000  __SYSMEM_SIZE                  
20004000  g_pfnVectors                   
20004c39  __TI_printfi                   
20005523  __mpu_init                     
20005525  pow                            
20005525  powl                           
20005f11  TMP006DrvOpen                  
200061a9  TMP006DrvGetTemp               
20006301  minit                          
20006381  malloc                         
200063eb  free                           
200064ad  realloc                        
200065b5  memalign                       
200066a1  calloc                         
20006745  I2C_IF_Write                   
200067f5  I2C_IF_Read                    
200068b1  I2C_IF_ReadFrom                
200068f7  I2C_IF_Open                    
2000693f  I2C_IF_Close                   
20006955  InitTerm                       
20006973  Message                        
20006995  ClearTerm                      
2000699f  Error                          
200069d7  GetCmd                         
20006a7d  TrimSpace                      
20006b15  Report                         
20006bd5  __aeabi_uldivmod               
20006dc9  __aeabi_dsub                   
20006dd3  __aeabi_dadd                   
20006f7f  _system_post_cinit             
20006f81  PRCMCC3200MCUInit              
200070f9  sqrt                           
200070f9  sqrtl                          
20007269  __aeabi_ddiv                   
2000739f  __aeabi_dmul                   
2000749b  __aeabi_fsub                   
2000749f  __aeabi_fadd                   
20007595  ldexp                          
20007595  ldexpl                         
20007595  scalbn                         
20007595  scalbnl                        
20007665  IntEnable                      
2000770d  __aeabi_memcpy                 
2000770d  __aeabi_memcpy4                
2000770d  __aeabi_memcpy8                
2000770d  memcpy                         
200077a9  PRCMPeripheralClockGet         
2000783d  __aeabi_fdiv                   
200078d1  PinConfigSet                   
20007959  vsnprintf                      
200079e1  __aeabi_cdcmpeq                
200079e1  __aeabi_cdcmple                
20007a67  __aeabi_cdrcmple               
20007aed  I2CMasterInitExpClk            
20007b89  main                           
20007bf1  __aeabi_fmul                   
20007c6b  __aeabi_memclr                 
20007c6b  __aeabi_memclr4                
20007c6b  __aeabi_memclr8                
20007c6d  __aeabi_memset                 
20007c6d  __aeabi_memset4                
20007c6d  __aeabi_memset8                
20007c73  memset                         
20007ce5  UARTConfigSetExpClk            
20007d5d  PinMuxConfig                   
20007dd1  __TI_auto_init                 
20007e41  __aeabi_d2f                    
20007eaf  __TI_decompress_lzss           
20007f19  frexp                          
20007f19  frexpl                         
20007f75  PRCMPeripheralReset            
20007fcd  C$$EXIT                        
20007fd1  abort                          
20007fd9  exit                           
20008021  ltoa                           
20008075  atoi                           
200080c1  copy_in                        
2000810d  __aeabi_d2iz                   
20008155  PinModeSet                     
20008195  _c_int00                       
200081d5  PRCMPeripheralClkEnable        
20008211  __aeabi_f2d                    
20008249  GPIODirModeSet                 
2000827f  PinTypeGPIO                    
200082b1  UARTDisable                    
200082e1  __aeabi_i2d                    
2000830f  I2CMasterErr                   
2000833d  PRCMSysResetCauseGet           
20008369  PRCMPeripheralClkDisable       
20008391  UARTEnable                     
200083b5  memmove                        
200083d9  I2CMasterSlaveAddrSet          
200083fb  I2CMasterIntStatusEx           
20008419  UARTCharPut                    
20008437  PinTypeI2C                     
20008453  UARTCharGetNonBlocking         
2000846f  memccpy                        
2000848b  PinTypeUART                    
200084a5  UARTCharsAvail                 
200084bd  _args_main                     
200084d5  I2CMasterDataPut               
200084eb  I2CMasterEnable                
20008501  PRCMHIBRegRead                 
20008517  PRCMHIBRegWrite                
2000852d  strchr                         
20008543  CPUcpsie                       
20008559  IntVTableBaseSet               
2000856d  _register_unlock               
20008573  _register_lock                 
2000857b  _nop                           
20008581  strlen                         
20008595  I2CMasterControl               
200085a7  I2CMasterIntClearEx            
200085b9  I2CMasterTimeoutSet            
200085cb  I2CMasterDataGet               
200085d9  __TI_decompress_none           
200085e7  ResetISR                       
200085f5  __TI_zero_init                 
20008601  IntMasterEnable                
2000860b  copysign                       
2000860b  copysignl                      
20008613  UtilsDelay                     
20008619  _system_pre_init               
20008620  _ctypes_                       
20008918  __TI_static_base__             
20008934  __TI_Handler_Table_Base        
20008940  __TI_Handler_Table_Limit       
20008948  __TI_CINIT_Base                
20008958  __TI_CINIT_Limit               
20017000  _sys_memory                    
2001f000  __TI_cleanup_ptr               
2001f004  __TI_dtors_ptr                 
2001f008  __TI_enable_exit_profile_output
2001f018  _lock                          
2001f01c  _unlock                        
2001f020  errno                          
2001f024  main_func_sp                   
2002f000  __stack                        
20030000  __STACK_END                    
ffffffff  __TI_pprof_out_hndl            
ffffffff  __TI_prof_data_size            
ffffffff  __TI_prof_data_start           
ffffffff  __binit__                      
ffffffff  __c_args__                     
ffffffff  binit                          
UNDEFED   SHT$$INIT_ARRAY$$Base          
UNDEFED   SHT$$INIT_ARRAY$$Limit         

[148 symbols]
