<?xml version="1.0"?>
<link_info>
   <banner>TI ARM Linker PC v16.9.1.LTS</banner>
   <copyright>Copyright (c) 1996-2015 Texas Instruments Incorporated</copyright>
   <link_time>0x591ddab8</link_time>
   <link_errors>0x0</link_errors>
   <output_file>ADC_UART.out</output_file>
   <entry_point>
      <name>_c_int00</name>
      <address>0x20008195</address>
   </entry_point>
   <input_file_list>
      <input_file id="fl-2">
         <path>.\</path>
         <kind>object</kind>
         <file>adc_userinput.obj</file>
         <name>adc_userinput.obj</name>
      </input_file>
      <input_file id="fl-3">
         <path>.\</path>
         <kind>object</kind>
         <file>gpio_if.obj</file>
         <name>gpio_if.obj</name>
      </input_file>
      <input_file id="fl-4">
         <path>.\</path>
         <kind>object</kind>
         <file>i2c_if.obj</file>
         <name>i2c_if.obj</name>
      </input_file>
      <input_file id="fl-5">
         <path>.\</path>
         <kind>object</kind>
         <file>main.obj</file>
         <name>main.obj</name>
      </input_file>
      <input_file id="fl-6">
         <path>.\</path>
         <kind>object</kind>
         <file>pinmux.obj</file>
         <name>pinmux.obj</name>
      </input_file>
      <input_file id="fl-7">
         <path>.\</path>
         <kind>object</kind>
         <file>startup_ccs.obj</file>
         <name>startup_ccs.obj</name>
      </input_file>
      <input_file id="fl-8">
         <path>.\</path>
         <kind>object</kind>
         <file>tmp006drv.obj</file>
         <name>tmp006drv.obj</name>
      </input_file>
      <input_file id="fl-9">
         <path>.\</path>
         <kind>object</kind>
         <file>uart_if.obj</file>
         <name>uart_if.obj</name>
      </input_file>
      <input_file id="fl-c4">
         <path>C:\TI\ccsv7\tools\compiler\ti-cgt-arm_16.9.1.LTS\lib\</path>
         <kind>archive</kind>
         <file>rtsv7M4_T_le_eabi.lib</file>
         <name>boot.obj</name>
      </input_file>
      <input_file id="fl-c5">
         <path>C:\TI\ccsv7\tools\compiler\ti-cgt-arm_16.9.1.LTS\lib\</path>
         <kind>archive</kind>
         <file>rtsv7M4_T_le_eabi.lib</file>
         <name>copy_decompress_lzss.obj</name>
      </input_file>
      <input_file id="fl-c6">
         <path>C:\TI\ccsv7\tools\compiler\ti-cgt-arm_16.9.1.LTS\lib\</path>
         <kind>archive</kind>
         <file>rtsv7M4_T_le_eabi.lib</file>
         <name>copy_decompress_none.obj</name>
      </input_file>
      <input_file id="fl-c7">
         <path>C:\TI\ccsv7\tools\compiler\ti-cgt-arm_16.9.1.LTS\lib\</path>
         <kind>archive</kind>
         <file>rtsv7M4_T_le_eabi.lib</file>
         <name>copy_zero_init.obj</name>
      </input_file>
      <input_file id="fl-c8">
         <path>C:\TI\ccsv7\tools\compiler\ti-cgt-arm_16.9.1.LTS\lib\</path>
         <kind>archive</kind>
         <file>rtsv7M4_T_le_eabi.lib</file>
         <name>e_pow.obj</name>
      </input_file>
      <input_file id="fl-c9">
         <path>C:\TI\ccsv7\tools\compiler\ti-cgt-arm_16.9.1.LTS\lib\</path>
         <kind>archive</kind>
         <file>rtsv7M4_T_le_eabi.lib</file>
         <name>e_sqrt.obj</name>
      </input_file>
      <input_file id="fl-ca">
         <path>C:\TI\ccsv7\tools\compiler\ti-cgt-arm_16.9.1.LTS\lib\</path>
         <kind>archive</kind>
         <file>rtsv7M4_T_le_eabi.lib</file>
         <name>errno.obj</name>
      </input_file>
      <input_file id="fl-cb">
         <path>C:\TI\ccsv7\tools\compiler\ti-cgt-arm_16.9.1.LTS\lib\</path>
         <kind>archive</kind>
         <file>rtsv7M4_T_le_eabi.lib</file>
         <name>exit.obj</name>
      </input_file>
      <input_file id="fl-cc">
         <path>C:\TI\ccsv7\tools\compiler\ti-cgt-arm_16.9.1.LTS\lib\</path>
         <kind>archive</kind>
         <file>rtsv7M4_T_le_eabi.lib</file>
         <name>fd_add_t2.obj</name>
      </input_file>
      <input_file id="fl-cd">
         <path>C:\TI\ccsv7\tools\compiler\ti-cgt-arm_16.9.1.LTS\lib\</path>
         <kind>archive</kind>
         <file>rtsv7M4_T_le_eabi.lib</file>
         <name>fd_cmp_t2.obj</name>
      </input_file>
      <input_file id="fl-ce">
         <path>C:\TI\ccsv7\tools\compiler\ti-cgt-arm_16.9.1.LTS\lib\</path>
         <kind>archive</kind>
         <file>rtsv7M4_T_le_eabi.lib</file>
         <name>fd_div_t2.obj</name>
      </input_file>
      <input_file id="fl-cf">
         <path>C:\TI\ccsv7\tools\compiler\ti-cgt-arm_16.9.1.LTS\lib\</path>
         <kind>archive</kind>
         <file>rtsv7M4_T_le_eabi.lib</file>
         <name>fd_mul_t2.obj</name>
      </input_file>
      <input_file id="fl-d0">
         <path>C:\TI\ccsv7\tools\compiler\ti-cgt-arm_16.9.1.LTS\lib\</path>
         <kind>archive</kind>
         <file>rtsv7M4_T_le_eabi.lib</file>
         <name>fd_tos_t2.obj</name>
      </input_file>
      <input_file id="fl-d1">
         <path>C:\TI\ccsv7\tools\compiler\ti-cgt-arm_16.9.1.LTS\lib\</path>
         <kind>archive</kind>
         <file>rtsv7M4_T_le_eabi.lib</file>
         <name>fs_add_t2.obj</name>
      </input_file>
      <input_file id="fl-d2">
         <path>C:\TI\ccsv7\tools\compiler\ti-cgt-arm_16.9.1.LTS\lib\</path>
         <kind>archive</kind>
         <file>rtsv7M4_T_le_eabi.lib</file>
         <name>fs_div_t2.obj</name>
      </input_file>
      <input_file id="fl-d3">
         <path>C:\TI\ccsv7\tools\compiler\ti-cgt-arm_16.9.1.LTS\lib\</path>
         <kind>archive</kind>
         <file>rtsv7M4_T_le_eabi.lib</file>
         <name>fs_mul_t2.obj</name>
      </input_file>
      <input_file id="fl-d4">
         <path>C:\TI\ccsv7\tools\compiler\ti-cgt-arm_16.9.1.LTS\lib\</path>
         <kind>archive</kind>
         <file>rtsv7M4_T_le_eabi.lib</file>
         <name>fs_tod_t2.obj</name>
      </input_file>
      <input_file id="fl-d5">
         <path>C:\TI\ccsv7\tools\compiler\ti-cgt-arm_16.9.1.LTS\lib\</path>
         <kind>archive</kind>
         <file>rtsv7M4_T_le_eabi.lib</file>
         <name>i_tofd_t2.obj</name>
      </input_file>
      <input_file id="fl-d6">
         <path>C:\TI\ccsv7\tools\compiler\ti-cgt-arm_16.9.1.LTS\lib\</path>
         <kind>archive</kind>
         <file>rtsv7M4_T_le_eabi.lib</file>
         <name>memcpy_t2.obj</name>
      </input_file>
      <input_file id="fl-d7">
         <path>C:\TI\ccsv7\tools\compiler\ti-cgt-arm_16.9.1.LTS\lib\</path>
         <kind>archive</kind>
         <file>rtsv7M4_T_le_eabi.lib</file>
         <name>memmov.obj</name>
      </input_file>
      <input_file id="fl-d8">
         <path>C:\TI\ccsv7\tools\compiler\ti-cgt-arm_16.9.1.LTS\lib\</path>
         <kind>archive</kind>
         <file>rtsv7M4_T_le_eabi.lib</file>
         <name>memory.obj</name>
      </input_file>
      <input_file id="fl-d9">
         <path>C:\TI\ccsv7\tools\compiler\ti-cgt-arm_16.9.1.LTS\lib\</path>
         <kind>archive</kind>
         <file>rtsv7M4_T_le_eabi.lib</file>
         <name>memset_t2.obj</name>
      </input_file>
      <input_file id="fl-da">
         <path>C:\TI\ccsv7\tools\compiler\ti-cgt-arm_16.9.1.LTS\lib\</path>
         <kind>archive</kind>
         <file>rtsv7M4_T_le_eabi.lib</file>
         <name>mpu_init.obj</name>
      </input_file>
      <input_file id="fl-db">
         <path>C:\TI\ccsv7\tools\compiler\ti-cgt-arm_16.9.1.LTS\lib\</path>
         <kind>archive</kind>
         <file>rtsv7M4_T_le_eabi.lib</file>
         <name>pre_init.obj</name>
      </input_file>
      <input_file id="fl-dc">
         <path>C:\TI\ccsv7\tools\compiler\ti-cgt-arm_16.9.1.LTS\lib\</path>
         <kind>archive</kind>
         <file>rtsv7M4_T_le_eabi.lib</file>
         <name>s_scalbn.obj</name>
      </input_file>
      <input_file id="fl-dd">
         <path>C:\TI\ccsv7\tools\compiler\ti-cgt-arm_16.9.1.LTS\lib\</path>
         <kind>archive</kind>
         <file>rtsv7M4_T_le_eabi.lib</file>
         <name>stkdepth_vars.obj</name>
      </input_file>
      <input_file id="fl-de">
         <path>C:\TI\ccsv7\tools\compiler\ti-cgt-arm_16.9.1.LTS\lib\</path>
         <kind>archive</kind>
         <file>rtsv7M4_T_le_eabi.lib</file>
         <name>strcmp.obj</name>
      </input_file>
      <input_file id="fl-df">
         <path>C:\TI\ccsv7\tools\compiler\ti-cgt-arm_16.9.1.LTS\lib\</path>
         <kind>archive</kind>
         <file>rtsv7M4_T_le_eabi.lib</file>
         <name>strlen.obj</name>
      </input_file>
      <input_file id="fl-e0">
         <path>C:\TI\ccsv7\tools\compiler\ti-cgt-arm_16.9.1.LTS\lib\</path>
         <kind>archive</kind>
         <file>rtsv7M4_T_le_eabi.lib</file>
         <name>strtok.obj</name>
      </input_file>
      <input_file id="fl-e1">
         <path>C:\TI\ccsv7\tools\compiler\ti-cgt-arm_16.9.1.LTS\lib\</path>
         <kind>archive</kind>
         <file>rtsv7M4_T_le_eabi.lib</file>
         <name>vsnprintf.obj</name>
      </input_file>
      <input_file id="fl-e2">
         <path>C:\TI\ccsv7\tools\compiler\ti-cgt-arm_16.9.1.LTS\lib\</path>
         <kind>archive</kind>
         <file>rtsv7M4_T_le_eabi.lib</file>
         <name>_lock.obj</name>
      </input_file>
      <input_file id="fl-e3">
         <path>C:\TI\ccsv7\tools\compiler\ti-cgt-arm_16.9.1.LTS\lib\</path>
         <kind>archive</kind>
         <file>rtsv7M4_T_le_eabi.lib</file>
         <name>_printfi.obj</name>
      </input_file>
      <input_file id="fl-e4">
         <path>C:\TI\ccsv7\tools\compiler\ti-cgt-arm_16.9.1.LTS\lib\</path>
         <kind>archive</kind>
         <file>rtsv7M4_T_le_eabi.lib</file>
         <name>args_main.obj</name>
      </input_file>
      <input_file id="fl-e5">
         <path>C:\TI\ccsv7\tools\compiler\ti-cgt-arm_16.9.1.LTS\lib\</path>
         <kind>archive</kind>
         <file>rtsv7M4_T_le_eabi.lib</file>
         <name>atoi.obj</name>
      </input_file>
      <input_file id="fl-e6">
         <path>C:\TI\ccsv7\tools\compiler\ti-cgt-arm_16.9.1.LTS\lib\</path>
         <kind>archive</kind>
         <file>rtsv7M4_T_le_eabi.lib</file>
         <name>autoinit.obj</name>
      </input_file>
      <input_file id="fl-e7">
         <path>C:\TI\ccsv7\tools\compiler\ti-cgt-arm_16.9.1.LTS\lib\</path>
         <kind>archive</kind>
         <file>rtsv7M4_T_le_eabi.lib</file>
         <name>cpy_tbl.obj</name>
      </input_file>
      <input_file id="fl-e8">
         <path>C:\TI\ccsv7\tools\compiler\ti-cgt-arm_16.9.1.LTS\lib\</path>
         <kind>archive</kind>
         <file>rtsv7M4_T_le_eabi.lib</file>
         <name>ctype.obj</name>
      </input_file>
      <input_file id="fl-e9">
         <path>C:\TI\ccsv7\tools\compiler\ti-cgt-arm_16.9.1.LTS\lib\</path>
         <kind>archive</kind>
         <file>rtsv7M4_T_le_eabi.lib</file>
         <name>fd_toi_t2.obj</name>
      </input_file>
      <input_file id="fl-ea">
         <path>C:\TI\ccsv7\tools\compiler\ti-cgt-arm_16.9.1.LTS\lib\</path>
         <kind>archive</kind>
         <file>rtsv7M4_T_le_eabi.lib</file>
         <name>ltoa.obj</name>
      </input_file>
      <input_file id="fl-eb">
         <path>C:\TI\ccsv7\tools\compiler\ti-cgt-arm_16.9.1.LTS\lib\</path>
         <kind>archive</kind>
         <file>rtsv7M4_T_le_eabi.lib</file>
         <name>memccpy.obj</name>
      </input_file>
      <input_file id="fl-ec">
         <path>C:\TI\ccsv7\tools\compiler\ti-cgt-arm_16.9.1.LTS\lib\</path>
         <kind>archive</kind>
         <file>rtsv7M4_T_le_eabi.lib</file>
         <name>s_copysign.obj</name>
      </input_file>
      <input_file id="fl-ed">
         <path>C:\TI\ccsv7\tools\compiler\ti-cgt-arm_16.9.1.LTS\lib\</path>
         <kind>archive</kind>
         <file>rtsv7M4_T_le_eabi.lib</file>
         <name>s_frexp.obj</name>
      </input_file>
      <input_file id="fl-ee">
         <path>C:\TI\ccsv7\tools\compiler\ti-cgt-arm_16.9.1.LTS\lib\</path>
         <kind>archive</kind>
         <file>rtsv7M4_T_le_eabi.lib</file>
         <name>startup.obj</name>
      </input_file>
      <input_file id="fl-ef">
         <path>C:\TI\ccsv7\tools\compiler\ti-cgt-arm_16.9.1.LTS\lib\</path>
         <kind>archive</kind>
         <file>rtsv7M4_T_le_eabi.lib</file>
         <name>strchr.obj</name>
      </input_file>
      <input_file id="fl-f0">
         <path>C:\TI\ccsv7\tools\compiler\ti-cgt-arm_16.9.1.LTS\lib\</path>
         <kind>archive</kind>
         <file>rtsv7M4_T_le_eabi.lib</file>
         <name>strcspn.obj</name>
      </input_file>
      <input_file id="fl-f1">
         <path>C:\TI\ccsv7\tools\compiler\ti-cgt-arm_16.9.1.LTS\lib\</path>
         <kind>archive</kind>
         <file>rtsv7M4_T_le_eabi.lib</file>
         <name>strspn.obj</name>
      </input_file>
      <input_file id="fl-f2">
         <path>C:\TI\ccsv7\tools\compiler\ti-cgt-arm_16.9.1.LTS\lib\</path>
         <kind>archive</kind>
         <file>rtsv7M4_T_le_eabi.lib</file>
         <name>ull_div_t2.obj</name>
      </input_file>
      <input_file id="fl-f3">
         <path>C:\TI\CC3200SDK_1.3.0\CC3200SDK_1.3.0\cc3200-sdk\driverlib\ccs\Release\</path>
         <kind>archive</kind>
         <file>driverlib.a</file>
         <name>gpio.obj</name>
      </input_file>
      <input_file id="fl-f4">
         <path>C:\TI\CC3200SDK_1.3.0\CC3200SDK_1.3.0\cc3200-sdk\driverlib\ccs\Release\</path>
         <kind>archive</kind>
         <file>driverlib.a</file>
         <name>i2c.obj</name>
      </input_file>
      <input_file id="fl-f5">
         <path>C:\TI\CC3200SDK_1.3.0\CC3200SDK_1.3.0\cc3200-sdk\driverlib\ccs\Release\</path>
         <kind>archive</kind>
         <file>driverlib.a</file>
         <name>interrupt.obj</name>
      </input_file>
      <input_file id="fl-f6">
         <path>C:\TI\CC3200SDK_1.3.0\CC3200SDK_1.3.0\cc3200-sdk\driverlib\ccs\Release\</path>
         <kind>archive</kind>
         <file>driverlib.a</file>
         <name>pin.obj</name>
      </input_file>
      <input_file id="fl-f7">
         <path>C:\TI\CC3200SDK_1.3.0\CC3200SDK_1.3.0\cc3200-sdk\driverlib\ccs\Release\</path>
         <kind>archive</kind>
         <file>driverlib.a</file>
         <name>prcm.obj</name>
      </input_file>
      <input_file id="fl-f8">
         <path>C:\TI\CC3200SDK_1.3.0\CC3200SDK_1.3.0\cc3200-sdk\driverlib\ccs\Release\</path>
         <kind>archive</kind>
         <file>driverlib.a</file>
         <name>uart.obj</name>
      </input_file>
      <input_file id="fl-f9">
         <path>C:\TI\CC3200SDK_1.3.0\CC3200SDK_1.3.0\cc3200-sdk\driverlib\ccs\Release\</path>
         <kind>archive</kind>
         <file>driverlib.a</file>
         <name>utils.obj</name>
      </input_file>
      <input_file id="fl-fa">
         <path>C:\TI\CC3200SDK_1.3.0\CC3200SDK_1.3.0\cc3200-sdk\driverlib\ccs\Release\</path>
         <kind>archive</kind>
         <file>driverlib.a</file>
         <name>cpu.obj</name>
      </input_file>
      <input_file id="fl-fb">
         <path>C:\TI\CC3200SDK_1.3.0\CC3200SDK_1.3.0\cc3200-sdk\driverlib\ccs\Release\</path>
         <kind>archive</kind>
         <file>driverlib.a</file>
         <name>flash.obj</name>
      </input_file>
   </input_file_list>
   <object_component_list>
      <object_component id="oc-f">
         <name>.intvecs</name>
         <load_address>0x20004000</load_address>
         <run_address>0x20004000</run_address>
         <size>0x400</size>
         <input_file_ref idref="fl-7"/>
      </object_component>
      <object_component id="oc-262">
         <name>.text</name>
         <load_address>0x20004400</load_address>
         <run_address>0x20004400</run_address>
         <size>0x1122</size>
         <input_file_ref idref="fl-e3"/>
      </object_component>
      <object_component id="oc-59">
         <name>.text</name>
         <load_address>0x20005522</load_address>
         <run_address>0x20005522</run_address>
         <size>0x2</size>
         <input_file_ref idref="fl-da"/>
      </object_component>
      <object_component id="oc-20b">
         <name>.text</name>
         <load_address>0x20005524</load_address>
         <run_address>0x20005524</run_address>
         <size>0x9ac</size>
         <input_file_ref idref="fl-c8"/>
      </object_component>
      <object_component id="oc-107">
         <name>.text</name>
         <load_address>0x20005ed0</load_address>
         <run_address>0x20005ed0</run_address>
         <size>0x430</size>
         <input_file_ref idref="fl-8"/>
      </object_component>
      <object_component id="oc-1b4">
         <name>.text</name>
         <load_address>0x20006300</load_address>
         <run_address>0x20006300</run_address>
         <size>0x3d0</size>
         <input_file_ref idref="fl-d8"/>
      </object_component>
      <object_component id="oc-101">
         <name>.text</name>
         <load_address>0x200066d0</load_address>
         <run_address>0x200066d0</run_address>
         <size>0x284</size>
         <input_file_ref idref="fl-4"/>
      </object_component>
      <object_component id="oc-fb">
         <name>.text</name>
         <load_address>0x20006954</load_address>
         <run_address>0x20006954</run_address>
         <size>0x280</size>
         <input_file_ref idref="fl-9"/>
      </object_component>
      <object_component id="oc-2da">
         <name>.text</name>
         <load_address>0x20006bd4</load_address>
         <run_address>0x20006bd4</run_address>
         <size>0x1f4</size>
         <input_file_ref idref="fl-f2"/>
      </object_component>
      <object_component id="oc-201">
         <name>.text</name>
         <load_address>0x20006dc8</load_address>
         <run_address>0x20006dc8</run_address>
         <size>0x1b6</size>
         <input_file_ref idref="fl-cc"/>
      </object_component>
      <object_component id="oc-a0">
         <name>.text</name>
         <load_address>0x20006f7e</load_address>
         <run_address>0x20006f7e</run_address>
         <size>0x2</size>
         <input_file_ref idref="fl-ee"/>
      </object_component>
      <object_component id="oc-ef">
         <name>.text:PRCMCC3200MCUInit</name>
         <load_address>0x20006f80</load_address>
         <run_address>0x20006f80</run_address>
         <size>0x178</size>
         <input_file_ref idref="fl-f7"/>
      </object_component>
      <object_component id="oc-29c">
         <name>.text</name>
         <load_address>0x200070f8</load_address>
         <run_address>0x200070f8</run_address>
         <size>0x170</size>
         <input_file_ref idref="fl-c9"/>
      </object_component>
      <object_component id="oc-211">
         <name>.text</name>
         <load_address>0x20007268</load_address>
         <run_address>0x20007268</run_address>
         <size>0x136</size>
         <input_file_ref idref="fl-ce"/>
      </object_component>
      <object_component id="oc-206">
         <name>.text</name>
         <load_address>0x2000739e</load_address>
         <run_address>0x2000739e</run_address>
         <size>0xfc</size>
         <input_file_ref idref="fl-cf"/>
      </object_component>
      <object_component id="oc-22a">
         <name>.text</name>
         <load_address>0x2000749a</load_address>
         <run_address>0x2000749a</run_address>
         <size>0xfa</size>
         <input_file_ref idref="fl-d1"/>
      </object_component>
      <object_component id="oc-2b2">
         <name>.text</name>
         <load_address>0x20007594</load_address>
         <run_address>0x20007594</run_address>
         <size>0xd0</size>
         <input_file_ref idref="fl-dc"/>
      </object_component>
      <object_component id="oc-e9">
         <name>.text:IntEnable</name>
         <load_address>0x20007664</load_address>
         <run_address>0x20007664</run_address>
         <size>0xa8</size>
         <input_file_ref idref="fl-f5"/>
      </object_component>
      <object_component id="oc-41">
         <name>.text</name>
         <load_address>0x2000770c</load_address>
         <run_address>0x2000770c</run_address>
         <size>0x9c</size>
         <input_file_ref idref="fl-d6"/>
      </object_component>
      <object_component id="oc-184">
         <name>.text:PRCMPeripheralClockGet</name>
         <load_address>0x200077a8</load_address>
         <run_address>0x200077a8</run_address>
         <size>0x94</size>
         <input_file_ref idref="fl-f7"/>
      </object_component>
      <object_component id="oc-225">
         <name>.text</name>
         <load_address>0x2000783c</load_address>
         <run_address>0x2000783c</run_address>
         <size>0x92</size>
         <input_file_ref idref="fl-d2"/>
      </object_component>
      <object_component id="oc-249">
         <name>.text:PinConfigSet</name>
         <load_address>0x200078d0</load_address>
         <run_address>0x200078d0</run_address>
         <size>0x88</size>
         <input_file_ref idref="fl-f6"/>
      </object_component>
      <object_component id="oc-196">
         <name>.text</name>
         <load_address>0x20007958</load_address>
         <run_address>0x20007958</run_address>
         <size>0x88</size>
         <input_file_ref idref="fl-e1"/>
      </object_component>
      <object_component id="oc-2a8">
         <name>.text:__aeabi_cdcmple</name>
         <load_address>0x200079e0</load_address>
         <run_address>0x200079e0</run_address>
         <size>0x86</size>
         <input_file_ref idref="fl-cd"/>
      </object_component>
      <object_component id="oc-2ad">
         <name>.text:__aeabi_cdrcmple</name>
         <load_address>0x20007a66</load_address>
         <run_address>0x20007a66</run_address>
         <size>0x86</size>
         <input_file_ref idref="fl-cd"/>
      </object_component>
      <object_component id="oc-1f9">
         <name>.text:I2CMasterInitExpClk</name>
         <load_address>0x20007aec</load_address>
         <run_address>0x20007aec</run_address>
         <size>0x84</size>
         <input_file_ref idref="fl-f4"/>
      </object_component>
      <object_component id="oc-a8">
         <name>.text</name>
         <load_address>0x20007b70</load_address>
         <run_address>0x20007b70</run_address>
         <size>0x80</size>
         <input_file_ref idref="fl-5"/>
      </object_component>
      <object_component id="oc-220">
         <name>.text</name>
         <load_address>0x20007bf0</load_address>
         <run_address>0x20007bf0</run_address>
         <size>0x7a</size>
         <input_file_ref idref="fl-d3"/>
      </object_component>
      <object_component id="oc-4d">
         <name>.text</name>
         <load_address>0x20007c6a</load_address>
         <run_address>0x20007c6a</run_address>
         <size>0x7a</size>
         <input_file_ref idref="fl-d9"/>
      </object_component>
      <object_component id="oc-18a">
         <name>.text:UARTConfigSetExpClk</name>
         <load_address>0x20007ce4</load_address>
         <run_address>0x20007ce4</run_address>
         <size>0x76</size>
         <input_file_ref idref="fl-f8"/>
      </object_component>
      <object_component id="oc-f5">
         <name>.text</name>
         <load_address>0x20007d5c</load_address>
         <run_address>0x20007d5c</run_address>
         <size>0x74</size>
         <input_file_ref idref="fl-6"/>
      </object_component>
      <object_component id="oc-65">
         <name>.text</name>
         <load_address>0x20007dd0</load_address>
         <run_address>0x20007dd0</run_address>
         <size>0x70</size>
         <input_file_ref idref="fl-e6"/>
      </object_component>
      <object_component id="oc-21b">
         <name>.text</name>
         <load_address>0x20007e40</load_address>
         <run_address>0x20007e40</run_address>
         <size>0x6e</size>
         <input_file_ref idref="fl-d0"/>
      </object_component>
      <object_component id="oc-12">
         <name>.text:decompress:lzss</name>
         <load_address>0x20007eae</load_address>
         <run_address>0x20007eae</run_address>
         <size>0x68</size>
         <input_file_ref idref="fl-c5"/>
      </object_component>
      <object_component id="oc-2ea">
         <name>.text</name>
         <load_address>0x20007f18</load_address>
         <run_address>0x20007f18</run_address>
         <size>0x5c</size>
         <input_file_ref idref="fl-ed"/>
      </object_component>
      <object_component id="oc-15e">
         <name>.text:PRCMPeripheralReset</name>
         <load_address>0x20007f74</load_address>
         <run_address>0x20007f74</run_address>
         <size>0x58</size>
         <input_file_ref idref="fl-f7"/>
      </object_component>
      <object_component id="oc-71">
         <name>.text</name>
         <load_address>0x20007fcc</load_address>
         <run_address>0x20007fcc</run_address>
         <size>0x54</size>
         <input_file_ref idref="fl-cb"/>
      </object_component>
      <object_component id="oc-2e4">
         <name>.text</name>
         <load_address>0x20008020</load_address>
         <run_address>0x20008020</run_address>
         <size>0x54</size>
         <input_file_ref idref="fl-ea"/>
      </object_component>
      <object_component id="oc-2f6">
         <name>.text</name>
         <load_address>0x20008074</load_address>
         <run_address>0x20008074</run_address>
         <size>0x4c</size>
         <input_file_ref idref="fl-e5"/>
      </object_component>
      <object_component id="oc-9a">
         <name>.text</name>
         <load_address>0x200080c0</load_address>
         <run_address>0x200080c0</run_address>
         <size>0x4c</size>
         <input_file_ref idref="fl-e7"/>
      </object_component>
      <object_component id="oc-2df">
         <name>.text</name>
         <load_address>0x2000810c</load_address>
         <run_address>0x2000810c</run_address>
         <size>0x48</size>
         <input_file_ref idref="fl-e9"/>
      </object_component>
      <object_component id="oc-243">
         <name>.text:PinModeSet</name>
         <load_address>0x20008154</load_address>
         <run_address>0x20008154</run_address>
         <size>0x40</size>
         <input_file_ref idref="fl-f6"/>
      </object_component>
      <object_component id="oc-24">
         <name>.text</name>
         <load_address>0x20008194</load_address>
         <run_address>0x20008194</run_address>
         <size>0x40</size>
         <input_file_ref idref="fl-c4"/>
      </object_component>
      <object_component id="oc-158">
         <name>.text:PRCMPeripheralClkEnable</name>
         <load_address>0x200081d4</load_address>
         <run_address>0x200081d4</run_address>
         <size>0x3c</size>
         <input_file_ref idref="fl-f7"/>
      </object_component>
      <object_component id="oc-10d">
         <name>.text</name>
         <load_address>0x20008210</load_address>
         <run_address>0x20008210</run_address>
         <size>0x38</size>
         <input_file_ref idref="fl-d4"/>
      </object_component>
      <object_component id="oc-177">
         <name>.text:GPIODirModeSet</name>
         <load_address>0x20008248</load_address>
         <run_address>0x20008248</run_address>
         <size>0x36</size>
         <input_file_ref idref="fl-f3"/>
      </object_component>
      <object_component id="oc-171">
         <name>.text:PinTypeGPIO</name>
         <load_address>0x2000827e</load_address>
         <run_address>0x2000827e</run_address>
         <size>0x30</size>
         <input_file_ref idref="fl-f6"/>
      </object_component>
      <object_component id="oc-254">
         <name>.text:UARTDisable</name>
         <load_address>0x200082b0</load_address>
         <run_address>0x200082b0</run_address>
         <size>0x30</size>
         <input_file_ref idref="fl-f8"/>
      </object_component>
      <object_component id="oc-216">
         <name>.text</name>
         <load_address>0x200082e0</load_address>
         <run_address>0x200082e0</run_address>
         <size>0x2e</size>
         <input_file_ref idref="fl-d5"/>
      </object_component>
      <object_component id="oc-1e1">
         <name>.text:I2CMasterErr</name>
         <load_address>0x2000830e</load_address>
         <run_address>0x2000830e</run_address>
         <size>0x2c</size>
         <input_file_ref idref="fl-f4"/>
      </object_component>
      <object_component id="oc-146">
         <name>.text:PRCMSysResetCauseGet</name>
         <load_address>0x2000833c</load_address>
         <run_address>0x2000833c</run_address>
         <size>0x2c</size>
         <input_file_ref idref="fl-f7"/>
      </object_component>
      <object_component id="oc-164">
         <name>.text:PRCMPeripheralClkDisable</name>
         <load_address>0x20008368</load_address>
         <run_address>0x20008368</run_address>
         <size>0x28</size>
         <input_file_ref idref="fl-f7"/>
      </object_component>
      <object_component id="oc-25a">
         <name>.text:UARTEnable</name>
         <load_address>0x20008390</load_address>
         <run_address>0x20008390</run_address>
         <size>0x24</size>
         <input_file_ref idref="fl-f8"/>
      </object_component>
      <object_component id="oc-1ae">
         <name>.text</name>
         <load_address>0x200083b4</load_address>
         <run_address>0x200083b4</run_address>
         <size>0x24</size>
         <input_file_ref idref="fl-d7"/>
      </object_component>
      <object_component id="oc-1e7">
         <name>.text:I2CMasterSlaveAddrSet</name>
         <load_address>0x200083d8</load_address>
         <run_address>0x200083d8</run_address>
         <size>0x22</size>
         <input_file_ref idref="fl-f4"/>
      </object_component>
      <object_component id="oc-1c9">
         <name>.text:I2CMasterIntStatusEx</name>
         <load_address>0x200083fa</load_address>
         <run_address>0x200083fa</run_address>
         <size>0x1e</size>
         <input_file_ref idref="fl-f4"/>
      </object_component>
      <object_component id="oc-190">
         <name>.text:UARTCharPut</name>
         <load_address>0x20008418</load_address>
         <run_address>0x20008418</run_address>
         <size>0x1e</size>
         <input_file_ref idref="fl-f8"/>
      </object_component>
      <object_component id="oc-17d">
         <name>.text:PinTypeI2C</name>
         <load_address>0x20008436</load_address>
         <run_address>0x20008436</run_address>
         <size>0x1c</size>
         <input_file_ref idref="fl-f6"/>
      </object_component>
      <object_component id="oc-1a2">
         <name>.text:UARTCharGetNonBlocking</name>
         <load_address>0x20008452</load_address>
         <run_address>0x20008452</run_address>
         <size>0x1c</size>
         <input_file_ref idref="fl-f8"/>
      </object_component>
      <object_component id="oc-2fc">
         <name>.text</name>
         <load_address>0x2000846e</load_address>
         <run_address>0x2000846e</run_address>
         <size>0x1c</size>
         <input_file_ref idref="fl-eb"/>
      </object_component>
      <object_component id="oc-16b">
         <name>.text:PinTypeUART</name>
         <load_address>0x2000848a</load_address>
         <run_address>0x2000848a</run_address>
         <size>0x1a</size>
         <input_file_ref idref="fl-f6"/>
      </object_component>
      <object_component id="oc-19c">
         <name>.text:UARTCharsAvail</name>
         <load_address>0x200084a4</load_address>
         <run_address>0x200084a4</run_address>
         <size>0x18</size>
         <input_file_ref idref="fl-f8"/>
      </object_component>
      <object_component id="oc-6b">
         <name>.text</name>
         <load_address>0x200084bc</load_address>
         <run_address>0x200084bc</run_address>
         <size>0x18</size>
         <input_file_ref idref="fl-e4"/>
      </object_component>
      <object_component id="oc-1ed">
         <name>.text:I2CMasterDataPut</name>
         <load_address>0x200084d4</load_address>
         <run_address>0x200084d4</run_address>
         <size>0x16</size>
         <input_file_ref idref="fl-f4"/>
      </object_component>
      <object_component id="oc-291">
         <name>.text:I2CMasterEnable</name>
         <load_address>0x200084ea</load_address>
         <run_address>0x200084ea</run_address>
         <size>0x16</size>
         <input_file_ref idref="fl-f4"/>
      </object_component>
      <object_component id="oc-14c">
         <name>.text:PRCMHIBRegRead</name>
         <load_address>0x20008500</load_address>
         <run_address>0x20008500</run_address>
         <size>0x16</size>
         <input_file_ref idref="fl-f7"/>
      </object_component>
      <object_component id="oc-152">
         <name>.text:PRCMHIBRegWrite</name>
         <load_address>0x20008516</load_address>
         <run_address>0x20008516</run_address>
         <size>0x16</size>
         <input_file_ref idref="fl-f7"/>
      </object_component>
      <object_component id="oc-2f0">
         <name>.text</name>
         <load_address>0x2000852c</load_address>
         <run_address>0x2000852c</run_address>
         <size>0x16</size>
         <input_file_ref idref="fl-ef"/>
      </object_component>
      <object_component id="oc-136">
         <name>.text:CPUcpsie</name>
         <load_address>0x20008542</load_address>
         <run_address>0x20008542</run_address>
         <size>0x14</size>
         <input_file_ref idref="fl-fa"/>
      </object_component>
      <object_component id="oc-dd">
         <name>.text:IntVTableBaseSet</name>
         <load_address>0x20008558</load_address>
         <run_address>0x20008558</run_address>
         <size>0x14</size>
         <input_file_ref idref="fl-f5"/>
      </object_component>
      <object_component id="oc-11d">
         <name>.text</name>
         <load_address>0x2000856c</load_address>
         <run_address>0x2000856c</run_address>
         <size>0x14</size>
         <input_file_ref idref="fl-e2"/>
      </object_component>
      <object_component id="oc-1a8">
         <name>.text</name>
         <load_address>0x20008580</load_address>
         <run_address>0x20008580</run_address>
         <size>0x14</size>
         <input_file_ref idref="fl-df"/>
      </object_component>
      <object_component id="oc-1db">
         <name>.text:I2CMasterControl</name>
         <load_address>0x20008594</load_address>
         <run_address>0x20008594</run_address>
         <size>0x12</size>
         <input_file_ref idref="fl-f4"/>
      </object_component>
      <object_component id="oc-1cf">
         <name>.text:I2CMasterIntClearEx</name>
         <load_address>0x200085a6</load_address>
         <run_address>0x200085a6</run_address>
         <size>0x12</size>
         <input_file_ref idref="fl-f4"/>
      </object_component>
      <object_component id="oc-1d5">
         <name>.text:I2CMasterTimeoutSet</name>
         <load_address>0x200085b8</load_address>
         <run_address>0x200085b8</run_address>
         <size>0x12</size>
         <input_file_ref idref="fl-f4"/>
      </object_component>
      <object_component id="oc-1f3">
         <name>.text:I2CMasterDataGet</name>
         <load_address>0x200085ca</load_address>
         <run_address>0x200085ca</run_address>
         <size>0xe</size>
         <input_file_ref idref="fl-f4"/>
      </object_component>
      <object_component id="oc-18">
         <name>.text:decompress:none</name>
         <load_address>0x200085d8</load_address>
         <run_address>0x200085d8</run_address>
         <size>0xe</size>
         <input_file_ref idref="fl-c6"/>
      </object_component>
      <object_component id="oc-2d">
         <name>.text</name>
         <load_address>0x200085e6</load_address>
         <run_address>0x200085e6</run_address>
         <size>0xe</size>
         <input_file_ref idref="fl-7"/>
      </object_component>
      <object_component id="oc-1e">
         <name>.text:decompress:ZI</name>
         <load_address>0x200085f4</load_address>
         <run_address>0x200085f4</run_address>
         <size>0xc</size>
         <input_file_ref idref="fl-c7"/>
      </object_component>
      <object_component id="oc-e3">
         <name>.text:IntMasterEnable</name>
         <load_address>0x20008600</load_address>
         <run_address>0x20008600</run_address>
         <size>0xa</size>
         <input_file_ref idref="fl-f5"/>
      </object_component>
      <object_component id="oc-321">
         <name>.text</name>
         <load_address>0x2000860a</load_address>
         <run_address>0x2000860a</run_address>
         <size>0x8</size>
         <input_file_ref idref="fl-ec"/>
      </object_component>
      <object_component id="oc-112">
         <name>.text:UtilsDelay</name>
         <load_address>0x20008612</load_address>
         <run_address>0x20008612</run_address>
         <size>0x6</size>
         <input_file_ref idref="fl-f9"/>
      </object_component>
      <object_component id="oc-5f">
         <name>.text</name>
         <load_address>0x20008618</load_address>
         <run_address>0x20008618</run_address>
         <size>0x4</size>
         <input_file_ref idref="fl-db"/>
      </object_component>
      <object_component id="oc-33b">
         <name>.const:.string:_ctypes_</name>
         <load_address>0x20008620</load_address>
         <run_address>0x20008620</run_address>
         <size>0x101</size>
         <input_file_ref idref="fl-e8"/>
      </object_component>
      <object_component id="oc-2d3">
         <name>.const:g_ulPinToPadMap</name>
         <load_address>0x20008724</load_address>
         <run_address>0x20008724</run_address>
         <size>0x100</size>
         <input_file_ref idref="fl-f6"/>
      </object_component>
      <object_component id="oc-23c">
         <name>.const:PRCM_PeriphRegsList</name>
         <load_address>0x20008824</load_address>
         <run_address>0x20008824</run_address>
         <size>0xa8</size>
         <input_file_ref idref="fl-f7"/>
      </object_component>
      <object_component id="oc-2a5">
         <name>.const:$O1$$</name>
         <load_address>0x200088d0</load_address>
         <run_address>0x200088d0</run_address>
         <size>0x30</size>
         <input_file_ref idref="fl-c8"/>
      </object_component>
      <object_component id="oc-142">
         <name>.const:g_pulEnRegs</name>
         <load_address>0x20008900</load_address>
         <run_address>0x20008900</run_address>
         <size>0x18</size>
         <input_file_ref idref="fl-f5"/>
      </object_component>
      <object_component id="oc-380">
         <name>.cinit..data.load</name>
         <load_address>0x20008918</load_address>
         <run_address>0x20008918</run_address>
         <size>0x1c</size>
      </object_component>
      <object_component id="oc-37e">
         <name>__TI_handler_table</name>
         <load_address>0x20008934</load_address>
         <run_address>0x20008934</run_address>
         <size>0xc</size>
      </object_component>
      <object_component id="oc-381">
         <name>.cinit..bss.load</name>
         <load_address>0x20008940</load_address>
         <run_address>0x20008940</run_address>
         <size>0x8</size>
      </object_component>
      <object_component id="oc-37f">
         <name>__TI_cinit_table</name>
         <load_address>0x20008948</load_address>
         <run_address>0x20008948</run_address>
         <size>0x10</size>
      </object_component>
      <object_component id="oc-2a2">
         <name>.data</name>
         <load_address>0x2001f020</load_address>
         <run_address>0x2001f020</run_address>
         <size>0x4</size>
         <input_file_ref idref="fl-ca"/>
      </object_component>
      <object_component id="oc-b0">
         <name>.data:$O1$$</name>
         <load_address>0x2001f000</load_address>
         <run_address>0x2001f000</run_address>
         <size>0xc</size>
         <input_file_ref idref="fl-cb"/>
      </object_component>
      <object_component id="oc-27a">
         <name>.data:$O1$$</name>
         <load_address>0x2001f00c</load_address>
         <run_address>0x2001f00c</run_address>
         <size>0xc</size>
         <input_file_ref idref="fl-d8"/>
      </object_component>
      <object_component id="oc-77">
         <name>.data</name>
         <load_address>0x2001f024</load_address>
         <run_address>0x2001f024</run_address>
         <size>0x4</size>
         <input_file_ref idref="fl-dd"/>
      </object_component>
      <object_component id="oc-b3">
         <name>.data:$O1$$</name>
         <load_address>0x2001f018</load_address>
         <run_address>0x2001f018</run_address>
         <size>0x8</size>
         <input_file_ref idref="fl-e2"/>
      </object_component>
      <object_component id="oc-1ba">
         <name>.bss</name>
         <uninitialized>true</uninitialized>
         <run_address>0x2001f028</run_address>
         <size>0x4</size>
         <input_file_ref idref="fl-9"/>
      </object_component>
      <object_component id="oc-2a">
         <name>.sysmem</name>
         <uninitialized>true</uninitialized>
         <run_address>0x20017000</run_address>
         <size>0x8</size>
         <input_file_ref idref="fl-d8"/>
      </object_component>
      <object_component id="oc-383">
         <name>.sysmem</name>
         <uninitialized>true</uninitialized>
         <run_address>0x20017000</run_address>
         <size>0x0</size>
      </object_component>
      <object_component id="oc-29">
         <name>.stack</name>
         <uninitialized>true</uninitialized>
         <run_address>0x2002f000</run_address>
         <size>0x0</size>
         <input_file_ref idref="fl-c4"/>
      </object_component>
      <object_component id="oc-382">
         <name>.stack</name>
         <uninitialized>true</uninitialized>
         <run_address>0x2002f000</run_address>
         <size>0x0</size>
      </object_component>
      <object_component id="oc-2ce">
         <name>.debug_info</name>
         <load_address>0x0</load_address>
         <run_address>0x0</run_address>
         <size>0x62</size>
         <input_file_ref idref="fl-2"/>
      </object_component>
      <object_component id="oc-c9">
         <name>.debug_info</name>
         <load_address>0x62</load_address>
         <run_address>0x62</run_address>
         <size>0x8b</size>
         <input_file_ref idref="fl-2"/>
      </object_component>
      <object_component id="oc-285">
         <name>.debug_info</name>
         <load_address>0xed</load_address>
         <run_address>0xed</run_address>
         <size>0x18b</size>
         <input_file_ref idref="fl-2"/>
      </object_component>
      <object_component id="oc-13d">
         <name>.debug_info</name>
         <load_address>0x278</load_address>
         <run_address>0x278</run_address>
         <size>0x2c</size>
         <input_file_ref idref="fl-2"/>
      </object_component>
      <object_component id="oc-91">
         <name>.debug_info</name>
         <load_address>0x2a4</load_address>
         <run_address>0x2a4</run_address>
         <size>0x2c</size>
         <input_file_ref idref="fl-2"/>
      </object_component>
      <object_component id="oc-282">
         <name>.debug_info</name>
         <load_address>0x2d0</load_address>
         <run_address>0x2d0</run_address>
         <size>0x328</size>
         <input_file_ref idref="fl-3"/>
      </object_component>
      <object_component id="oc-3c">
         <name>.debug_info</name>
         <load_address>0x5f8</load_address>
         <run_address>0x5f8</run_address>
         <size>0x84</size>
         <input_file_ref idref="fl-3"/>
      </object_component>
      <object_component id="oc-1bf">
         <name>.debug_info</name>
         <load_address>0x67c</load_address>
         <run_address>0x67c</run_address>
         <size>0x4e</size>
         <input_file_ref idref="fl-3"/>
      </object_component>
      <object_component id="oc-200">
         <name>.debug_info</name>
         <load_address>0x6ca</load_address>
         <run_address>0x6ca</run_address>
         <size>0x418</size>
         <input_file_ref idref="fl-4"/>
      </object_component>
      <object_component id="oc-102">
         <name>.debug_info</name>
         <load_address>0xae2</load_address>
         <run_address>0xae2</run_address>
         <size>0xc4e</size>
         <input_file_ref idref="fl-4"/>
      </object_component>
      <object_component id="oc-1c4">
         <name>.debug_info</name>
         <load_address>0x1730</load_address>
         <run_address>0x1730</run_address>
         <size>0x110</size>
         <input_file_ref idref="fl-4"/>
      </object_component>
      <object_component id="oc-a9">
         <name>.debug_info</name>
         <load_address>0x1840</load_address>
         <run_address>0x1840</run_address>
         <size>0x289</size>
         <input_file_ref idref="fl-5"/>
      </object_component>
      <object_component id="oc-f6">
         <name>.debug_info</name>
         <load_address>0x1ac9</load_address>
         <run_address>0x1ac9</run_address>
         <size>0x226</size>
         <input_file_ref idref="fl-6"/>
      </object_component>
      <object_component id="oc-35">
         <name>.debug_info</name>
         <load_address>0x1cef</load_address>
         <run_address>0x1cef</run_address>
         <size>0x143</size>
         <input_file_ref idref="fl-7"/>
      </object_component>
      <object_component id="oc-10">
         <name>.debug_info</name>
         <load_address>0x1e32</load_address>
         <run_address>0x1e32</run_address>
         <size>0x12e</size>
         <input_file_ref idref="fl-7"/>
      </object_component>
      <object_component id="oc-2e">
         <name>.debug_info</name>
         <load_address>0x1f60</load_address>
         <run_address>0x1f60</run_address>
         <size>0x4ef</size>
         <input_file_ref idref="fl-7"/>
      </object_component>
      <object_component id="oc-230">
         <name>.debug_info</name>
         <load_address>0x244f</load_address>
         <run_address>0x244f</run_address>
         <size>0x1d8</size>
         <input_file_ref idref="fl-8"/>
      </object_component>
      <object_component id="oc-108">
         <name>.debug_info</name>
         <load_address>0x2627</load_address>
         <run_address>0x2627</run_address>
         <size>0x919</size>
         <input_file_ref idref="fl-8"/>
      </object_component>
      <object_component id="oc-1be">
         <name>.debug_info</name>
         <load_address>0x2f40</load_address>
         <run_address>0x2f40</run_address>
         <size>0x3a5</size>
         <input_file_ref idref="fl-9"/>
      </object_component>
      <object_component id="oc-1bb">
         <name>.debug_info</name>
         <load_address>0x32e5</load_address>
         <run_address>0x32e5</run_address>
         <size>0x125</size>
         <input_file_ref idref="fl-9"/>
      </object_component>
      <object_component id="oc-ff">
         <name>.debug_info</name>
         <load_address>0x340a</load_address>
         <run_address>0x340a</run_address>
         <size>0x9e1</size>
         <input_file_ref idref="fl-9"/>
      </object_component>
      <object_component id="oc-26">
         <name>.debug_info</name>
         <load_address>0x3deb</load_address>
         <run_address>0x3deb</run_address>
         <size>0x160</size>
         <input_file_ref idref="fl-c4"/>
      </object_component>
      <object_component id="oc-87">
         <name>.debug_info</name>
         <load_address>0x3f4b</load_address>
         <run_address>0x3f4b</run_address>
         <size>0xf9</size>
         <input_file_ref idref="fl-c5"/>
      </object_component>
      <object_component id="oc-13">
         <name>.debug_info</name>
         <load_address>0x4044</load_address>
         <run_address>0x4044</run_address>
         <size>0x245</size>
         <input_file_ref idref="fl-c5"/>
      </object_component>
      <object_component id="oc-37">
         <name>.debug_info</name>
         <load_address>0x4289</load_address>
         <run_address>0x4289</run_address>
         <size>0x60</size>
         <input_file_ref idref="fl-c5"/>
      </object_component>
      <object_component id="oc-82">
         <name>.debug_info</name>
         <load_address>0x42e9</load_address>
         <run_address>0x42e9</run_address>
         <size>0x46</size>
         <input_file_ref idref="fl-c5"/>
      </object_component>
      <object_component id="oc-4c">
         <name>.debug_info</name>
         <load_address>0x432f</load_address>
         <run_address>0x432f</run_address>
         <size>0x140</size>
         <input_file_ref idref="fl-c6"/>
      </object_component>
      <object_component id="oc-1a">
         <name>.debug_info</name>
         <load_address>0x446f</load_address>
         <run_address>0x446f</run_address>
         <size>0x1df</size>
         <input_file_ref idref="fl-c6"/>
      </object_component>
      <object_component id="oc-47">
         <name>.debug_info</name>
         <load_address>0x464e</load_address>
         <run_address>0x464e</run_address>
         <size>0x46</size>
         <input_file_ref idref="fl-c6"/>
      </object_component>
      <object_component id="oc-89">
         <name>.debug_info</name>
         <load_address>0x4694</load_address>
         <run_address>0x4694</run_address>
         <size>0x2c</size>
         <input_file_ref idref="fl-c6"/>
      </object_component>
      <object_component id="oc-58">
         <name>.debug_info</name>
         <load_address>0x46c0</load_address>
         <run_address>0x46c0</run_address>
         <size>0x12f</size>
         <input_file_ref idref="fl-c7"/>
      </object_component>
      <object_component id="oc-22">
         <name>.debug_info</name>
         <load_address>0x47ef</load_address>
         <run_address>0x47ef</run_address>
         <size>0x1aa</size>
         <input_file_ref idref="fl-c7"/>
      </object_component>
      <object_component id="oc-53">
         <name>.debug_info</name>
         <load_address>0x4999</load_address>
         <run_address>0x4999</run_address>
         <size>0x46</size>
         <input_file_ref idref="fl-c7"/>
      </object_component>
      <object_component id="oc-2be">
         <name>.debug_info</name>
         <load_address>0x49df</load_address>
         <run_address>0x49df</run_address>
         <size>0x201</size>
         <input_file_ref idref="fl-c8"/>
      </object_component>
      <object_component id="oc-2a6">
         <name>.debug_info</name>
         <load_address>0x4be0</load_address>
         <run_address>0x4be0</run_address>
         <size>0x11d</size>
         <input_file_ref idref="fl-c8"/>
      </object_component>
      <object_component id="oc-20c">
         <name>.debug_info</name>
         <load_address>0x4cfd</load_address>
         <run_address>0x4cfd</run_address>
         <size>0xb81</size>
         <input_file_ref idref="fl-c8"/>
      </object_component>
      <object_component id="oc-2b9">
         <name>.debug_info</name>
         <load_address>0x587e</load_address>
         <run_address>0x587e</run_address>
         <size>0x39</size>
         <input_file_ref idref="fl-c8"/>
      </object_component>
      <object_component id="oc-31a">
         <name>.debug_info</name>
         <load_address>0x58b7</load_address>
         <run_address>0x58b7</run_address>
         <size>0x149</size>
         <input_file_ref idref="fl-c9"/>
      </object_component>
      <object_component id="oc-29d">
         <name>.debug_info</name>
         <load_address>0x5a00</load_address>
         <run_address>0x5a00</run_address>
         <size>0x24b</size>
         <input_file_ref idref="fl-c9"/>
      </object_component>
      <object_component id="oc-2a3">
         <name>.debug_info</name>
         <load_address>0x5c4b</load_address>
         <run_address>0x5c4b</run_address>
         <size>0xf3</size>
         <input_file_ref idref="fl-ca"/>
      </object_component>
      <object_component id="oc-b7">
         <name>.debug_info</name>
         <load_address>0x5d3e</load_address>
         <run_address>0x5d3e</run_address>
         <size>0x234</size>
         <input_file_ref idref="fl-cb"/>
      </object_component>
      <object_component id="oc-b1">
         <name>.debug_info</name>
         <load_address>0x5f72</load_address>
         <run_address>0x5f72</run_address>
         <size>0x185</size>
         <input_file_ref idref="fl-cb"/>
      </object_component>
      <object_component id="oc-73">
         <name>.debug_info</name>
         <load_address>0x60f7</load_address>
         <run_address>0x60f7</run_address>
         <size>0x214</size>
         <input_file_ref idref="fl-cb"/>
      </object_component>
      <object_component id="oc-204">
         <name>.debug_info</name>
         <load_address>0x630b</load_address>
         <run_address>0x630b</run_address>
         <size>0x144</size>
         <input_file_ref idref="fl-cc"/>
      </object_component>
      <object_component id="oc-2aa">
         <name>.debug_info</name>
         <load_address>0x644f</load_address>
         <run_address>0x644f</run_address>
         <size>0x120</size>
         <input_file_ref idref="fl-cd"/>
      </object_component>
      <object_component id="oc-2af">
         <name>.debug_info</name>
         <load_address>0x656f</load_address>
         <run_address>0x656f</run_address>
         <size>0x122</size>
         <input_file_ref idref="fl-cd"/>
      </object_component>
      <object_component id="oc-212">
         <name>.debug_info</name>
         <load_address>0x6691</load_address>
         <run_address>0x6691</run_address>
         <size>0x132</size>
         <input_file_ref idref="fl-ce"/>
      </object_component>
      <object_component id="oc-207">
         <name>.debug_info</name>
         <load_address>0x67c3</load_address>
         <run_address>0x67c3</run_address>
         <size>0x132</size>
         <input_file_ref idref="fl-cf"/>
      </object_component>
      <object_component id="oc-21e">
         <name>.debug_info</name>
         <load_address>0x68f5</load_address>
         <run_address>0x68f5</run_address>
         <size>0x136</size>
         <input_file_ref idref="fl-d0"/>
      </object_component>
      <object_component id="oc-22c">
         <name>.debug_info</name>
         <load_address>0x6a2b</load_address>
         <run_address>0x6a2b</run_address>
         <size>0x138</size>
         <input_file_ref idref="fl-d1"/>
      </object_component>
      <object_component id="oc-226">
         <name>.debug_info</name>
         <load_address>0x6b63</load_address>
         <run_address>0x6b63</run_address>
         <size>0x132</size>
         <input_file_ref idref="fl-d2"/>
      </object_component>
      <object_component id="oc-222">
         <name>.debug_info</name>
         <load_address>0x6c95</load_address>
         <run_address>0x6c95</run_address>
         <size>0x132</size>
         <input_file_ref idref="fl-d3"/>
      </object_component>
      <object_component id="oc-10e">
         <name>.debug_info</name>
         <load_address>0x6dc7</load_address>
         <run_address>0x6dc7</run_address>
         <size>0x124</size>
         <input_file_ref idref="fl-d4"/>
      </object_component>
      <object_component id="oc-217">
         <name>.debug_info</name>
         <load_address>0x6eeb</load_address>
         <run_address>0x6eeb</run_address>
         <size>0x124</size>
         <input_file_ref idref="fl-d5"/>
      </object_component>
      <object_component id="oc-42">
         <name>.debug_info</name>
         <load_address>0x700f</load_address>
         <run_address>0x700f</run_address>
         <size>0x111</size>
         <input_file_ref idref="fl-d6"/>
      </object_component>
      <object_component id="oc-279">
         <name>.debug_info</name>
         <load_address>0x7120</load_address>
         <run_address>0x7120</run_address>
         <size>0x12c</size>
         <input_file_ref idref="fl-d7"/>
      </object_component>
      <object_component id="oc-1b0">
         <name>.debug_info</name>
         <load_address>0x724c</load_address>
         <run_address>0x724c</run_address>
         <size>0x1ab</size>
         <input_file_ref idref="fl-d7"/>
      </object_component>
      <object_component id="oc-7d">
         <name>.debug_info</name>
         <load_address>0x73f7</load_address>
         <run_address>0x73f7</run_address>
         <size>0x222</size>
         <input_file_ref idref="fl-d8"/>
      </object_component>
      <object_component id="oc-2b">
         <name>.debug_info</name>
         <load_address>0x7619</load_address>
         <run_address>0x7619</run_address>
         <size>0x101</size>
         <input_file_ref idref="fl-d8"/>
      </object_component>
      <object_component id="oc-27b">
         <name>.debug_info</name>
         <load_address>0x771a</load_address>
         <run_address>0x771a</run_address>
         <size>0x14c</size>
         <input_file_ref idref="fl-d8"/>
      </object_component>
      <object_component id="oc-1b5">
         <name>.debug_info</name>
         <load_address>0x7866</load_address>
         <run_address>0x7866</run_address>
         <size>0x885</size>
         <input_file_ref idref="fl-d8"/>
      </object_component>
      <object_component id="oc-bd">
         <name>.debug_info</name>
         <load_address>0x80eb</load_address>
         <run_address>0x80eb</run_address>
         <size>0x2c</size>
         <input_file_ref idref="fl-d8"/>
      </object_component>
      <object_component id="oc-c2">
         <name>.debug_info</name>
         <load_address>0x8117</load_address>
         <run_address>0x8117</run_address>
         <size>0x62</size>
         <input_file_ref idref="fl-d8"/>
      </object_component>
      <object_component id="oc-50">
         <name>.debug_info</name>
         <load_address>0x8179</load_address>
         <run_address>0x8179</run_address>
         <size>0x13f</size>
         <input_file_ref idref="fl-d9"/>
      </object_component>
      <object_component id="oc-5d">
         <name>.debug_info</name>
         <load_address>0x82b8</load_address>
         <run_address>0x82b8</run_address>
         <size>0x138</size>
         <input_file_ref idref="fl-da"/>
      </object_component>
      <object_component id="oc-60">
         <name>.debug_info</name>
         <load_address>0x83f0</load_address>
         <run_address>0x83f0</run_address>
         <size>0x148</size>
         <input_file_ref idref="fl-db"/>
      </object_component>
      <object_component id="oc-328">
         <name>.debug_info</name>
         <load_address>0x8538</load_address>
         <run_address>0x8538</run_address>
         <size>0x17c</size>
         <input_file_ref idref="fl-dc"/>
      </object_component>
      <object_component id="oc-2b4">
         <name>.debug_info</name>
         <load_address>0x86b4</load_address>
         <run_address>0x86b4</run_address>
         <size>0x1e6</size>
         <input_file_ref idref="fl-dc"/>
      </object_component>
      <object_component id="oc-329">
         <name>.debug_info</name>
         <load_address>0x889a</load_address>
         <run_address>0x889a</run_address>
         <size>0x2c</size>
         <input_file_ref idref="fl-dc"/>
      </object_component>
      <object_component id="oc-78">
         <name>.debug_info</name>
         <load_address>0x88c6</load_address>
         <run_address>0x88c6</run_address>
         <size>0x109</size>
         <input_file_ref idref="fl-dd"/>
      </object_component>
      <object_component id="oc-277">
         <name>.debug_info</name>
         <load_address>0x89cf</load_address>
         <run_address>0x89cf</run_address>
         <size>0xea</size>
         <input_file_ref idref="fl-df"/>
      </object_component>
      <object_component id="oc-1ac">
         <name>.debug_info</name>
         <load_address>0x8ab9</load_address>
         <run_address>0x8ab9</run_address>
         <size>0x22a</size>
         <input_file_ref idref="fl-df"/>
      </object_component>
      <object_component id="oc-269">
         <name>.debug_info</name>
         <load_address>0x8ce3</load_address>
         <run_address>0x8ce3</run_address>
         <size>0x1c8</size>
         <input_file_ref idref="fl-e1"/>
      </object_component>
      <object_component id="oc-19a">
         <name>.debug_info</name>
         <load_address>0x8eab</load_address>
         <run_address>0x8eab</run_address>
         <size>0x35c</size>
         <input_file_ref idref="fl-e1"/>
      </object_component>
      <object_component id="oc-26a">
         <name>.debug_info</name>
         <load_address>0x9207</load_address>
         <run_address>0x9207</run_address>
         <size>0x2c</size>
         <input_file_ref idref="fl-e1"/>
      </object_component>
      <object_component id="oc-26f">
         <name>.debug_info</name>
         <load_address>0x9233</load_address>
         <run_address>0x9233</run_address>
         <size>0x69</size>
         <input_file_ref idref="fl-e1"/>
      </object_component>
      <object_component id="oc-125">
         <name>.debug_info</name>
         <load_address>0x929c</load_address>
         <run_address>0x929c</run_address>
         <size>0x124</size>
         <input_file_ref idref="fl-e2"/>
      </object_component>
      <object_component id="oc-b4">
         <name>.debug_info</name>
         <load_address>0x93c0</load_address>
         <run_address>0x93c0</run_address>
         <size>0x113</size>
         <input_file_ref idref="fl-e2"/>
      </object_component>
      <object_component id="oc-11e">
         <name>.debug_info</name>
         <load_address>0x94d3</load_address>
         <run_address>0x94d3</run_address>
         <size>0x21f</size>
         <input_file_ref idref="fl-e2"/>
      </object_component>
      <object_component id="oc-303">
         <name>.debug_info</name>
         <load_address>0x96f2</load_address>
         <run_address>0x96f2</run_address>
         <size>0x385</size>
         <input_file_ref idref="fl-e3"/>
      </object_component>
      <object_component id="oc-263">
         <name>.debug_info</name>
         <load_address>0x9a77</load_address>
         <run_address>0x9a77</run_address>
         <size>0x1554</size>
         <input_file_ref idref="fl-e3"/>
      </object_component>
      <object_component id="oc-304">
         <name>.debug_info</name>
         <load_address>0xafcb</load_address>
         <run_address>0xafcb</run_address>
         <size>0x86</size>
         <input_file_ref idref="fl-e3"/>
      </object_component>
      <object_component id="oc-344">
         <name>.debug_info</name>
         <load_address>0xb051</load_address>
         <run_address>0xb051</run_address>
         <size>0x46</size>
         <input_file_ref idref="fl-e3"/>
      </object_component>
      <object_component id="oc-309">
         <name>.debug_info</name>
         <load_address>0xb097</load_address>
         <run_address>0xb097</run_address>
         <size>0x39</size>
         <input_file_ref idref="fl-e3"/>
      </object_component>
      <object_component id="oc-af">
         <name>.debug_info</name>
         <load_address>0xb0d0</load_address>
         <run_address>0xb0d0</run_address>
         <size>0x166</size>
         <input_file_ref idref="fl-e4"/>
      </object_component>
      <object_component id="oc-6d">
         <name>.debug_info</name>
         <load_address>0xb236</load_address>
         <run_address>0xb236</run_address>
         <size>0x167</size>
         <input_file_ref idref="fl-e4"/>
      </object_component>
      <object_component id="oc-116">
         <name>.debug_info</name>
         <load_address>0xb39d</load_address>
         <run_address>0xb39d</run_address>
         <size>0x5e</size>
         <input_file_ref idref="fl-e4"/>
      </object_component>
      <object_component id="oc-33f">
         <name>.debug_info</name>
         <load_address>0xb3fb</load_address>
         <run_address>0xb3fb</run_address>
         <size>0x114</size>
         <input_file_ref idref="fl-e5"/>
      </object_component>
      <object_component id="oc-2f9">
         <name>.debug_info</name>
         <load_address>0xb50f</load_address>
         <run_address>0xb50f</run_address>
         <size>0x171</size>
         <input_file_ref idref="fl-e5"/>
      </object_component>
      <object_component id="oc-a7">
         <name>.debug_info</name>
         <load_address>0xb680</load_address>
         <run_address>0xb680</run_address>
         <size>0x2e9</size>
         <input_file_ref idref="fl-e6"/>
      </object_component>
      <object_component id="oc-66">
         <name>.debug_info</name>
         <load_address>0xb969</load_address>
         <run_address>0xb969</run_address>
         <size>0x190</size>
         <input_file_ref idref="fl-e6"/>
      </object_component>
      <object_component id="oc-d3">
         <name>.debug_info</name>
         <load_address>0xbaf9</load_address>
         <run_address>0xbaf9</run_address>
         <size>0x39</size>
         <input_file_ref idref="fl-e6"/>
      </object_component>
      <object_component id="oc-130">
         <name>.debug_info</name>
         <load_address>0xbb32</load_address>
         <run_address>0xbb32</run_address>
         <size>0x39</size>
         <input_file_ref idref="fl-e6"/>
      </object_component>
      <object_component id="oc-d8">
         <name>.debug_info</name>
         <load_address>0xbb6b</load_address>
         <run_address>0xbb6b</run_address>
         <size>0xcd</size>
         <input_file_ref idref="fl-e6"/>
      </object_component>
      <object_component id="oc-cf">
         <name>.debug_info</name>
         <load_address>0xbc38</load_address>
         <run_address>0xbc38</run_address>
         <size>0x1e0</size>
         <input_file_ref idref="fl-e7"/>
      </object_component>
      <object_component id="oc-9b">
         <name>.debug_info</name>
         <load_address>0xbe18</load_address>
         <run_address>0xbe18</run_address>
         <size>0x183</size>
         <input_file_ref idref="fl-e7"/>
      </object_component>
      <object_component id="oc-12b">
         <name>.debug_info</name>
         <load_address>0xbf9b</load_address>
         <run_address>0xbf9b</run_address>
         <size>0x2c</size>
         <input_file_ref idref="fl-e7"/>
      </object_component>
      <object_component id="oc-358">
         <name>.debug_info</name>
         <load_address>0xbfc7</load_address>
         <run_address>0xbfc7</run_address>
         <size>0xee</size>
         <input_file_ref idref="fl-e8"/>
      </object_component>
      <object_component id="oc-33c">
         <name>.debug_info</name>
         <load_address>0xc0b5</load_address>
         <run_address>0xc0b5</run_address>
         <size>0xfa</size>
         <input_file_ref idref="fl-e8"/>
      </object_component>
      <object_component id="oc-2e0">
         <name>.debug_info</name>
         <load_address>0xc1af</load_address>
         <run_address>0xc1af</run_address>
         <size>0x126</size>
         <input_file_ref idref="fl-e9"/>
      </object_component>
      <object_component id="oc-336">
         <name>.debug_info</name>
         <load_address>0xc2d5</load_address>
         <run_address>0xc2d5</run_address>
         <size>0x14c</size>
         <input_file_ref idref="fl-ea"/>
      </object_component>
      <object_component id="oc-2e5">
         <name>.debug_info</name>
         <load_address>0xc421</load_address>
         <run_address>0xc421</run_address>
         <size>0x1c2</size>
         <input_file_ref idref="fl-ea"/>
      </object_component>
      <object_component id="oc-341">
         <name>.debug_info</name>
         <load_address>0xc5e3</load_address>
         <run_address>0xc5e3</run_address>
         <size>0xf1</size>
         <input_file_ref idref="fl-eb"/>
      </object_component>
      <object_component id="oc-2ff">
         <name>.debug_info</name>
         <load_address>0xc6d4</load_address>
         <run_address>0xc6d4</run_address>
         <size>0x1ab</size>
         <input_file_ref idref="fl-eb"/>
      </object_component>
      <object_component id="oc-324">
         <name>.debug_info</name>
         <load_address>0xc87f</load_address>
         <run_address>0xc87f</run_address>
         <size>0x154</size>
         <input_file_ref idref="fl-ec"/>
      </object_component>
      <object_component id="oc-338">
         <name>.debug_info</name>
         <load_address>0xc9d3</load_address>
         <run_address>0xc9d3</run_address>
         <size>0x13f</size>
         <input_file_ref idref="fl-ed"/>
      </object_component>
      <object_component id="oc-2ed">
         <name>.debug_info</name>
         <load_address>0xcb12</load_address>
         <run_address>0xcb12</run_address>
         <size>0x189</size>
         <input_file_ref idref="fl-ed"/>
      </object_component>
      <object_component id="oc-a2">
         <name>.debug_info</name>
         <load_address>0xcc9b</load_address>
         <run_address>0xcc9b</run_address>
         <size>0x145</size>
         <input_file_ref idref="fl-ee"/>
      </object_component>
      <object_component id="oc-33a">
         <name>.debug_info</name>
         <load_address>0xcde0</load_address>
         <run_address>0xcde0</run_address>
         <size>0xf5</size>
         <input_file_ref idref="fl-ef"/>
      </object_component>
      <object_component id="oc-2f4">
         <name>.debug_info</name>
         <load_address>0xced5</load_address>
         <run_address>0xced5</run_address>
         <size>0x244</size>
         <input_file_ref idref="fl-ef"/>
      </object_component>
      <object_component id="oc-2db">
         <name>.debug_info</name>
         <load_address>0xd119</load_address>
         <run_address>0xd119</run_address>
         <size>0x17d</size>
         <input_file_ref idref="fl-f2"/>
      </object_component>
      <object_component id="oc-178">
         <name>.debug_info</name>
         <load_address>0xd296</load_address>
         <run_address>0xd296</run_address>
         <size>0x247</size>
         <input_file_ref idref="fl-f3"/>
      </object_component>
      <object_component id="oc-1fa">
         <name>.debug_info</name>
         <load_address>0xd4dd</load_address>
         <run_address>0xd4dd</run_address>
         <size>0x2ac</size>
         <input_file_ref idref="fl-f4"/>
      </object_component>
      <object_component id="oc-293">
         <name>.debug_info</name>
         <load_address>0xd789</load_address>
         <run_address>0xd789</run_address>
         <size>0x1f7</size>
         <input_file_ref idref="fl-f4"/>
      </object_component>
      <object_component id="oc-1ca">
         <name>.debug_info</name>
         <load_address>0xd980</load_address>
         <run_address>0xd980</run_address>
         <size>0x234</size>
         <input_file_ref idref="fl-f4"/>
      </object_component>
      <object_component id="oc-1d0">
         <name>.debug_info</name>
         <load_address>0xdbb4</load_address>
         <run_address>0xdbb4</run_address>
         <size>0x242</size>
         <input_file_ref idref="fl-f4"/>
      </object_component>
      <object_component id="oc-1e8">
         <name>.debug_info</name>
         <load_address>0xddf6</load_address>
         <run_address>0xddf6</run_address>
         <size>0x279</size>
         <input_file_ref idref="fl-f4"/>
      </object_component>
      <object_component id="oc-1dc">
         <name>.debug_info</name>
         <load_address>0xe06f</load_address>
         <run_address>0xe06f</run_address>
         <size>0x228</size>
         <input_file_ref idref="fl-f4"/>
      </object_component>
      <object_component id="oc-1e2">
         <name>.debug_info</name>
         <load_address>0xe297</load_address>
         <run_address>0xe297</run_address>
         <size>0x20d</size>
         <input_file_ref idref="fl-f4"/>
      </object_component>
      <object_component id="oc-1ee">
         <name>.debug_info</name>
         <load_address>0xe4a4</load_address>
         <run_address>0xe4a4</run_address>
         <size>0x228</size>
         <input_file_ref idref="fl-f4"/>
      </object_component>
      <object_component id="oc-1f4">
         <name>.debug_info</name>
         <load_address>0xe6cc</load_address>
         <run_address>0xe6cc</run_address>
         <size>0x1fd</size>
         <input_file_ref idref="fl-f4"/>
      </object_component>
      <object_component id="oc-1d6">
         <name>.debug_info</name>
         <load_address>0xe8c9</load_address>
         <run_address>0xe8c9</run_address>
         <size>0x236</size>
         <input_file_ref idref="fl-f4"/>
      </object_component>
      <object_component id="oc-238">
         <name>.debug_info</name>
         <load_address>0xeaff</load_address>
         <run_address>0xeaff</run_address>
         <size>0x1c7</size>
         <input_file_ref idref="fl-f5"/>
      </object_component>
      <object_component id="oc-143">
         <name>.debug_info</name>
         <load_address>0xecc6</load_address>
         <run_address>0xecc6</run_address>
         <size>0x126</size>
         <input_file_ref idref="fl-f5"/>
      </object_component>
      <object_component id="oc-e4">
         <name>.debug_info</name>
         <load_address>0xedec</load_address>
         <run_address>0xedec</run_address>
         <size>0x1e6</size>
         <input_file_ref idref="fl-f5"/>
      </object_component>
      <object_component id="oc-de">
         <name>.debug_info</name>
         <load_address>0xefd2</load_address>
         <run_address>0xefd2</run_address>
         <size>0x218</size>
         <input_file_ref idref="fl-f5"/>
      </object_component>
      <object_component id="oc-ea">
         <name>.debug_info</name>
         <load_address>0xf1ea</load_address>
         <run_address>0xf1ea</run_address>
         <size>0x209</size>
         <input_file_ref idref="fl-f5"/>
      </object_component>
      <object_component id="oc-332">
         <name>.debug_info</name>
         <load_address>0xf3f3</load_address>
         <run_address>0xf3f3</run_address>
         <size>0x114</size>
         <input_file_ref idref="fl-f6"/>
      </object_component>
      <object_component id="oc-2d4">
         <name>.debug_info</name>
         <load_address>0xf507</load_address>
         <run_address>0xf507</run_address>
         <size>0x128</size>
         <input_file_ref idref="fl-f6"/>
      </object_component>
      <object_component id="oc-247">
         <name>.debug_info</name>
         <load_address>0xf62f</load_address>
         <run_address>0xf62f</run_address>
         <size>0x229</size>
         <input_file_ref idref="fl-f6"/>
      </object_component>
      <object_component id="oc-24d">
         <name>.debug_info</name>
         <load_address>0xf858</load_address>
         <run_address>0xf858</run_address>
         <size>0x277</size>
         <input_file_ref idref="fl-f6"/>
      </object_component>
      <object_component id="oc-16f">
         <name>.debug_info</name>
         <load_address>0xfacf</load_address>
         <run_address>0xfacf</run_address>
         <size>0x23e</size>
         <input_file_ref idref="fl-f6"/>
      </object_component>
      <object_component id="oc-181">
         <name>.debug_info</name>
         <load_address>0xfd0d</load_address>
         <run_address>0xfd0d</run_address>
         <size>0x23c</size>
         <input_file_ref idref="fl-f6"/>
      </object_component>
      <object_component id="oc-172">
         <name>.debug_info</name>
         <load_address>0xff49</load_address>
         <run_address>0xff49</run_address>
         <size>0x28c</size>
         <input_file_ref idref="fl-f6"/>
      </object_component>
      <object_component id="oc-241">
         <name>.debug_info</name>
         <load_address>0x101d5</load_address>
         <run_address>0x101d5</run_address>
         <size>0x224</size>
         <input_file_ref idref="fl-f7"/>
      </object_component>
      <object_component id="oc-23d">
         <name>.debug_info</name>
         <load_address>0x103f9</load_address>
         <run_address>0x103f9</run_address>
         <size>0x131</size>
         <input_file_ref idref="fl-f7"/>
      </object_component>
      <object_component id="oc-147">
         <name>.debug_info</name>
         <load_address>0x1052a</load_address>
         <run_address>0x1052a</run_address>
         <size>0x210</size>
         <input_file_ref idref="fl-f7"/>
      </object_component>
      <object_component id="oc-159">
         <name>.debug_info</name>
         <load_address>0x1073a</load_address>
         <run_address>0x1073a</run_address>
         <size>0x255</size>
         <input_file_ref idref="fl-f7"/>
      </object_component>
      <object_component id="oc-165">
         <name>.debug_info</name>
         <load_address>0x1098f</load_address>
         <run_address>0x1098f</run_address>
         <size>0x257</size>
         <input_file_ref idref="fl-f7"/>
      </object_component>
      <object_component id="oc-185">
         <name>.debug_info</name>
         <load_address>0x10be6</load_address>
         <run_address>0x10be6</run_address>
         <size>0x280</size>
         <input_file_ref idref="fl-f7"/>
      </object_component>
      <object_component id="oc-15f">
         <name>.debug_info</name>
         <load_address>0x10e66</load_address>
         <run_address>0x10e66</run_address>
         <size>0x22a</size>
         <input_file_ref idref="fl-f7"/>
      </object_component>
      <object_component id="oc-f0">
         <name>.debug_info</name>
         <load_address>0x11090</load_address>
         <run_address>0x11090</run_address>
         <size>0x2ed</size>
         <input_file_ref idref="fl-f7"/>
      </object_component>
      <object_component id="oc-14d">
         <name>.debug_info</name>
         <load_address>0x1137d</load_address>
         <run_address>0x1137d</run_address>
         <size>0x229</size>
         <input_file_ref idref="fl-f7"/>
      </object_component>
      <object_component id="oc-153">
         <name>.debug_info</name>
         <load_address>0x115a6</load_address>
[...]
      </symbol>
      <symbol id="sm-144">
         <name>Error</name>
         <value>0x2000699f</value>
         <object_component_ref idref="oc-fb"/>
      </symbol>
      <symbol id="sm-145">
         <name>InitTerm</name>
         <value>0x20006955</value>
         <object_component_ref idref="oc-fb"/>
      </symbol>
      <symbol id="sm-146">
         <name>ClearTerm</name>
         <value>0x20006995</value>
         <object_component_ref idref="oc-fb"/>
      </symbol>
      <symbol id="sm-147">
         <name>TrimSpace</name>
         <value>0x20006a7d</value>
         <object_component_ref idref="oc-fb"/>
      </symbol>
      <symbol id="sm-157">
         <name>_c_int00</name>
         <value>0x20008195</value>
         <object_component_ref idref="oc-24"/>
      </symbol>
      <symbol id="sm-158">
         <name>__stack</name>
         <value>0x2002f000</value>
         <object_component_ref idref="oc-29"/>
      </symbol>
      <symbol id="sm-176">
         <name>__TI_decompress_lzss</name>
         <value>0x20007eaf</value>
         <object_component_ref idref="oc-12"/>
      </symbol>
      <symbol id="sm-18d">
         <name>__TI_decompress_none</name>
         <value>0x200085d9</value>
         <object_component_ref idref="oc-18"/>
      </symbol>
      <symbol id="sm-19f">
         <name>__TI_zero_init</name>
         <value>0x200085f5</value>
         <object_component_ref idref="oc-1e"/>
      </symbol>
      <symbol id="sm-22f">
         <name>pow</name>
         <value>0x20005525</value>
         <object_component_ref idref="oc-20b"/>
      </symbol>
      <symbol id="sm-230">
         <name>powl</name>
         <value>0x20005525</value>
         <object_component_ref idref="oc-20b"/>
      </symbol>
      <symbol id="sm-254">
         <name>sqrtl</name>
         <value>0x200070f9</value>
         <object_component_ref idref="oc-29c"/>
      </symbol>
      <symbol id="sm-255">
         <name>sqrt</name>
         <value>0x200070f9</value>
         <object_component_ref idref="oc-29c"/>
      </symbol>
      <symbol id="sm-25d">
         <name>errno</name>
         <value>0x2001f020</value>
         <object_component_ref idref="oc-2a2"/>
      </symbol>
      <symbol id="sm-27e">
         <name>C$$EXIT</name>
         <value>0x20007fcd</value>
         <object_component_ref idref="oc-71"/>
      </symbol>
      <symbol id="sm-27f">
         <name>abort</name>
         <value>0x20007fd1</value>
         <object_component_ref idref="oc-71"/>
      </symbol>
      <symbol id="sm-280">
         <name>exit</name>
         <value>0x20007fd9</value>
         <object_component_ref idref="oc-71"/>
      </symbol>
      <symbol id="sm-281">
         <name>__TI_dtors_ptr</name>
         <value>0x2001f004</value>
         <object_component_ref idref="oc-b0"/>
      </symbol>
      <symbol id="sm-282">
         <name>__TI_cleanup_ptr</name>
         <value>0x2001f000</value>
         <object_component_ref idref="oc-b0"/>
      </symbol>
      <symbol id="sm-283">
         <name>__TI_enable_exit_profile_output</name>
         <value>0x2001f008</value>
         <object_component_ref idref="oc-b0"/>
      </symbol>
      <symbol id="sm-29a">
         <name>__aeabi_dsub</name>
         <value>0x20006dc9</value>
         <object_component_ref idref="oc-201"/>
      </symbol>
      <symbol id="sm-29b">
         <name>__aeabi_dadd</name>
         <value>0x20006dd3</value>
         <object_component_ref idref="oc-201"/>
      </symbol>
      <symbol id="sm-2bd">
         <name>__aeabi_cdcmpeq</name>
         <value>0x200079e1</value>
         <object_component_ref idref="oc-2a8"/>
      </symbol>
      <symbol id="sm-2be">
         <name>__aeabi_cdcmple</name>
         <value>0x200079e1</value>
         <object_component_ref idref="oc-2a8"/>
      </symbol>
      <symbol id="sm-2bf">
         <name>__aeabi_cdrcmple</name>
         <value>0x20007a67</value>
         <object_component_ref idref="oc-2ad"/>
      </symbol>
      <symbol id="sm-2d3">
         <name>__aeabi_ddiv</name>
         <value>0x20007269</value>
         <object_component_ref idref="oc-211"/>
      </symbol>
      <symbol id="sm-2de">
         <name>__aeabi_dmul</name>
         <value>0x2000739f</value>
         <object_component_ref idref="oc-206"/>
      </symbol>
      <symbol id="sm-2ea">
         <name>__aeabi_d2f</name>
         <value>0x20007e41</value>
         <object_component_ref idref="oc-21b"/>
      </symbol>
      <symbol id="sm-2fb">
         <name>__aeabi_fadd</name>
         <value>0x2000749f</value>
         <object_component_ref idref="oc-22a"/>
      </symbol>
      <symbol id="sm-2fc">
         <name>__aeabi_fsub</name>
         <value>0x2000749b</value>
         <object_component_ref idref="oc-22a"/>
      </symbol>
      <symbol id="sm-309">
         <name>__aeabi_fdiv</name>
         <value>0x2000783d</value>
         <object_component_ref idref="oc-225"/>
      </symbol>
      <symbol id="sm-313">
         <name>__aeabi_fmul</name>
         <value>0x20007bf1</value>
         <object_component_ref idref="oc-220"/>
      </symbol>
      <symbol id="sm-31e">
         <name>__aeabi_f2d</name>
         <value>0x20008211</value>
         <object_component_ref idref="oc-10d"/>
      </symbol>
      <symbol id="sm-328">
         <name>__aeabi_i2d</name>
         <value>0x200082e1</value>
         <object_component_ref idref="oc-216"/>
      </symbol>
      <symbol id="sm-343">
         <name>memcpy</name>
         <value>0x2000770d</value>
         <object_component_ref idref="oc-41"/>
      </symbol>
      <symbol id="sm-344">
         <name>__aeabi_memcpy</name>
         <value>0x2000770d</value>
         <object_component_ref idref="oc-41"/>
      </symbol>
      <symbol id="sm-345">
         <name>__aeabi_memcpy8</name>
         <value>0x2000770d</value>
         <object_component_ref idref="oc-41"/>
      </symbol>
      <symbol id="sm-346">
         <name>__aeabi_memcpy4</name>
         <value>0x2000770d</value>
         <object_component_ref idref="oc-41"/>
      </symbol>
      <symbol id="sm-356">
         <name>memmove</name>
         <value>0x200083b5</value>
         <object_component_ref idref="oc-1ae"/>
      </symbol>
      <symbol id="sm-3ca">
         <name>_sys_memory</name>
         <value>0x20017000</value>
         <object_component_ref idref="oc-2a"/>
      </symbol>
      <symbol id="sm-3cb">
         <name>free</name>
         <value>0x200063eb</value>
         <object_component_ref idref="oc-1b4"/>
      </symbol>
      <symbol id="sm-3cc">
         <name>realloc</name>
         <value>0x200064ad</value>
         <object_component_ref idref="oc-1b4"/>
      </symbol>
      <symbol id="sm-3cd">
         <name>memalign</name>
         <value>0x200065b5</value>
         <object_component_ref idref="oc-1b4"/>
      </symbol>
      <symbol id="sm-3ce">
         <name>calloc</name>
         <value>0x200066a1</value>
         <object_component_ref idref="oc-1b4"/>
      </symbol>
      <symbol id="sm-3cf">
         <name>malloc</name>
         <value>0x20006381</value>
         <object_component_ref idref="oc-1b4"/>
      </symbol>
      <symbol id="sm-3d0">
         <name>minit</name>
         <value>0x20006301</value>
         <object_component_ref idref="oc-1b4"/>
      </symbol>
      <symbol id="sm-3df">
         <name>__aeabi_memset</name>
         <value>0x20007c6d</value>
         <object_component_ref idref="oc-4d"/>
      </symbol>
      <symbol id="sm-3e0">
         <name>memset</name>
         <value>0x20007c73</value>
         <object_component_ref idref="oc-4d"/>
      </symbol>
      <symbol id="sm-3e1">
         <name>__aeabi_memset8</name>
         <value>0x20007c6d</value>
         <object_component_ref idref="oc-4d"/>
      </symbol>
      <symbol id="sm-3e2">
         <name>__aeabi_memset4</name>
         <value>0x20007c6d</value>
         <object_component_ref idref="oc-4d"/>
      </symbol>
      <symbol id="sm-3e3">
         <name>__aeabi_memclr8</name>
         <value>0x20007c6b</value>
         <object_component_ref idref="oc-4d"/>
      </symbol>
      <symbol id="sm-3e4">
         <name>__aeabi_memclr4</name>
         <value>0x20007c6b</value>
         <object_component_ref idref="oc-4d"/>
      </symbol>
      <symbol id="sm-3e5">
         <name>__aeabi_memclr</name>
         <value>0x20007c6b</value>
         <object_component_ref idref="oc-4d"/>
      </symbol>
      <symbol id="sm-3ef">
         <name>__mpu_init</name>
         <value>0x20005523</value>
         <object_component_ref idref="oc-59"/>
      </symbol>
      <symbol id="sm-3f9">
         <name>_system_pre_init</name>
         <value>0x20008619</value>
         <object_component_ref idref="oc-5f"/>
      </symbol>
      <symbol id="sm-41c">
         <name>scalbn</name>
         <value>0x20007595</value>
         <object_component_ref idref="oc-2b2"/>
      </symbol>
      <symbol id="sm-41d">
         <name>scalbnl</name>
         <value>0x20007595</value>
         <object_component_ref idref="oc-2b2"/>
      </symbol>
      <symbol id="sm-41e">
         <name>ldexpl</name>
         <value>0x20007595</value>
         <object_component_ref idref="oc-2b2"/>
      </symbol>
      <symbol id="sm-41f">
         <name>ldexp</name>
         <value>0x20007595</value>
         <object_component_ref idref="oc-2b2"/>
      </symbol>
      <symbol id="sm-427">
         <name>main_func_sp</name>
         <value>0x2001f024</value>
         <object_component_ref idref="oc-77"/>
      </symbol>
      <symbol id="sm-436">
         <name>strlen</name>
         <value>0x20008581</value>
         <object_component_ref idref="oc-1a8"/>
      </symbol>
      <symbol id="sm-458">
         <name>vsnprintf</name>
         <value>0x20007959</value>
         <object_component_ref idref="oc-196"/>
      </symbol>
      <symbol id="sm-471">
         <name>_nop</name>
         <value>0x2000857b</value>
         <object_component_ref idref="oc-11d"/>
      </symbol>
      <symbol id="sm-472">
         <name>_lock</name>
         <value>0x2001f018</value>
         <object_component_ref idref="oc-b3"/>
      </symbol>
      <symbol id="sm-473">
         <name>_unlock</name>
         <value>0x2001f01c</value>
         <object_component_ref idref="oc-b3"/>
      </symbol>
      <symbol id="sm-474">
         <name>_register_lock</name>
         <value>0x20008573</value>
         <object_component_ref idref="oc-11d"/>
      </symbol>
      <symbol id="sm-475">
         <name>_register_unlock</name>
         <value>0x2000856d</value>
         <object_component_ref idref="oc-11d"/>
      </symbol>
      <symbol id="sm-576">
         <name>__TI_printfi</name>
         <value>0x20004c39</value>
         <object_component_ref idref="oc-262"/>
      </symbol>
      <symbol id="sm-58a">
         <name>_args_main</name>
         <value>0x200084bd</value>
         <object_component_ref idref="oc-6b"/>
      </symbol>
      <symbol id="sm-5a0">
         <name>atoi</name>
         <value>0x20008075</value>
         <object_component_ref idref="oc-2f6"/>
      </symbol>
      <symbol id="sm-5ca">
         <name>__TI_auto_init</name>
         <value>0x20007dd1</value>
         <object_component_ref idref="oc-65"/>
      </symbol>
      <symbol id="sm-5e4">
         <name>copy_in</name>
         <value>0x200080c1</value>
         <object_component_ref idref="oc-9a"/>
      </symbol>
      <symbol id="sm-5ef">
         <name>_ctypes_</name>
         <value>0x20008620</value>
         <object_component_ref idref="oc-33b"/>
      </symbol>
      <symbol id="sm-5f9">
         <name>__aeabi_d2iz</name>
         <value>0x2000810d</value>
         <object_component_ref idref="oc-2df"/>
      </symbol>
      <symbol id="sm-608">
         <name>ltoa</name>
         <value>0x20008021</value>
         <object_component_ref idref="oc-2e4"/>
      </symbol>
      <symbol id="sm-618">
         <name>memccpy</name>
         <value>0x2000846f</value>
         <object_component_ref idref="oc-2fc"/>
      </symbol>
      <symbol id="sm-622">
         <name>copysign</name>
         <value>0x2000860b</value>
         <object_component_ref idref="oc-321"/>
      </symbol>
      <symbol id="sm-623">
         <name>copysignl</name>
         <value>0x2000860b</value>
         <object_component_ref idref="oc-321"/>
      </symbol>
      <symbol id="sm-639">
         <name>frexpl</name>
         <value>0x20007f19</value>
         <object_component_ref idref="oc-2ea"/>
      </symbol>
      <symbol id="sm-63a">
         <name>frexp</name>
         <value>0x20007f19</value>
         <object_component_ref idref="oc-2ea"/>
      </symbol>
      <symbol id="sm-644">
         <name>_system_post_cinit</name>
         <value>0x20006f7f</value>
         <object_component_ref idref="oc-a0"/>
      </symbol>
      <symbol id="sm-654">
         <name>strchr</name>
         <value>0x2000852d</value>
         <object_component_ref idref="oc-2f0"/>
      </symbol>
      <symbol id="sm-672">
         <name>__aeabi_uldivmod</name>
         <value>0x20006bd5</value>
         <object_component_ref idref="oc-2da"/>
      </symbol>
      <symbol id="sm-67e">
         <name>GPIODirModeSet</name>
         <value>0x20008249</value>
         <object_component_ref idref="oc-177"/>
      </symbol>
      <symbol id="sm-6dd">
         <name>I2CMasterDataPut</name>
         <value>0x200084d5</value>
         <object_component_ref idref="oc-1ed"/>
      </symbol>
      <symbol id="sm-6de">
         <name>I2CMasterInitExpClk</name>
         <value>0x20007aed</value>
         <object_component_ref idref="oc-1f9"/>
      </symbol>
      <symbol id="sm-6df">
         <name>I2CMasterIntClearEx</name>
         <value>0x200085a7</value>
         <object_component_ref idref="oc-1cf"/>
      </symbol>
      <symbol id="sm-6e0">
         <name>I2CMasterSlaveAddrSet</name>
         <value>0x200083d9</value>
         <object_component_ref idref="oc-1e7"/>
      </symbol>
      <symbol id="sm-6e1">
         <name>I2CMasterDataGet</name>
         <value>0x200085cb</value>
         <object_component_ref idref="oc-1f3"/>
      </symbol>
      <symbol id="sm-6e2">
         <name>I2CMasterErr</name>
         <value>0x2000830f</value>
         <object_component_ref idref="oc-1e1"/>
      </symbol>
      <symbol id="sm-6e3">
         <name>I2CMasterTimeoutSet</name>
         <value>0x200085b9</value>
         <object_component_ref idref="oc-1d5"/>
      </symbol>
      <symbol id="sm-6e4">
         <name>I2CMasterControl</name>
         <value>0x20008595</value>
         <object_component_ref idref="oc-1db"/>
      </symbol>
      <symbol id="sm-6e5">
         <name>I2CMasterEnable</name>
         <value>0x200084eb</value>
         <object_component_ref idref="oc-291"/>
      </symbol>
      <symbol id="sm-6e6">
         <name>I2CMasterIntStatusEx</name>
         <value>0x200083fb</value>
         <object_component_ref idref="oc-1c9"/>
      </symbol>
      <symbol id="sm-715">
         <name>IntVTableBaseSet</name>
         <value>0x20008559</value>
         <object_component_ref idref="oc-dd"/>
      </symbol>
      <symbol id="sm-716">
         <name>IntEnable</name>
         <value>0x20007665</value>
         <object_component_ref idref="oc-e9"/>
      </symbol>
      <symbol id="sm-717">
         <name>IntMasterEnable</name>
         <value>0x20008601</value>
         <object_component_ref idref="oc-e3"/>
      </symbol>
      <symbol id="sm-756">
         <name>PinTypeI2C</name>
         <value>0x20008437</value>
         <object_component_ref idref="oc-17d"/>
      </symbol>
      <symbol id="sm-757">
         <name>PinTypeUART</name>
         <value>0x2000848b</value>
         <object_component_ref idref="oc-16b"/>
      </symbol>
      <symbol id="sm-758">
         <name>PinTypeGPIO</name>
         <value>0x2000827f</value>
         <object_component_ref idref="oc-171"/>
      </symbol>
      <symbol id="sm-759">
         <name>PinConfigSet</name>
         <value>0x200078d1</value>
         <object_component_ref idref="oc-249"/>
      </symbol>
      <symbol id="sm-75a">
         <name>PinModeSet</name>
         <value>0x20008155</value>
         <object_component_ref idref="oc-243"/>
      </symbol>
      <symbol id="sm-7e0">
         <name>PRCMPeripheralReset</name>
         <value>0x20007f75</value>
         <object_component_ref idref="oc-15e"/>
      </symbol>
      <symbol id="sm-7e1">
         <name>PRCMPeripheralClkEnable</name>
         <value>0x200081d5</value>
         <object_component_ref idref="oc-158"/>
      </symbol>
      <symbol id="sm-7e2">
         <name>PRCMPeripheralClockGet</name>
         <value>0x200077a9</value>
         <object_component_ref idref="oc-184"/>
      </symbol>
      <symbol id="sm-7e3">
         <name>PRCMCC3200MCUInit</name>
         <value>0x20006f81</value>
         <object_component_ref idref="oc-ef"/>
      </symbol>
      <symbol id="sm-7e4">
         <name>PRCMHIBRegWrite</name>
         <value>0x20008517</value>
         <object_component_ref idref="oc-152"/>
      </symbol>
      <symbol id="sm-7e5">
         <name>PRCMSysResetCauseGet</name>
         <value>0x2000833d</value>
         <object_component_ref idref="oc-146"/>
      </symbol>
      <symbol id="sm-7e6">
         <name>PRCMPeripheralClkDisable</name>
         <value>0x20008369</value>
         <object_component_ref idref="oc-164"/>
      </symbol>
      <symbol id="sm-7e7">
         <name>PRCMHIBRegRead</name>
         <value>0x20008501</value>
         <object_component_ref idref="oc-14c"/>
      </symbol>
      <symbol id="sm-823">
         <name>UARTConfigSetExpClk</name>
         <value>0x20007ce5</value>
         <object_component_ref idref="oc-18a"/>
      </symbol>
      <symbol id="sm-824">
         <name>UARTDisable</name>
         <value>0x200082b1</value>
         <object_component_ref idref="oc-254"/>
      </symbol>
      <symbol id="sm-825">
         <name>UARTCharsAvail</name>
         <value>0x200084a5</value>
         <object_component_ref idref="oc-19c"/>
      </symbol>
      <symbol id="sm-826">
         <name>UARTCharGetNonBlocking</name>
         <value>0x20008453</value>
         <object_component_ref idref="oc-1a2"/>
      </symbol>
      <symbol id="sm-827">
         <name>UARTCharPut</name>
         <value>0x20008419</value>
         <object_component_ref idref="oc-190"/>
      </symbol>
      <symbol id="sm-828">
         <name>UARTEnable</name>
         <value>0x20008391</value>
         <object_component_ref idref="oc-25a"/>
      </symbol>
      <symbol id="sm-82c">
         <name>UtilsDelay</name>
         <value>0x20008613</value>
         <object_component_ref idref="oc-112"/>
      </symbol>
      <symbol id="sm-836">
         <name>CPUcpsie</name>
         <value>0x20008543</value>
         <object_component_ref idref="oc-136"/>
      </symbol>
      <symbol id="sm-838">
         <name>__TI_static_base__</name>
         <value>0x20008918</value>
      </symbol>
      <symbol id="sm-83b">
         <name>SHT$$INIT_ARRAY$$Limit</name>
         <value>0x0</value>
      </symbol>
      <symbol id="sm-83c">
         <name>SHT$$INIT_ARRAY$$Base</name>
         <value>0x0</value>
      </symbol>
   </symbol_table>
   <title>Link successful</title>
</link_info>
